Archive member included to satisfy reference by file (symbol)

/Applications/STM32CubeIDE.app/Contents/Eclipse/plugins/com.st.stm32cube.ide.mcu.externaltools.gnu-tools-for-stm32.13.3.rel1.macos64_1.0.100.202509120712/tools/bin/../lib/gcc/arm-none-eabi/13.3.1/../../../../arm-none-eabi/lib/thumb/v7e-m+fp/hard/libc_nano.a(libc_a-exit.o)
                              /Applications/STM32CubeIDE.app/Contents/Eclipse/plugins/com.st.stm32cube.ide.mcu.externaltools.gnu-tools-for-stm32.13.3.rel1.macos64_1.0.100.202509120712/tools/bin/../lib/gcc/arm-none-eabi/13.3.1/../../../../arm-none-eabi/lib/thumb/v7e-m+fp/hard/crt0.o (exit)
/Applications/STM32CubeIDE.app/Contents/Eclipse/plugins/com.st.stm32cube.ide.mcu.externaltools.gnu-tools-for-stm32.13.3.rel1.macos64_1.0.100.202509120712/tools/bin/../lib/gcc/arm-none-eabi/13.3.1/../../../../arm-none-eabi/lib/thumb/v7e-m+fp/hard/libc_nano.a(libc_a-nano-vfprintf_float.o)
                              (_printf_float)
/Applications/STM32CubeIDE.app/Contents/Eclipse/plugins/com.st.stm32cube.ide.mcu.externaltools.gnu-tools-for-stm32.13.3.rel1.macos64_1.0.100.202509120712/tools/bin/../lib/gcc/arm-none-eabi/13.3.1/../../../../arm-none-eabi/lib/thumb/v7e-m+fp/hard/libc_nano.a(libc_a-malloc.o)
                              ./Middlewares/ST/STM32_USB_Host_Library/Class/CDC/Src/usbh_cdc.o (malloc)
/Applications/STM32CubeIDE.app/Contents/Eclipse/plugins/com.st.stm32cube.ide.mcu.externaltools.gnu-tools-for-stm32.13.3.rel1.macos64_1.0.100.202509120712/tools/bin/../lib/gcc/arm-none-eabi/13.3.1/../../../../arm-none-eabi/lib/thumb/v7e-m+fp/hard/libc_nano.a(libc_a-mallocr.o)
                              /Applications/STM32CubeIDE.app/Contents/Eclipse/plugins/com.st.stm32cube.ide.mcu.externaltools.gnu-tools-for-stm32.13.3.rel1.macos64_1.0.100.202509120712/tools/bin/../lib/gcc/arm-none-eabi/13.3.1/../../../../arm-none-eabi/lib/thumb/v7e-m+fp/hard/libc_nano.a(libc_a-malloc.o) (_malloc_r)
/Applications/STM32CubeIDE.app/Contents/Eclipse/plugins/com.st.stm32cube.ide.mcu.externaltools.gnu-tools-for-stm32.13.3.rel1.macos64_1.0.100.202509120712/tools/bin/../lib/gcc/arm-none-eabi/13.3.1/../../../../arm-none-eabi/lib/thumb/v7e-m+fp/hard/libc_nano.a(libc_a-nano-vfprintf_i.o)
                              /Applications/STM32CubeIDE.app/Contents/Eclipse/plugins/com.st.stm32cube.ide.mcu.externaltools.gnu-tools-for-stm32.13.3.rel1.macos64_1.0.100.202509120712/tools/bin/../lib/gcc/arm-none-eabi/13.3.1/../../../../arm-none-eabi/lib/thumb/v7e-m+fp/hard/libc_nano.a(libc_a-nano-vfprintf_float.o) (_printf_common)
/Applications/STM32CubeIDE.app/Contents/Eclipse/plugins/com.st.stm32cube.ide.mcu.externaltools.gnu-tools-for-stm32.13.3.rel1.macos64_1.0.100.202509120712/tools/bin/../lib/gcc/arm-none-eabi/13.3.1/../../../../arm-none-eabi/lib/thumb/v7e-m+fp/hard/libc_nano.a(libc_a-nano-vfscanf_float.o)
                              (_scanf_float)
/Applications/STM32CubeIDE.app/Contents/Eclipse/plugins/com.st.stm32cube.ide.mcu.externaltools.gnu-tools-for-stm32.13.3.rel1.macos64_1.0.100.202509120712/tools/bin/../lib/gcc/arm-none-eabi/13.3.1/../../../../arm-none-eabi/lib/thumb/v7e-m+fp/hard/libc_nano.a(libc_a-snprintf.o)
                              ./Core/Src/freertos.o (snprintf)
/Applications/STM32CubeIDE.app/Contents/Eclipse/plugins/com.st.stm32cube.ide.mcu.externaltools.gnu-tools-for-stm32.13.3.rel1.macos64_1.0.100.202509120712/tools/bin/../lib/gcc/arm-none-eabi/13.3.1/../../../../arm-none-eabi/lib/thumb/v7e-m+fp/hard/libc_nano.a(libc_a-mlock.o)
                              /Applications/STM32CubeIDE.app/Contents/Eclipse/plugins/com.st.stm32cube.ide.mcu.externaltools.gnu-tools-for-stm32.13.3.rel1.macos64_1.0.100.202509120712/tools/bin/../lib/gcc/arm-none-eabi/13.3.1/../../../../arm-none-eabi/lib/thumb/v7e-m+fp/hard/libc_nano.a(libc_a-mallocr.o) (__malloc_lock)
/Applications/STM32CubeIDE.app/Contents/Eclipse/plugins/com.st.stm32cube.ide.mcu.externaltools.gnu-tools-for-stm32.13.3.rel1.macos64_1.0.100.202509120712/tools/bin/../lib/gcc/arm-none-eabi/13.3.1/../../../../arm-none-eabi/lib/thumb/v7e-m+fp/hard/libc_nano.a(libc_a-sprintf.o)
                              /Applications/STM32CubeIDE.app/Contents/Eclipse/plugins/com.st.stm32cube.ide.mcu.externaltools.gnu-tools-for-stm32.13.3.rel1.macos64_1.0.100.202509120712/tools/bin/../lib/gcc/arm-none-eabi/13.3.1/../../../../arm-none-eabi/lib/thumb/v7e-m+fp/hard/libc_nano.a(libc_a-nano-vfscanf_float.o) (sprintf)
/Applications/STM32CubeIDE.app/Contents/Eclipse/plugins/com.st.stm32cube.ide.mcu.externaltools.gnu-tools-for-stm32.13.3.rel1.macos64_1.0.100.202509120712/tools/bin/../lib/gcc/arm-none-eabi/13.3.1/../../../../arm-none-eabi/lib/thumb/v7e-m+fp/hard/libc_nano.a(libc_a-sscanf.o)
                              ./Core/Src/freertos.o (sscanf)
[...]
Memory Configuration

Name             Origin             Length             Attributes
CCMRAM           0x10000000         0x00010000         xrw
RAM              0x20000000         0x00020000         xrw
FLASH            0x08000000         0x00100000         xr
*default*        0x00000000         0xffffffff

Linker script and memory map

LOAD /Applications/STM32CubeIDE.app/Contents/Eclipse/plugins/com.st.stm32cube.ide.mcu.externaltools.gnu-tools-for-stm32.13.3.rel1.macos64_1.0.100.202509120712/tools/bin/../lib/gcc/arm-none-eabi/13.3.1/thumb/v7e-m+fp/hard/crti.o
LOAD /Applications/STM32CubeIDE.app/Contents/Eclipse/plugins/com.st.stm32cube.ide.mcu.externaltools.gnu-tools-for-stm32.13.3.rel1.macos64_1.0.100.202509120712/tools/bin/../lib/gcc/arm-none-eabi/13.3.1/thumb/v7e-m+fp/hard/crtbegin.o
LOAD /Applications/STM32CubeIDE.app/Contents/Eclipse/plugins/com.st.stm32cube.ide.mcu.externaltools.gnu-tools-for-stm32.13.3.rel1.macos64_1.0.100.202509120712/tools/bin/../lib/gcc/arm-none-eabi/13.3.1/../../../../arm-none-eabi/lib/thumb/v7e-m+fp/hard/crt0.o
LOAD ./Core/Src/freertos.o
LOAD ./Core/Src/gpio.o
LOAD ./Core/Src/i2c.o
LOAD ./Core/Src/i2s.o
LOAD ./Core/Src/liquidcrystal_i2c.o
LOAD ./Core/Src/main.o
LOAD ./Core/Src/stm32f4xx_hal_msp.o
LOAD ./Core/Src/stm32f4xx_hal_timebase_tim.o
LOAD ./Core/Src/stm32f4xx_it.o
LOAD ./Core/Src/syscalls.o
LOAD ./Core/Src/sysmem.o
LOAD ./Core/Src/system_stm32f4xx.o
LOAD ./Core/Src/tim.o
LOAD ./Core/Src/usart.o
LOAD ./Core/Startup/startup_stm32f407vgtx.o
LOAD ./Drivers/STM32F4xx_HAL_Driver/Src/stm32f4xx_hal.o
LOAD ./Drivers/STM32F4xx_HAL_Driver/Src/stm32f4xx_hal_cortex.o
LOAD ./Drivers/STM32F4xx_HAL_Driver/Src/stm32f4xx_hal_dma.o
LOAD ./Drivers/STM32F4xx_HAL_Driver/Src/stm32f4xx_hal_dma_ex.o
LOAD ./Drivers/STM32F4xx_HAL_Driver/Src/stm32f4xx_hal_exti.o
LOAD ./Drivers/STM32F4xx_HAL_Driver/Src/stm32f4xx_hal_flash.o
LOAD ./Drivers/STM32F4xx_HAL_Driver/Src/stm32f4xx_hal_flash_ex.o
LOAD ./Drivers/STM32F4xx_HAL_Driver/Src/stm32f4xx_hal_flash_ramfunc.o
LOAD ./Drivers/STM32F4xx_HAL_Driver/Src/stm32f4xx_hal_gpio.o
LOAD ./Drivers/STM32F4xx_HAL_Driver/Src/stm32f4xx_hal_hcd.o
LOAD ./Drivers/STM32F4xx_HAL_Driver/Src/stm32f4xx_hal_i2c.o
LOAD ./Drivers/STM32F4xx_HAL_Driver/Src/stm32f4xx_hal_i2c_ex.o
LOAD ./Drivers/STM32F4xx_HAL_Driver/Src/stm32f4xx_hal_i2s.o
LOAD ./Drivers/STM32F4xx_HAL_Driver/Src/stm32f4xx_hal_i2s_ex.o
LOAD ./Drivers/STM32F4xx_HAL_Driver/Src/stm32f4xx_hal_pwr.o
LOAD ./Drivers/STM32F4xx_HAL_Driver/Src/stm32f4xx_hal_pwr_ex.o
LOAD ./Drivers/STM32F4xx_HAL_Driver/Src/stm32f4xx_hal_rcc.o
LOAD ./Drivers/STM32F4xx_HAL_Driver/Src/stm32f4xx_hal_rcc_ex.o
LOAD ./Drivers/STM32F4xx_HAL_Driver/Src/stm32f4xx_hal_tim.o
LOAD ./Drivers/STM32F4xx_HAL_Driver/Src/stm32f4xx_hal_tim_ex.o
LOAD ./Drivers/STM32F4xx_HAL_Driver/Src/stm32f4xx_hal_uart.o
LOAD ./Drivers/STM32F4xx_HAL_Driver/Src/stm32f4xx_ll_usb.o
LOAD ./Middlewares/ST/STM32_USB_Host_Library/Class/CDC/Src/usbh_cdc.o
LOAD ./Middlewares/ST/STM32_USB_Host_Library/Core/Src/usbh_core.o
LOAD ./Middlewares/ST/STM32_USB_Host_Library/Core/Src/usbh_ctlreq.o
LOAD ./Middlewares/ST/STM32_USB_Host_Library/Core/Src/usbh_ioreq.o
LOAD ./Middlewares/ST/STM32_USB_Host_Library/Core/Src/usbh_pipes.o
LOAD ./Middlewares/Third_Party/FreeRTOS/Source/CMSIS_RTOS_V2/cmsis_os2.o
LOAD ./Middlewares/Third_Party/FreeRTOS/Source/croutine.o
LOAD ./Middlewares/Third_Party/FreeRTOS/Source/event_groups.o
LOAD ./Middlewares/Third_Party/FreeRTOS/Source/list.o
LOAD ./Middlewares/Third_Party/FreeRTOS/Source/queue.o
LOAD ./Middlewares/Third_Party/FreeRTOS/Source/stream_buffer.o
LOAD ./Middlewares/Third_Party/FreeRTOS/Source/tasks.o
LOAD ./Middlewares/Third_Party/FreeRTOS/Source/timers.o
LOAD ./Middlewares/Third_Party/FreeRTOS/Source/portable/GCC/ARM_CM4F/port.o
LOAD ./Middlewares/Third_Party/FreeRTOS/Source/portable/MemMang/heap_4.o
LOAD ./USB_HOST/App/usb_host.o
LOAD ./USB_HOST/Target/usbh_conf.o
LOAD ./USB_HOST/Target/usbh_platform.o
START GROUP
LOAD /Applications/STM32CubeIDE.app/Contents/Eclipse/plugins/com.st.stm32cube.ide.mcu.externaltools.gnu-tools-for-stm32.13.3.rel1.macos64_1.0.100.202509120712/tools/bin/../lib/gcc/arm-none-eabi/13.3.1/../../../../arm-none-eabi/lib/thumb/v7e-m+fp/hard/libc_nano.a
LOAD /Applications/STM32CubeIDE.app/Contents/Eclipse/plugins/com.st.stm32cube.ide.mcu.externaltools.gnu-tools-for-stm32.13.3.rel1.macos64_1.0.100.202509120712/tools/bin/../lib/gcc/arm-none-eabi/13.3.1/../../../../arm-none-eabi/lib/thumb/v7e-m+fp/hard/libm.a
END GROUP
START GROUP
LOAD /Applications/STM32CubeIDE.app/Contents/Eclipse/plugins/com.st.stm32cube.ide.mcu.externaltools.gnu-tools-for-stm32.13.3.rel1.macos64_1.0.100.202509120712/tools/bin/../lib/gcc/arm-none-eabi/13.3.1/thumb/v7e-m+fp/hard/libgcc.a
LOAD /Applications/STM32CubeIDE.app/Contents/Eclipse/plugins/com.st.stm32cube.ide.mcu.externaltools.gnu-tools-for-stm32.13.3.rel1.macos64_1.0.100.202509120712/tools/bin/../lib/gcc/arm-none-eabi/13.3.1/../../../../arm-none-eabi/lib/thumb/v7e-m+fp/hard/libc_nano.a
END GROUP
START GROUP
LOAD /Applications/STM32CubeIDE.app/Contents/Eclipse/plugins/com.st.stm32cube.ide.mcu.externaltools.gnu-tools-for-stm32.13.3.rel1.macos64_1.0.100.202509120712/tools/bin/../lib/gcc/arm-none-eabi/13.3.1/thumb/v7e-m+fp/hard/libgcc.a
LOAD /Applications/STM32CubeIDE.app/Contents/Eclipse/plugins/com.st.stm32cube.ide.mcu.externaltools.gnu-tools-for-stm32.13.3.rel1.macos64_1.0.100.202509120712/tools/bin/../lib/gcc/arm-none-eabi/13.3.1/../../../../arm-none-eabi/lib/thumb/v7e-m+fp/hard/libc_nano.a
LOAD /Applications/STM32CubeIDE.app/Contents/Eclipse/plugins/com.st.stm32cube.ide.mcu.externaltools.gnu-tools-for-stm32.13.3.rel1.macos64_1.0.100.202509120712/tools/bin/../lib/gcc/arm-none-eabi/13.3.1/../../../../arm-none-eabi/lib/thumb/v7e-m+fp/hard/libnosys.a
END GROUP
START GROUP
LOAD /Applications/STM32CubeIDE.app/Contents/Eclipse/plugins/com.st.stm32cube.ide.mcu.externaltools.gnu-tools-for-stm32.13.3.rel1.macos64_1.0.100.202509120712/tools/bin/../lib/gcc/arm-none-eabi/13.3.1/thumb/v7e-m+fp/hard/libgcc.a
LOAD /Applications/STM32CubeIDE.app/Contents/Eclipse/plugins/com.st.stm32cube.ide.mcu.externaltools.gnu-tools-for-stm32.13.3.rel1.macos64_1.0.100.202509120712/tools/bin/../lib/gcc/arm-none-eabi/13.3.1/../../../../arm-none-eabi/lib/thumb/v7e-m+fp/hard/libc_nano.a
LOAD /Applications/STM32CubeIDE.app/Contents/Eclipse/plugins/com.st.stm32cube.ide.mcu.externaltools.gnu-tools-for-stm32.13.3.rel1.macos64_1.0.100.202509120712/tools/bin/../lib/gcc/arm-none-eabi/13.3.1/../../../../arm-none-eabi/lib/thumb/v7e-m+fp/hard/libnosys.a
END GROUP
LOAD /Applications/STM32CubeIDE.app/Contents/Eclipse/plugins/com.st.stm32cube.ide.mcu.externaltools.gnu-tools-for-stm32.13.3.rel1.macos64_1.0.100.202509120712/tools/bin/../lib/gcc/arm-none-eabi/13.3.1/thumb/v7e-m+fp/hard/crtend.o
LOAD /Applications/STM32CubeIDE.app/Contents/Eclipse/plugins/com.st.stm32cube.ide.mcu.externaltools.gnu-tools-for-stm32.13.3.rel1.macos64_1.0.100.202509120712/tools/bin/../lib/gcc/arm-none-eabi/13.3.1/thumb/v7e-m+fp/hard/crtn.o
                0x20020000                        _estack = (ORIGIN (RAM) + LENGTH (RAM))
                0x00000200                        _Min_Heap_Size = 0x200
                0x00000400                        _Min_Stack_Size = 0x400

.isr_vector     0x08000000      0x188
                0x08000000                        . = ALIGN (0x4)
 *(.isr_vector)
 .isr_vector    0x08000000      0x188 ./Core/Startup/startup_stm32f407vgtx.o
                0x08000000                g_pfnVectors
                0x08000188                        . = ALIGN (0x4)

.text           0x08000190    0x152dc
                0x08000190                        . = ALIGN (0x4)
 *(.text)
 .text          0x08000190       0x40 /Applications/STM32CubeIDE.app/Contents/Eclipse/plugins/com.st.stm32cube.ide.mcu.externaltools.gnu-tools-for-stm32.13.3.rel1.macos64_1.0.100.202509120712/tools/bin/../lib/gcc/arm-none-eabi/13.3.1/thumb/v7e-m+fp/hard/crtbegin.o
 .text          0x080001d0       0xa0 /Applications/STM32CubeIDE.app/Contents/Eclipse/plugins/com.st.stm32cube.ide.mcu.externaltools.gnu-tools-for-stm32.13.3.rel1.macos64_1.0.100.202509120712/tools/bin/../lib/gcc/arm-none-eabi/13.3.1/../../../../arm-none-eabi/lib/thumb/v7e-m+fp/hard/libc_nano.a(libc_a-memchr.o)
                0x080001d0                memchr
 .text          0x08000270       0x10 /Applications/STM32CubeIDE.app/Contents/Eclipse/plugins/com.st.stm32cube.ide.mcu.externaltools.gnu-tools-for-stm32.13.3.rel1.macos64_1.0.100.202509120712/tools/bin/../lib/gcc/arm-none-eabi/13.3.1/../../../../arm-none-eabi/lib/thumb/v7e-m+fp/hard/libc_nano.a(libc_a-strlen.o)
                0x08000270                strlen
 .text          0x08000280      0x378 /Applications/STM32CubeIDE.app/Contents/Eclipse/plugins/com.st.stm32cube.ide.mcu.externaltools.gnu-tools-for-stm32.13.3.rel1.macos64_1.0.100.202509120712/tools/bin/../lib/gcc/arm-none-eabi/13.3.1/thumb/v7e-m+fp/hard/libgcc.a(_arm_addsubdf3.o)
                0x08000280                __aeabi_drsub
                0x08000288                __subdf3
                0x08000288                __aeabi_dsub
                0x0800028c                __aeabi_dadd
                0x0800028c                __adddf3
                0x08000504                __aeabi_ui2d
                0x08000504                __floatunsidf
                0x08000524                __floatsidf
                0x08000524                __aeabi_i2d
                0x08000548                __extendsfdf2
                0x08000548                __aeabi_f2d
                0x0800058c                __aeabi_ul2d
                0x0800058c                __floatundidf
                0x0800059c                __aeabi_l2d
                0x0800059c                __floatdidf
 .text          0x080005f8      0x424 /Applications/STM32CubeIDE.app/Contents/Eclipse/plugins/com.st.stm32cube.ide.mcu.externaltools.gnu-tools-for-stm32.13.3.rel1.macos64_1.0.100.202509120712/tools/bin/../lib/gcc/arm-none-eabi/13.3.1/thumb/v7e-m+fp/hard/libgcc.a(_arm_muldivdf3.o)
                0x080005f8                __aeabi_dmul
                0x080005f8                __muldf3
                0x0800084c                __aeabi_ddiv
                0x0800084c                __divdf3
 .text          0x08000a1c      0x110 /Applications/STM32CubeIDE.app/Contents/Eclipse/plugins/com.st.stm32cube.ide.mcu.externaltools.gnu-tools-for-stm32.13.3.rel1.macos64_1.0.100.202509120712/tools/bin/../lib/gcc/arm-none-eabi/13.3.1/thumb/v7e-m+fp/hard/libgcc.a(_arm_cmpdf2.o)
                0x08000a1c                __gedf2
                0x08000a1c                __gtdf2
                0x08000a24                __ledf2
                0x08000a24                __ltdf2
                0x08000a2c                __cmpdf2
                0x08000a2c                __eqdf2
                0x08000a2c                __nedf2
                0x08000aa8                __aeabi_cdrcmple
                0x08000ab8                __aeabi_cdcmple
                0x08000ab8                __aeabi_cdcmpeq
                0x08000ac8                __aeabi_dcmpeq
                0x08000adc                __aeabi_dcmplt
                0x08000af0                __aeabi_dcmple
                0x08000b04                __aeabi_dcmpge
                0x08000b18                __aeabi_dcmpgt
 .text          0x08000b2c       0x2c /Applications/STM32CubeIDE.app/Contents/Eclipse/plugins/com.st.stm32cube.ide.mcu.externaltools.gnu-tools-for-stm32.13.3.rel1.macos64_1.0.100.202509120712/tools/bin/../lib/gcc/arm-none-eabi/13.3.1/thumb/v7e-m+fp/hard/libgcc.a(_arm_unorddf2.o)
                0x08000b2c                __aeabi_dcmpun
                0x08000b2c                __unorddf2
 .text          0x08000b58       0x50 /Applications/STM32CubeIDE.app/Contents/Eclipse/plugins/com.st.stm32cube.ide.mcu.externaltools.gnu-tools-for-stm32.13.3.rel1.macos64_1.0.100.202509120712/tools/bin/../lib/gcc/arm-none-eabi/13.3.1/thumb/v7e-m+fp/hard/libgcc.a(_arm_fixdfsi.o)
                0x08000b58                __fixdfsi
                0x08000b58                __aeabi_d2iz
 .text          0x08000ba8       0x40 /Applications/STM32CubeIDE.app/Contents/Eclipse/plugins/com.st.stm32cube.ide.mcu.externaltools.gnu-tools-for-stm32.13.3.rel1.macos64_1.0.100.202509120712/tools/bin/../lib/gcc/arm-none-eabi/13.3.1/thumb/v7e-m+fp/hard/libgcc.a(_arm_fixunsdfsi.o)
                0x08000ba8                __fixunsdfsi
                0x08000ba8                __aeabi_d2uiz
 .text          0x08000be8       0xa0 /Applications/STM32CubeIDE.app/Contents/Eclipse/plugins/com.st.stm32cube.ide.mcu.externaltools.gnu-tools-for-stm32.13.3.rel1.macos64_1.0.100.202509120712/tools/bin/../lib/gcc/arm-none-eabi/13.3.1/thumb/v7e-m+fp/hard/libgcc.a(_arm_truncdfsf2.o)
                0x08000be8                __aeabi_d2f
                0x08000be8                __truncdfsf2
 .text          0x08000c88       0x30 /Applications/STM32CubeIDE.app/Contents/Eclipse/plugins/com.st.stm32cube.ide.mcu.externaltools.gnu-tools-for-stm32.13.3.rel1.macos64_1.0.100.202509120712/tools/bin/../lib/gcc/arm-none-eabi/13.3.1/thumb/v7e-m+fp/hard/libgcc.a(_aeabi_uldivmod.o)
                0x08000c88                __aeabi_uldivmod
 .text          0x08000cb8       0x30 /Applications/STM32CubeIDE.app/Contents/Eclipse/plugins/com.st.stm32cube.ide.mcu.externaltools.gnu-tools-for-stm32.13.3.rel1.macos64_1.0.100.202509120712/tools/bin/../lib/gcc/arm-none-eabi/13.3.1/thumb/v7e-m+fp/hard/libgcc.a(_fixdfdi.o)
                0x08000cb8                __aeabi_d2lz
                0x08000cb8                __fixdfdi
 .text          0x08000ce8       0x3c /Applications/STM32CubeIDE.app/Contents/Eclipse/plugins/com.st.stm32cube.ide.mcu.externaltools.gnu-tools-for-stm32.13.3.rel1.macos64_1.0.100.202509120712/tools/bin/../lib/gcc/arm-none-eabi/13.3.1/thumb/v7e-m+fp/hard/libgcc.a(_fixunsdfdi.o)
                0x08000ce8                __aeabi_d2ulz
                0x08000ce8                __fixunsdfdi
 .text          0x08000d24      0x2f8 /Applications/STM32CubeIDE.app/Contents/Eclipse/plugins/com.st.stm32cube.ide.mcu.externaltools.gnu-tools-for-stm32.13.3.rel1.macos64_1.0.100.202509120712/tools/bin/../lib/gcc/arm-none-eabi/13.3.1/thumb/v7e-m+fp/hard/libgcc.a(_udivmoddi4.o)
                0x08000d24                __udivmoddi4
 .text          0x0800101c        0x4 /Applications/STM32CubeIDE.app/Contents/Eclipse/plugins/com.st.stm32cube.ide.mcu.externaltools.gnu-tools-for-stm32.13.3.rel1.macos64_1.0.100.202509120712/tools/bin/../lib/gcc/arm-none-eabi/13.3.1/thumb/v7e-m+fp/hard/libgcc.a(_dvmd_tls.o)
                0x0800101c                __aeabi_ldiv0
                0x0800101c                __aeabi_idiv0
 *(.text*)
 .text.left_forward
                0x08001020       0x3c ./Core/Src/freertos.o
 .text.right_forward
                0x0800105c       0x3c ./Core/Src/freertos.o
 .text.left_backward
                0x08001098       0x3c ./Core/Src/freertos.o
 .text.right_backward
                0x080010d4       0x3c ./Core/Src/freertos.o
 .text.stop_all
                0x08001110       0x24 ./Core/Src/freertos.o
 .text.turn_right
                0x08001134       0x22 ./Core/Src/freertos.o
 .text.turn_left
                0x08001156       0x22 ./Core/Src/freertos.o
 .text.go_straight
                0x08001178       0x22 ./Core/Src/freertos.o
 *fill*         0x0800119a        0x2 
 .text.Task_Motor
                0x0800119c       0xd8 ./Core/Src/freertos.o
                0x0800119c                Task_Motor
 .text.Task_Ultrasonic
                0x08001274       0x16 ./Core/Src/freertos.o
                0x08001274                Task_Ultrasonic
 *fill*         0x0800128a        0x2 
 .text.Task_Bluetooth
                0x0800128c      0x130 ./Core/Src/freertos.o
                0x0800128c                Task_Bluetooth
 .text.MX_FREERTOS_Init
                0x080013bc       0xbc ./Core/Src/freertos.o
                0x080013bc                MX_FREERTOS_Init
 .text.StartDefaultTask
                0x08001478       0x14 ./Core/Src/freertos.o
                0x08001478                StartDefaultTask
 .text.MX_GPIO_Init
                0x0800148c      0x2dc ./Core/Src/gpio.o
                0x0800148c                MX_GPIO_Init
 .text.MX_I2C1_Init
                0x08001768       0x5c ./Core/Src/i2c.o
                0x08001768                MX_I2C1_Init
 .text.HAL_I2C_MspInit
                0x080017c4       0x90 ./Core/Src/i2c.o
                0x080017c4                HAL_I2C_MspInit
 .text.MX_I2S3_Init
                0x08001854       0x60 ./Core/Src/i2s.o
                0x08001854                MX_I2S3_Init
 .text.HAL_I2S_MspInit
                0x080018b4      0x100 ./Core/Src/i2s.o
                0x080018b4                HAL_I2S_MspInit
 .text.HD44780_Init
                0x080019b4      0x108 ./Core/Src/liquidcrystal_i2c.o
                0x080019b4                HD44780_Init
 .text.HD44780_Clear
                0x08001abc       0x16 ./Core/Src/liquidcrystal_i2c.o
                0x08001abc                HD44780_Clear
 .text.HD44780_Home
                0x08001ad2       0x16 ./Core/Src/liquidcrystal_i2c.o
                0x08001ad2                HD44780_Home
 .text.HD44780_Display
                0x08001ae8       0x2c ./Core/Src/liquidcrystal_i2c.o
                0x08001ae8                HD44780_Display
 .text.HD44780_CreateSpecialChar
                0x08001b14       0x54 ./Core/Src/liquidcrystal_i2c.o
                0x08001b14                HD44780_CreateSpecialChar
 .text.HD44780_Backlight
                0x08001b68       0x18 ./Core/Src/liquidcrystal_i2c.o
                0x08001b68                HD44780_Backlight
 .text.SendCommand
                0x08001b80       0x1c ./Core/Src/liquidcrystal_i2c.o
 .text.SendChar
                0x08001b9c       0x1c ./Core/Src/liquidcrystal_i2c.o
 .text.Send     0x08001bb8       0x42 ./Core/Src/liquidcrystal_i2c.o
 .text.Write4Bits
                0x08001bfa       0x22 ./Core/Src/liquidcrystal_i2c.o
 .text.ExpanderWrite
                0x08001c1c       0x38 ./Core/Src/liquidcrystal_i2c.o
 .text.PulseEnable
                0x08001c54       0x3a ./Core/Src/liquidcrystal_i2c.o
 *fill*         0x08001c8e        0x2 
 .text.DelayInit
                0x08001c90       0x54 ./Core/Src/liquidcrystal_i2c.o
 .text.DelayUS  0x08001ce4       0x50 ./Core/Src/liquidcrystal_i2c.o
 .text.delay_us
                0x08001d34       0x4c ./Core/Src/main.o
                0x08001d34                delay_us
 .text.HCSR04_Start
                0x08001d80       0xd4 ./Core/Src/main.o
                0x08001d80                HCSR04_Start
 .text.HAL_TIM_IC_CaptureCallback
                0x08001e54      0x334 ./Core/Src/main.o
                0x08001e54                HAL_TIM_IC_CaptureCallback
 .text.HCSR04_Update
                0x08002188       0xd8 ./Core/Src/main.o
                0x08002188                HCSR04_Update
 .text.HCSR04_GetDistance
                0x08002260       0x50 ./Core/Src/main.o
                0x08002260                HCSR04_GetDistance
 .text.main     0x080022b0       0x58 ./Core/Src/main.o
                0x080022b0                main
 .text.SystemClock_Config
                0x08002308       0xd4 ./Core/Src/main.o
                0x08002308                SystemClock_Config
 .text.HAL_TIM_PeriodElapsedCallback
                0x080023dc       0x24 ./Core/Src/main.o
                0x080023dc                HAL_TIM_PeriodElapsedCallback
 .text.Error_Handler
                0x08002400        0xc ./Core/Src/main.o
                0x08002400                Error_Handler
 .text.HAL_MspInit
                0x0800240c       0x58 ./Core/Src/stm32f4xx_hal_msp.o
                0x0800240c                HAL_MspInit
 .text.HAL_InitTick
                0x08002464       0xf8 ./Core/Src/stm32f4xx_hal_timebase_tim.o
                0x08002464                HAL_InitTick
 .text.NMI_Handler
                0x0800255c        0x8 ./Core/Src/stm32f4xx_it.o
                0x0800255c                NMI_Handler
 .text.HardFault_Handler
                0x08002564        0x8 ./Core/Src/stm32f4xx_it.o
                0x08002564                HardFault_Handler
 .text.MemManage_Handler
                0x0800256c        0x8 ./Core/Src/stm32f4xx_it.o
                0x0800256c                MemManage_Handler
 .text.BusFault_Handler
                0x08002574        0x8 ./Core/Src/stm32f4xx_it.o
                0x08002574                BusFault_Handler
 .text.UsageFault_Handler
                0x0800257c        0x8 ./Core/Src/stm32f4xx_it.o
                0x0800257c                UsageFault_Handler
 .text.DebugMon_Handler
                0x08002584        0xe ./Core/Src/stm32f4xx_it.o
                0x08002584                DebugMon_Handler
 *fill*         0x08002592        0x2 
 .text.TIM2_IRQHandler
                0x08002594       0x14 ./Core/Src/stm32f4xx_it.o
                0x08002594                TIM2_IRQHandler
 .text.TIM6_DAC_IRQHandler
                0x080025a8       0x14 ./Core/Src/stm32f4xx_it.o
                0x080025a8                TIM6_DAC_IRQHandler
 .text.OTG_FS_IRQHandler
                0x080025bc       0x14 ./Core/Src/stm32f4xx_it.o
                0x080025bc                OTG_FS_IRQHandler
 .text._getpid  0x080025d0       0x10 ./Core/Src/syscalls.o
                0x080025d0                _getpid
 .text._kill    0x080025e0       0x20 ./Core/Src/syscalls.o
                0x080025e0                _kill
 .text._exit    0x08002600       0x16 ./Core/Src/syscalls.o
                0x08002600                _exit
 .text._read    0x08002616       0x3a ./Core/Src/syscalls.o
                0x08002616                _read
 .text._write   0x08002650       0x38 ./Core/Src/syscalls.o
                0x08002650                _write
 .text._close   0x08002688       0x18 ./Core/Src/syscalls.o
                0x08002688                _close
 .text._fstat   0x080026a0       0x20 ./Core/Src/syscalls.o
                0x080026a0                _fstat
 .text._isatty  0x080026c0       0x16 ./Core/Src/syscalls.o
                0x080026c0                _isatty
 .text._lseek   0x080026d6       0x1a ./Core/Src/syscalls.o
                0x080026d6                _lseek
 .text._sbrk    0x080026f0       0x6c ./Core/Src/sysmem.o
                0x080026f0                _sbrk
 .text.SystemInit
                0x0800275c       0x24 ./Core/Src/system_stm32f4xx.o
                0x0800275c                SystemInit
 .text.MX_TIM1_Init
                0x08002780      0x120 ./Core/Src/tim.o
                0x08002780                MX_TIM1_Init
 .text.MX_TIM2_Init
                0x080028a0       0xd0 ./Core/Src/tim.o
                0x080028a0                MX_TIM2_Init
 .text.HAL_TIM_PWM_MspInit
                0x08002970       0x44 ./Core/Src/tim.o
                0x08002970                HAL_TIM_PWM_MspInit
 .text.HAL_TIM_IC_MspInit
                0x080029b4       0x9c ./Core/Src/tim.o
                0x080029b4                HAL_TIM_IC_MspInit
 .text.HAL_TIM_MspPostInit
                0x08002a50       0x74 ./Core/Src/tim.o
                0x08002a50                HAL_TIM_MspPostInit
 .text.MX_USART3_UART_Init
                0x08002ac4       0x54 ./Core/Src/usart.o
                0x08002ac4                MX_USART3_UART_Init
 .text.HAL_UART_MspInit
                0x08002b18       0xd4 ./Core/Src/usart.o
                0x08002b18                HAL_UART_MspInit
 .text.Reset_Handler
                0x08002bec       0x50 ./Core/Startup/startup_stm32f407vgtx.o
                0x08002bec                Reset_Handler
 .text.Default_Handler
                0x08002c3c        0x2 ./Core/Startup/startup_stm32f407vgtx.o
                0x08002c3c                DMA1_Stream3_IRQHandler
                0x08002c3c                HASH_RNG_IRQHandler
                0x08002c3c                EXTI2_IRQHandler
                0x08002c3c                TIM8_CC_IRQHandler
                0x08002c3c                TIM1_CC_IRQHandler
                0x08002c3c                DMA2_Stream5_IRQHandler
                0x08002c3c                DMA1_Stream5_IRQHandler
                0x08002c3c                PVD_IRQHandler
                0x08002c3c                SDIO_IRQHandler
                0x08002c3c                TAMP_STAMP_IRQHandler
                0x08002c3c                CAN2_RX1_IRQHandler
                0x08002c3c                EXTI3_IRQHandler
                0x08002c3c                TIM8_TRG_COM_TIM14_IRQHandler
                0x08002c3c                TIM1_UP_TIM10_IRQHandler
                0x08002c3c                TIM8_UP_TIM13_IRQHandler
                0x08002c3c                I2C3_ER_IRQHandler
                0x08002c3c                EXTI0_IRQHandler
                0x08002c3c                I2C2_EV_IRQHandler
                0x08002c3c                DMA1_Stream2_IRQHandler
                0x08002c3c                CAN1_RX0_IRQHandler
                0x08002c3c                FPU_IRQHandler
                0x08002c3c                OTG_HS_WKUP_IRQHandler
                0x08002c3c                CAN2_SCE_IRQHandler
                0x08002c3c                DMA2_Stream2_IRQHandler
                0x08002c3c                SPI1_IRQHandler
                0x08002c3c                TIM1_BRK_TIM9_IRQHandler
                0x08002c3c                DCMI_IRQHandler
                0x08002c3c                CAN2_RX0_IRQHandler
                0x08002c3c                DMA2_Stream3_IRQHandler
                0x08002c3c                USART6_IRQHandler
                0x08002c3c                USART3_IRQHandler
                0x08002c3c                CAN1_RX1_IRQHandler
                0x08002c3c                UART5_IRQHandler
                0x08002c3c                DMA2_Stream0_IRQHandler
                0x08002c3c                TIM4_IRQHandler
                0x08002c3c                I2C1_EV_IRQHandler
                0x08002c3c                DMA1_Stream6_IRQHandler
                0x08002c3c                DMA1_Stream1_IRQHandler
                0x08002c3c                UART4_IRQHandler
                0x08002c3c                TIM3_IRQHandler
                0x08002c3c                RCC_IRQHandler
                0x08002c3c                TIM8_BRK_TIM12_IRQHandler
                0x08002c3c                Default_Handler
                0x08002c3c                EXTI15_10_IRQHandler
                0x08002c3c                ADC_IRQHandler
                0x08002c3c                DMA1_Stream7_IRQHandler
                0x08002c3c                TIM7_IRQHandler
                0x08002c3c                CAN2_TX_IRQHandler
                0x08002c3c                TIM5_IRQHandler
                0x08002c3c                DMA2_Stream7_IRQHandler
                0x08002c3c                I2C3_EV_IRQHandler
                0x08002c3c                EXTI9_5_IRQHandler
                0x08002c3c                RTC_WKUP_IRQHandler
                0x08002c3c                ETH_WKUP_IRQHandler
                0x08002c3c                SPI2_IRQHandler
                0x08002c3c                OTG_HS_EP1_IN_IRQHandler
                0x08002c3c                DMA1_Stream0_IRQHandler
                0x08002c3c                CAN1_TX_IRQHandler
                0x08002c3c                EXTI4_IRQHandler
                0x08002c3c                FSMC_IRQHandler
                0x08002c3c                ETH_IRQHandler
                0x08002c3c                OTG_HS_EP1_OUT_IRQHandler
                0x08002c3c                WWDG_IRQHandler
                0x08002c3c                OTG_FS_WKUP_IRQHandler
                0x08002c3c                TIM1_TRG_COM_TIM11_IRQHandler
                0x08002c3c                OTG_HS_IRQHandler
                0x08002c3c                EXTI1_IRQHandler
                0x08002c3c                USART2_IRQHandler
                0x08002c3c                I2C2_ER_IRQHandler
                0x08002c3c                DMA2_Stream1_IRQHandler
                0x08002c3c                CAN1_SCE_IRQHandler
                0x08002c3c                FLASH_IRQHandler
                0x08002c3c                DMA2_Stream4_IRQHandler
                0x08002c3c                USART1_IRQHandler
                0x08002c3c                SPI3_IRQHandler
                0x08002c3c                DMA1_Stream4_IRQHandler
                0x08002c3c                I2C1_ER_IRQHandler
                0x08002c3c                DMA2_Stream6_IRQHandler
                0x08002c3c                RTC_Alarm_IRQHandler
 *fill*         0x08002c3e        0x2 
 .text.HAL_Init
                0x08002c40       0x44 ./Drivers/STM32F4xx_HAL_Driver/Src/stm32f4xx_hal.o
                0x08002c40                HAL_Init
 .text.HAL_IncTick
                0x08002c84       0x28 ./Drivers/STM32F4xx_HAL_Driver/Src/stm32f4xx_hal.o
                0x08002c84                HAL_IncTick
 .text.HAL_GetTick
                0x08002cac       0x18 ./Drivers/STM32F4xx_HAL_Driver/Src/stm32f4xx_hal.o
                0x08002cac                HAL_GetTick
 .text.HAL_Delay
                0x08002cc4       0x48 ./Drivers/STM32F4xx_HAL_Driver/Src/stm32f4xx_hal.o
                0x08002cc4                HAL_Delay
 .text.__NVIC_SetPriorityGrouping
                0x08002d0c       0x48 ./Drivers/STM32F4xx_HAL_Driver/Src/stm32f4xx_hal_cortex.o
 .text.__NVIC_GetPriorityGrouping
                0x08002d54       0x1c ./Drivers/STM32F4xx_HAL_Driver/Src/stm32f4xx_hal_cortex.o
 .text.__NVIC_EnableIRQ
                0x08002d70       0x3c ./Drivers/STM32F4xx_HAL_Driver/Src/stm32f4xx_hal_cortex.o
 .text.__NVIC_SetPriority
                0x08002dac       0x54 ./Drivers/STM32F4xx_HAL_Driver/Src/stm32f4xx_hal_cortex.o
 .text.NVIC_EncodePriority
                0x08002e00       0x66 ./Drivers/STM32F4xx_HAL_Driver/Src/stm32f4xx_hal_cortex.o
 .text.HAL_NVIC_SetPriorityGrouping
                0x08002e66       0x16 ./Drivers/STM32F4xx_HAL_Driver/Src/stm32f4xx_hal_cortex.o
                0x08002e66                HAL_NVIC_SetPriorityGrouping
 .text.HAL_NVIC_SetPriority
                0x08002e7c       0x38 ./Drivers/STM32F4xx_HAL_Driver/Src/stm32f4xx_hal_cortex.o
                0x08002e7c                HAL_NVIC_SetPriority
 .text.HAL_NVIC_EnableIRQ
                0x08002eb4       0x1c ./Drivers/STM32F4xx_HAL_Driver/Src/stm32f4xx_hal_cortex.o
                0x08002eb4                HAL_NVIC_EnableIRQ
 .text.HAL_GPIO_Init
                0x08002ed0      0x338 ./Drivers/STM32F4xx_HAL_Driver/Src/stm32f4xx_hal_gpio.o
                0x08002ed0                HAL_GPIO_Init
 .text.HAL_GPIO_WritePin
                0x08003208       0x32 ./Drivers/STM32F4xx_HAL_Driver/Src/stm32f4xx_hal_gpio.o
                0x08003208                HAL_GPIO_WritePin
 .text.HAL_GPIO_TogglePin
                0x0800323a       0x34 ./Drivers/STM32F4xx_HAL_Driver/Src/stm32f4xx_hal_gpio.o
                0x0800323a                HAL_GPIO_TogglePin
 .text.HAL_HCD_Init
                0x0800326e       0xce ./Drivers/STM32F4xx_HAL_Driver/Src/stm32f4xx_hal_hcd.o
                0x0800326e                HAL_HCD_Init
 .text.HAL_HCD_HC_Init
                0x0800333c      0x170 ./Drivers/STM32F4xx_HAL_Driver/Src/stm32f4xx_hal_hcd.o
                0x0800333c                HAL_HCD_HC_Init
 .text.HAL_HCD_HC_SubmitRequest
                0x080034ac      0x33c ./Drivers/STM32F4xx_HAL_Driver/Src/stm32f4xx_hal_hcd.o
                0x080034ac                HAL_HCD_HC_SubmitRequest
 .text.HAL_HCD_IRQHandler
                0x080037e8      0x220 ./Drivers/STM32F4xx_HAL_Driver/Src/stm32f4xx_hal_hcd.o
                0x080037e8                HAL_HCD_IRQHandler
 .text.HAL_HCD_Start
                0x08003a08       0x46 ./Drivers/STM32F4xx_HAL_Driver/Src/stm32f4xx_hal_hcd.o
                0x08003a08                HAL_HCD_Start
 .text.HAL_HCD_Stop
                0x08003a4e       0x3a ./Drivers/STM32F4xx_HAL_Driver/Src/stm32f4xx_hal_hcd.o
                0x08003a4e                HAL_HCD_Stop
 .text.HAL_HCD_ResetPort
                0x08003a88       0x1c ./Drivers/STM32F4xx_HAL_Driver/Src/stm32f4xx_hal_hcd.o
                0x08003a88                HAL_HCD_ResetPort
 .text.HAL_HCD_HC_GetURBState
                0x08003aa4       0x2a ./Drivers/STM32F4xx_HAL_Driver/Src/stm32f4xx_hal_hcd.o
                0x08003aa4                HAL_HCD_HC_GetURBState
 .text.HAL_HCD_HC_GetXferCount
                0x08003ace       0x2a ./Drivers/STM32F4xx_HAL_Driver/Src/stm32f4xx_hal_hcd.o
                0x08003ace                HAL_HCD_HC_GetXferCount
 .text.HAL_HCD_GetCurrentFrame
                0x08003af8       0x1c ./Drivers/STM32F4xx_HAL_Driver/Src/stm32f4xx_hal_hcd.o
                0x08003af8                HAL_HCD_GetCurrentFrame
 .text.HAL_HCD_GetCurrentSpeed
                0x08003b14       0x1c ./Drivers/STM32F4xx_HAL_Driver/Src/stm32f4xx_hal_hcd.o
                0x08003b14                HAL_HCD_GetCurrentSpeed
 .text.HAL_HCD_HC_ClearHubInfo
                0x08003b30       0x6a ./Drivers/STM32F4xx_HAL_Driver/Src/stm32f4xx_hal_hcd.o
                0x08003b30                HAL_HCD_HC_ClearHubInfo
 .text.HCD_HC_IN_IRQHandler
                0x08003b9a      0xcd2 ./Drivers/STM32F4xx_HAL_Driver/Src/stm32f4xx_hal_hcd.o
 .text.HCD_HC_OUT_IRQHandler
                0x0800486c      0x97e ./Drivers/STM32F4xx_HAL_Driver/Src/stm32f4xx_hal_hcd.o
 .text.HCD_RXQLVL_IRQHandler
                0x080051ea      0x1be ./Drivers/STM32F4xx_HAL_Driver/Src/stm32f4xx_hal_hcd.o
 .text.HCD_Port_IRQHandler
                0x080053a8       0xe6 ./Drivers/STM32F4xx_HAL_Driver/Src/stm32f4xx_hal_hcd.o
 *fill*         0x0800548e        0x2 
 .text.HAL_I2C_Init
                0x08005490      0x288 ./Drivers/STM32F4xx_HAL_Driver/Src/stm32f4xx_hal_i2c.o
                0x08005490                HAL_I2C_Init
 .text.HAL_I2C_Master_Transmit
                0x08005718      0x1fc ./Drivers/STM32F4xx_HAL_Driver/Src/stm32f4xx_hal_i2c.o
                0x08005718                HAL_I2C_Master_Transmit
 .text.I2C_MasterRequestWrite
                0x08005914      0x104 ./Drivers/STM32F4xx_HAL_Driver/Src/stm32f4xx_hal_i2c.o
 .text.I2C_WaitOnFlagUntilTimeout
                0x08005a18       0xf4 ./Drivers/STM32F4xx_HAL_Driver/Src/stm32f4xx_hal_i2c.o
 .text.I2C_WaitOnMasterAddressFlagUntilTimeout
                0x08005b0c      0x140 ./Drivers/STM32F4xx_HAL_Driver/Src/stm32f4xx_hal_i2c.o
 .text.I2C_WaitOnTXEFlagUntilTimeout
                0x08005c4c       0x90 ./Drivers/STM32F4xx_HAL_Driver/Src/stm32f4xx_hal_i2c.o
 .text.I2C_WaitOnBTFFlagUntilTimeout
                0x08005cdc       0x90 ./Drivers/STM32F4xx_HAL_Driver/Src/stm32f4xx_hal_i2c.o
 .text.I2C_IsAcknowledgeFailed
                0x08005d6c       0x5e ./Drivers/STM32F4xx_HAL_Driver/Src/stm32f4xx_hal_i2c.o
 *fill*         0x08005dca        0x2 
 .text.HAL_I2S_Init
                0x08005dcc      0x280 ./Drivers/STM32F4xx_HAL_Driver/Src/stm32f4xx_hal_i2s.o
                0x08005dcc                HAL_I2S_Init
 .text.HAL_I2S_TxCpltCallback
                0x0800604c       0x14 ./Drivers/STM32F4xx_HAL_Driver/Src/stm32f4xx_hal_i2s.o
                0x0800604c                HAL_I2S_TxCpltCallback
 .text.HAL_I2S_RxCpltCallback
                0x08006060       0x14 ./Drivers/STM32F4xx_HAL_Driver/Src/stm32f4xx_hal_i2s.o
                0x08006060                HAL_I2S_RxCpltCallback
 .text.HAL_I2S_ErrorCallback
                0x08006074       0x14 ./Drivers/STM32F4xx_HAL_Driver/Src/stm32f4xx_hal_i2s.o
                0x08006074                HAL_I2S_ErrorCallback
 .text.I2S_Transmit_IT
                0x08006088       0x5c ./Drivers/STM32F4xx_HAL_Driver/Src/stm32f4xx_hal_i2s.o
 .text.I2S_Receive_IT
                0x080060e4       0x5e ./Drivers/STM32F4xx_HAL_Driver/Src/stm32f4xx_hal_i2s.o
 .text.I2S_IRQHandler
                0x08006142      0x114 ./Drivers/STM32F4xx_HAL_Driver/Src/stm32f4xx_hal_i2s.o
 *fill*         0x08006256        0x2 
 .text.HAL_I2SEx_FullDuplex_IRQHandler
                0x08006258      0x2a8 ./Drivers/STM32F4xx_HAL_Driver/Src/stm32f4xx_hal_i2s_ex.o
                0x08006258                HAL_I2SEx_FullDuplex_IRQHandler
 .text.HAL_I2SEx_TxRxCpltCallback
                0x08006500       0x14 ./Drivers/STM32F4xx_HAL_Driver/Src/stm32f4xx_hal_i2s_ex.o
                0x08006500                HAL_I2SEx_TxRxCpltCallback
 .text.I2SEx_TxISR_I2S
                0x08006514       0x62 ./Drivers/STM32F4xx_HAL_Driver/Src/stm32f4xx_hal_i2s_ex.o
 *fill*         0x08006576        0x2 
 .text.I2SEx_TxISR_I2SExt
                0x08006578       0x98 ./Drivers/STM32F4xx_HAL_Driver/Src/stm32f4xx_hal_i2s_ex.o
 .text.I2SEx_RxISR_I2S
                0x08006610       0x64 ./Drivers/STM32F4xx_HAL_Driver/Src/stm32f4xx_hal_i2s_ex.o
 .text.I2SEx_RxISR_I2SExt
                0x08006674       0x98 ./Drivers/STM32F4xx_HAL_Driver/Src/stm32f4xx_hal_i2s_ex.o
 .text.HAL_RCC_OscConfig
                0x0800670c      0x4f0 ./Drivers/STM32F4xx_HAL_Driver/Src/stm32f4xx_hal_rcc.o
                0x0800670c                HAL_RCC_OscConfig
 .text.HAL_RCC_ClockConfig
                0x08006bfc      0x1cc ./Drivers/STM32F4xx_HAL_Driver/Src/stm32f4xx_hal_rcc.o
                0x08006bfc                HAL_RCC_ClockConfig
 .text.HAL_RCC_GetSysClockFreq
                0x08006dc8      0x20c ./Drivers/STM32F4xx_HAL_Driver/Src/stm32f4xx_hal_rcc.o
                0x08006dc8                HAL_RCC_GetSysClockFreq
 .text.HAL_RCC_GetHCLKFreq
                0x08006fd4       0x18 ./Drivers/STM32F4xx_HAL_Driver/Src/stm32f4xx_hal_rcc.o
                0x08006fd4                HAL_RCC_GetHCLKFreq
 .text.HAL_RCC_GetPCLK1Freq
                0x08006fec       0x28 ./Drivers/STM32F4xx_HAL_Driver/Src/stm32f4xx_hal_rcc.o
                0x08006fec                HAL_RCC_GetPCLK1Freq
 .text.HAL_RCC_GetPCLK2Freq
                0x08007014       0x28 ./Drivers/STM32F4xx_HAL_Driver/Src/stm32f4xx_hal_rcc.o
                0x08007014                HAL_RCC_GetPCLK2Freq
 .text.HAL_RCC_GetClockConfig
                0x0800703c       0x64 ./Drivers/STM32F4xx_HAL_Driver/Src/stm32f4xx_hal_rcc.o
                0x0800703c                HAL_RCC_GetClockConfig
 .text.HAL_RCCEx_PeriphCLKConfig
                0x080070a0      0x1c4 ./Drivers/STM32F4xx_HAL_Driver/Src/stm32f4xx_hal_rcc_ex.o
                0x080070a0                HAL_RCCEx_PeriphCLKConfig
 .text.HAL_RCCEx_GetPeriphCLKFreq
                0x08007264       0xc0 ./Drivers/STM32F4xx_HAL_Driver/Src/stm32f4xx_hal_rcc_ex.o
                0x08007264                HAL_RCCEx_GetPeriphCLKFreq
 .text.HAL_TIM_Base_Init
                0x08007324       0x9e ./Drivers/STM32F4xx_HAL_Driver/Src/stm32f4xx_hal_tim.o
                0x08007324                HAL_TIM_Base_Init
 .text.HAL_TIM_Base_MspInit
                0x080073c2       0x14 ./Drivers/STM32F4xx_HAL_Driver/Src/stm32f4xx_hal_tim.o
                0x080073c2                HAL_TIM_Base_MspInit
 *fill*         0x080073d6        0x2 
 .text.HAL_TIM_Base_Start_IT
                0x080073d8       0xe0 ./Drivers/STM32F4xx_HAL_Driver/Src/stm32f4xx_hal_tim.o
                0x080073d8                HAL_TIM_Base_Start_IT
 .text.HAL_TIM_PWM_Init
                0x080074b8       0x9e ./Drivers/STM32F4xx_HAL_Driver/Src/stm32f4xx_hal_tim.o
                0x080074b8                HAL_TIM_PWM_Init
 *fill*         0x08007556        0x2 
 .text.HAL_TIM_PWM_Start
                0x08007558      0x190 ./Drivers/STM32F4xx_HAL_Driver/Src/stm32f4xx_hal_tim.o
                0x08007558                HAL_TIM_PWM_Start
 .text.HAL_TIM_IC_Init
                0x080076e8       0x9e ./Drivers/STM32F4xx_HAL_Driver/Src/stm32f4xx_hal_tim.o
                0x080076e8                HAL_TIM_IC_Init
 *fill*         0x08007786        0x2 
 .text.HAL_TIM_IC_Start_IT
                0x08007788      0x250 ./Drivers/STM32F4xx_HAL_Driver/Src/stm32f4xx_hal_tim.o
                0x08007788                HAL_TIM_IC_Start_IT
 .text.HAL_TIM_IC_Stop_IT
                0x080079d8      0x15c ./Drivers/STM32F4xx_HAL_Driver/Src/stm32f4xx_hal_tim.o
                0x080079d8                HAL_TIM_IC_Stop_IT
 .text.HAL_TIM_IRQHandler
                0x08007b34      0x1e0 ./Drivers/STM32F4xx_HAL_Driver/Src/stm32f4xx_hal_tim.o
                0x08007b34                HAL_TIM_IRQHandler
 .text.HAL_TIM_IC_ConfigChannel
                0x08007d14      0x138 ./Drivers/STM32F4xx_HAL_Driver/Src/stm32f4xx_hal_tim.o
                0x08007d14                HAL_TIM_IC_ConfigChannel
 .text.HAL_TIM_PWM_ConfigChannel
                0x08007e4c      0x184 ./Drivers/STM32F4xx_HAL_Driver/Src/stm32f4xx_hal_tim.o
                0x08007e4c                HAL_TIM_PWM_ConfigChannel
 .text.HAL_TIM_ReadCapturedValue
                0x08007fd0       0x88 ./Drivers/STM32F4xx_HAL_Driver/Src/stm32f4xx_hal_tim.o
                0x08007fd0                HAL_TIM_ReadCapturedValue
 .text.HAL_TIM_OC_DelayElapsedCallback
                0x08008058       0x14 ./Drivers/STM32F4xx_HAL_Driver/Src/stm32f4xx_hal_tim.o
                0x08008058                HAL_TIM_OC_DelayElapsedCallback
 .text.HAL_TIM_PWM_PulseFinishedCallback
                0x0800806c       0x14 ./Drivers/STM32F4xx_HAL_Driver/Src/stm32f4xx_hal_tim.o
                0x0800806c                HAL_TIM_PWM_PulseFinishedCallback
 .text.HAL_TIM_TriggerCallback
                0x08008080       0x14 ./Drivers/STM32F4xx_HAL_Driver/Src/stm32f4xx_hal_tim.o
                0x08008080                HAL_TIM_TriggerCallback
 .text.TIM_Base_SetConfig
                0x08008094      0x14c ./Drivers/STM32F4xx_HAL_Driver/Src/stm32f4xx_hal_tim.o
                0x08008094                TIM_Base_SetConfig
 .text.TIM_OC1_SetConfig
                0x080081e0       0xe0 ./Drivers/STM32F4xx_HAL_Driver/Src/stm32f4xx_hal_tim.o
 .text.TIM_OC2_SetConfig
                0x080082c0       0xec ./Drivers/STM32F4xx_HAL_Driver/Src/stm32f4xx_hal_tim.o
                0x080082c0                TIM_OC2_SetConfig
 .text.TIM_OC3_SetConfig
                0x080083ac       0xe8 ./Drivers/STM32F4xx_HAL_Driver/Src/stm32f4xx_hal_tim.o
 .text.TIM_OC4_SetConfig
                0x08008494       0xac ./Drivers/STM32F4xx_HAL_Driver/Src/stm32f4xx_hal_tim.o
 .text.TIM_TI1_SetConfig
                0x08008540       0xe8 ./Drivers/STM32F4xx_HAL_Driver/Src/stm32f4xx_hal_tim.o
                0x08008540                TIM_TI1_SetConfig
 .text.TIM_TI2_SetConfig
                0x08008628       0x7a ./Drivers/STM32F4xx_HAL_Driver/Src/stm32f4xx_hal_tim.o
 .text.TIM_TI3_SetConfig
                0x080086a2       0x78 ./Drivers/STM32F4xx_HAL_Driver/Src/stm32f4xx_hal_tim.o
 .text.TIM_TI4_SetConfig
                0x0800871a       0x7a ./Drivers/STM32F4xx_HAL_Driver/Src/stm32f4xx_hal_tim.o
 .text.TIM_CCxChannelCmd
                0x08008794       0x4a ./Drivers/STM32F4xx_HAL_Driver/Src/stm32f4xx_hal_tim.o
                0x08008794                TIM_CCxChannelCmd
 *fill*         0x080087de        0x2 
 .text.HAL_TIMEx_MasterConfigSynchronization
                0x080087e0       0xf8 ./Drivers/STM32F4xx_HAL_Driver/Src/stm32f4xx_hal_tim_ex.o
                0x080087e0                HAL_TIMEx_MasterConfigSynchronization
 .text.HAL_TIMEx_ConfigBreakDeadTime
                0x080088d8       0xa4 ./Drivers/STM32F4xx_HAL_Driver/Src/stm32f4xx_hal_tim_ex.o
                0x080088d8                HAL_TIMEx_ConfigBreakDeadTime
 .text.HAL_TIMEx_CommutCallback
                0x0800897c       0x14 ./Drivers/STM32F4xx_HAL_Driver/Src/stm32f4xx_hal_tim_ex.o
                0x0800897c                HAL_TIMEx_CommutCallback
 .text.HAL_TIMEx_BreakCallback
                0x08008990       0x14 ./Drivers/STM32F4xx_HAL_Driver/Src/stm32f4xx_hal_tim_ex.o
                0x08008990                HAL_TIMEx_BreakCallback
 .text.HAL_UART_Init
                0x080089a4       0xa0 ./Drivers/STM32F4xx_HAL_Driver/Src/stm32f4xx_hal_uart.o
                0x080089a4                HAL_UART_Init
 .text.HAL_UART_Transmit
                0x08008a44      0x116 ./Drivers/STM32F4xx_HAL_Driver/Src/stm32f4xx_hal_uart.o
                0x08008a44                HAL_UART_Transmit
 .text.HAL_UART_Receive
                0x08008b5a      0x12e ./Drivers/STM32F4xx_HAL_Driver/Src/stm32f4xx_hal_uart.o
                0x08008b5a                HAL_UART_Receive
 .text.UART_WaitOnFlagUntilTimeout
                0x08008c88       0xb2 ./Drivers/STM32F4xx_HAL_Driver/Src/stm32f4xx_hal_uart.o
 .text.UART_EndRxTransfer
                0x08008d3a       0xc6 ./Drivers/STM32F4xx_HAL_Driver/Src/stm32f4xx_hal_uart.o
 .text.UART_SetConfig
                0x08008e00      0x4e8 ./Drivers/STM32F4xx_HAL_Driver/Src/stm32f4xx_hal_uart.o
 .text.USB_CoreInit
                0x080092e8       0xc8 ./Drivers/STM32F4xx_HAL_Driver/Src/stm32f4xx_ll_usb.o
                0x080092e8                USB_CoreInit
 .text.USB_EnableGlobalInt
                0x080093b0       0x22 ./Drivers/STM32F4xx_HAL_Driver/Src/stm32f4xx_ll_usb.o
                0x080093b0                USB_EnableGlobalInt
 .text.USB_DisableGlobalInt
                0x080093d2       0x22 ./Drivers/STM32F4xx_HAL_Driver/Src/stm32f4xx_ll_usb.o
                0x080093d2                USB_DisableGlobalInt
 .text.USB_SetCurrentMode
                0x080093f4       0x98 ./Drivers/STM32F4xx_HAL_Driver/Src/stm32f4xx_ll_usb.o
                0x080093f4                USB_SetCurrentMode
 .text.USB_FlushTxFifo
                0x0800948c       0x64 ./Drivers/STM32F4xx_HAL_Driver/Src/stm32f4xx_ll_usb.o
                0x0800948c                USB_FlushTxFifo
 .text.USB_FlushRxFifo
                0x080094f0       0x5c ./Drivers/STM32F4xx_HAL_Driver/Src/stm32f4xx_ll_usb.o
                0x080094f0                USB_FlushRxFifo
 .text.USB_WritePacket
                0x0800954c       0x7c ./Drivers/STM32F4xx_HAL_Driver/Src/stm32f4xx_ll_usb.o
                0x0800954c                USB_WritePacket
 .text.USB_ReadPacket
                0x080095c8       0xb0 ./Drivers/STM32F4xx_HAL_Driver/Src/stm32f4xx_ll_usb.o
                0x080095c8                USB_ReadPacket
 .text.USB_ReadInterrupts
                0x08009678       0x26 ./Drivers/STM32F4xx_HAL_Driver/Src/stm32f4xx_ll_usb.o
                0x08009678                USB_ReadInterrupts
 .text.USB_ReadChInterrupts
                0x0800969e       0x42 ./Drivers/STM32F4xx_HAL_Driver/Src/stm32f4xx_ll_usb.o
                0x0800969e                USB_ReadChInterrupts
 .text.USB_GetMode
                0x080096e0       0x1c ./Drivers/STM32F4xx_HAL_Driver/Src/stm32f4xx_ll_usb.o
                0x080096e0                USB_GetMode
 .text.USB_CoreReset
                0x080096fc       0x70 ./Drivers/STM32F4xx_HAL_Driver/Src/stm32f4xx_ll_usb.o
 .text.USB_HostInit
                0x0800976c      0x188 ./Drivers/STM32F4xx_HAL_Driver/Src/stm32f4xx_ll_usb.o
                0x0800976c                USB_HostInit
 .text.USB_InitFSLSPClkSel
                0x080098f4       0x7a ./Drivers/STM32F4xx_HAL_Driver/Src/stm32f4xx_ll_usb.o
                0x080098f4                USB_InitFSLSPClkSel
 .text.USB_ResetPort
                0x0800996e       0x54 ./Drivers/STM32F4xx_HAL_Driver/Src/stm32f4xx_ll_usb.o
                0x0800996e                USB_ResetPort
 .text.USB_DriveVbus
                0x080099c2       0x72 ./Drivers/STM32F4xx_HAL_Driver/Src/stm32f4xx_ll_usb.o
                0x080099c2                USB_DriveVbus
 .text.USB_GetHostSpeed
                0x08009a34       0x2e ./Drivers/STM32F4xx_HAL_Driver/Src/stm32f4xx_ll_usb.o
                0x08009a34                USB_GetHostSpeed
 .text.USB_GetCurrentFrame
                0x08009a62       0x22 ./Drivers/STM32F4xx_HAL_Driver/Src/stm32f4xx_ll_usb.o
                0x08009a62                USB_GetCurrentFrame
 .text.USB_HC_Init
                0x08009a84      0x258 ./Drivers/STM32F4xx_HAL_Driver/Src/stm32f4xx_ll_usb.o
                0x08009a84                USB_HC_Init
 .text.USB_HC_StartXfer
                0x08009cdc      0x4f4 ./Drivers/STM32F4xx_HAL_Driver/Src/stm32f4xx_ll_usb.o
                0x08009cdc                USB_HC_StartXfer
 .text.USB_HC_ReadInterrupt
                0x0800a1d0       0x22 ./Drivers/STM32F4xx_HAL_Driver/Src/stm32f4xx_ll_usb.o
                0x0800a1d0                USB_HC_ReadInterrupt
 .text.USB_HC_Halt
                0x0800a1f2      0x240 ./Drivers/STM32F4xx_HAL_Driver/Src/stm32f4xx_ll_usb.o
                0x0800a1f2                USB_HC_Halt
 *fill*         0x0800a432        0x2 
 .text.USB_DoPing
                0x0800a434       0x78 ./Drivers/STM32F4xx_HAL_Driver/Src/stm32f4xx_ll_usb.o
                0x0800a434                USB_DoPing
 .text.USB_StopHost
                0x0800a4ac      0x124 ./Drivers/STM32F4xx_HAL_Driver/Src/stm32f4xx_ll_usb.o
                0x0800a4ac                USB_StopHost
 .text.USBH_CDC_InterfaceInit
                0x0800a5d0      0x2ac ./Middlewares/ST/STM32_USB_Host_Library/Class/CDC/Src/usbh_cdc.o
 .text.USBH_CDC_InterfaceDeInit
                0x0800a87c       0xb2 ./Middlewares/ST/STM32_USB_Host_Library/Class/CDC/Src/usbh_cdc.o
 .text.USBH_CDC_ClassRequest
                0x0800a92e       0x3e ./Middlewares/ST/STM32_USB_Host_Library/Class/CDC/Src/usbh_cdc.o
 .text.USBH_CDC_Process
                0x0800a96c      0x12c ./Middlewares/ST/STM32_USB_Host_Library/Class/CDC/Src/usbh_cdc.o
 .text.USBH_CDC_SOFProcess
                0x0800aa98       0x16 ./Middlewares/ST/STM32_USB_Host_Library/Class/CDC/Src/usbh_cdc.o
 .text.GetLineCoding
                0x0800aaae       0x3e ./Middlewares/ST/STM32_USB_Host_Library/Class/CDC/Src/usbh_cdc.o
 .text.SetLineCoding
                0x0800aaec       0x3e ./Middlewares/ST/STM32_USB_Host_Library/Class/CDC/Src/usbh_cdc.o
 .text.CDC_ProcessTransmission
                0x0800ab2a      0x104 ./Middlewares/ST/STM32_USB_Host_Library/Class/CDC/Src/usbh_cdc.o
 .text.CDC_ProcessReception
                0x0800ac2e       0xc2 ./Middlewares/ST/STM32_USB_Host_Library/Class/CDC/Src/usbh_cdc.o
 .text.USBH_CDC_TransmitCallback
                0x0800acf0       0x14 ./Middlewares/ST/STM32_USB_Host_Library/Class/CDC/Src/usbh_cdc.o
                0x0800acf0                USBH_CDC_TransmitCallback
 .text.USBH_CDC_ReceiveCallback
                0x0800ad04       0x14 ./Middlewares/ST/STM32_USB_Host_Library/Class/CDC/Src/usbh_cdc.o
                0x0800ad04                USBH_CDC_ReceiveCallback
 .text.USBH_CDC_LineCodingChanged
                0x0800ad18       0x14 ./Middlewares/ST/STM32_USB_Host_Library/Class/CDC/Src/usbh_cdc.o
                0x0800ad18                USBH_CDC_LineCodingChanged
 .text.USBH_Init
                0x0800ad2c       0xb8 ./Middlewares/ST/STM32_USB_Host_Library/Core/Src/usbh_core.o
                0x0800ad2c                USBH_Init
 .text.DeInitStateMachine
                0x0800ade4       0xe2 ./Middlewares/ST/STM32_USB_Host_Library/Core/Src/usbh_core.o
 .text.USBH_RegisterClass
                0x0800aec6       0x54 ./Middlewares/ST/STM32_USB_Host_Library/Core/Src/usbh_core.o
                0x0800aec6                USBH_RegisterClass
 .text.USBH_SelectInterface
                0x0800af1a       0x38 ./Middlewares/ST/STM32_USB_Host_Library/Core/Src/usbh_core.o
                0x0800af1a                USBH_SelectInterface
 .text.USBH_FindInterface
                0x0800af52       0x8c ./Middlewares/ST/STM32_USB_Host_Library/Core/Src/usbh_core.o
                0x0800af52                USBH_FindInterface
 .text.USBH_Start
                0x0800afde       0x20 ./Middlewares/ST/STM32_USB_Host_Library/Core/Src/usbh_core.o
                0x0800afde                USBH_Start
 *fill*         0x0800affe        0x2 
 .text.USBH_Process
                0x0800b000      0x434 ./Middlewares/ST/STM32_USB_Host_Library/Core/Src/usbh_core.o
                0x0800b000                USBH_Process
 .text.USBH_HandleEnum
                0x0800b434      0x3fc ./Middlewares/ST/STM32_USB_Host_Library/Core/Src/usbh_core.o
 .text.USBH_LL_SetTimer
                0x0800b830       0x1e ./Middlewares/ST/STM32_USB_Host_Library/Core/Src/usbh_core.o
                0x0800b830                USBH_LL_SetTimer
 .text.USBH_LL_IncTimer
                0x0800b84e       0x24 ./Middlewares/ST/STM32_USB_Host_Library/Core/Src/usbh_core.o
                0x0800b84e                USBH_LL_IncTimer
 .text.USBH_HandleSof
                0x0800b872       0x30 ./Middlewares/ST/STM32_USB_Host_Library/Core/Src/usbh_core.o
 .text.USBH_LL_PortEnabled
                0x0800b8a2       0x24 ./Middlewares/ST/STM32_USB_Host_Library/Core/Src/usbh_core.o
                0x0800b8a2                USBH_LL_PortEnabled
 .text.USBH_LL_PortDisabled
                0x0800b8c6       0x24 ./Middlewares/ST/STM32_USB_Host_Library/Core/Src/usbh_core.o
                0x0800b8c6                USBH_LL_PortDisabled
 .text.USBH_LL_Connect
                0x0800b8ea       0x36 ./Middlewares/ST/STM32_USB_Host_Library/Core/Src/usbh_core.o
                0x0800b8ea                USBH_LL_Connect
 .text.USBH_LL_Disconnect
                0x0800b920       0x54 ./Middlewares/ST/STM32_USB_Host_Library/Core/Src/usbh_core.o
                0x0800b920                USBH_LL_Disconnect
 .text.USBH_OS_PutMessage
                0x0800b974       0x48 ./Middlewares/ST/STM32_USB_Host_Library/Core/Src/usbh_core.o
                0x0800b974                USBH_OS_PutMessage
 .text.USBH_Process_OS
                0x0800b9bc       0x2e ./Middlewares/ST/STM32_USB_Host_Library/Core/Src/usbh_core.o
 .text.USBH_LL_NotifyURBChange
                0x0800b9ea       0x1e ./Middlewares/ST/STM32_USB_Host_Library/Core/Src/usbh_core.o
                0x0800b9ea                USBH_LL_NotifyURBChange
 .text.USBH_Get_DevDesc
                0x0800ba08       0x58 ./Middlewares/ST/STM32_USB_Host_Library/Core/Src/usbh_ctlreq.o
                0x0800ba08                USBH_Get_DevDesc
 .text.USBH_Get_CfgDesc
                0x0800ba60       0x54 ./Middlewares/ST/STM32_USB_Host_Library/Core/Src/usbh_ctlreq.o
                0x0800ba60                USBH_Get_CfgDesc
 .text.USBH_Get_StringDesc
                0x0800bab4       0x68 ./Middlewares/ST/STM32_USB_Host_Library/Core/Src/usbh_ctlreq.o
                0x0800bab4                USBH_Get_StringDesc
 .text.USBH_GetDescriptor
                0x0800bb1c       0x6a ./Middlewares/ST/STM32_USB_Host_Library/Core/Src/usbh_ctlreq.o
                0x0800bb1c                USBH_GetDescriptor
 .text.USBH_SetAddress
                0x0800bb86       0x48 ./Middlewares/ST/STM32_USB_Host_Library/Core/Src/usbh_ctlreq.o
                0x0800bb86                USBH_SetAddress
 .text.USBH_SetCfg
                0x0800bbce       0x46 ./Middlewares/ST/STM32_USB_Host_Library/Core/Src/usbh_ctlreq.o
                0x0800bbce                USBH_SetCfg
 .text.USBH_SetFeature
                0x0800bc14       0x48 ./Middlewares/ST/STM32_USB_Host_Library/Core/Src/usbh_ctlreq.o
                0x0800bc14                USBH_SetFeature
 .text.USBH_ClrFeature
                0x0800bc5c       0x48 ./Middlewares/ST/STM32_USB_Host_Library/Core/Src/usbh_ctlreq.o
                0x0800bc5c                USBH_ClrFeature
 .text.USBH_ParseDevDesc
                0x0800bca4      0x160 ./Middlewares/ST/STM32_USB_Host_Library/Core/Src/usbh_ctlreq.o
 .text.USBH_ParseCfgDesc
                0x0800be04      0x1f8 ./Middlewares/ST/STM32_USB_Host_Library/Core/Src/usbh_ctlreq.o
 .text.USBH_ParseInterfaceDesc
                0x0800bffc       0x5e ./Middlewares/ST/STM32_USB_Host_Library/Core/Src/usbh_ctlreq.o
 .text.USBH_ParseEPDesc
                0x0800c05a      0x1d0 ./Middlewares/ST/STM32_USB_Host_Library/Core/Src/usbh_ctlreq.o
 .text.USBH_ParseStringDesc
                0x0800c22a       0x66 ./Middlewares/ST/STM32_USB_Host_Library/Core/Src/usbh_ctlreq.o
 .text.USBH_GetNextDesc
                0x0800c290       0x34 ./Middlewares/ST/STM32_USB_Host_Library/Core/Src/usbh_ctlreq.o
                0x0800c290                USBH_GetNextDesc
 .text.USBH_CtlReq
                0x0800c2c4       0x92 ./Middlewares/ST/STM32_USB_Host_Library/Core/Src/usbh_ctlreq.o
                0x0800c2c4                USBH_CtlReq
 *fill*         0x0800c356        0x2 
 .text.USBH_HandleControl
                0x0800c358      0x3a0 ./Middlewares/ST/STM32_USB_Host_Library/Core/Src/usbh_ctlreq.o
 .text.USBH_CtlSendSetup
                0x0800c6f8       0x34 ./Middlewares/ST/STM32_USB_Host_Library/Core/Src/usbh_ioreq.o
                0x0800c6f8                USBH_CtlSendSetup
 .text.USBH_CtlSendData
                0x0800c72c       0x4a ./Middlewares/ST/STM32_USB_Host_Library/Core/Src/usbh_ioreq.o
                0x0800c72c                USBH_CtlSendData
 .text.USBH_CtlReceiveData
                0x0800c776       0x3c ./Middlewares/ST/STM32_USB_Host_Library/Core/Src/usbh_ioreq.o
                0x0800c776                USBH_CtlReceiveData
 .text.USBH_BulkSendData
                0x0800c7b2       0x4a ./Middlewares/ST/STM32_USB_Host_Library/Core/Src/usbh_ioreq.o
                0x0800c7b2                USBH_BulkSendData
 .text.USBH_BulkReceiveData
                0x0800c7fc       0x3c ./Middlewares/ST/STM32_USB_Host_Library/Core/Src/usbh_ioreq.o
                0x0800c7fc                USBH_BulkReceiveData
 .text.USBH_OpenPipe
                0x0800c838       0x3e ./Middlewares/ST/STM32_USB_Host_Library/Core/Src/usbh_pipes.o
                0x0800c838                USBH_OpenPipe
 .text.USBH_ClosePipe
                0x0800c876       0x20 ./Middlewares/ST/STM32_USB_Host_Library/Core/Src/usbh_pipes.o
                0x0800c876                USBH_ClosePipe
 .text.USBH_AllocPipe
                0x0800c896       0x42 ./Middlewares/ST/STM32_USB_Host_Library/Core/Src/usbh_pipes.o
                0x0800c896                USBH_AllocPipe
 .text.USBH_FreePipe
                0x0800c8d8       0x3c ./Middlewares/ST/STM32_USB_Host_Library/Core/Src/usbh_pipes.o
                0x0800c8d8                USBH_FreePipe
 .text.USBH_GetFreePipe
                0x0800c914       0x48 ./Middlewares/ST/STM32_USB_Host_Library/Core/Src/usbh_pipes.o
 .text.__NVIC_SetPriority
                0x0800c95c       0x54 ./Middlewares/Third_Party/FreeRTOS/Source/CMSIS_RTOS_V2/cmsis_os2.o
 .text.SysTick_Handler
                0x0800c9b0       0x20 ./Middlewares/Third_Party/FreeRTOS/Source/CMSIS_RTOS_V2/cmsis_os2.o
                0x0800c9b0                SysTick_Handler
 .text.SVC_Setup
                0x0800c9d0       0x12 ./Middlewares/Third_Party/FreeRTOS/Source/CMSIS_RTOS_V2/cmsis_os2.o
 *fill*         0x0800c9e2        0x2 
 .text.osKernelInitialize
                0x0800c9e4       0x48 ./Middlewares/Third_Party/FreeRTOS/Source/CMSIS_RTOS_V2/cmsis_os2.o
                0x0800c9e4                osKernelInitialize
 .text.osKernelStart
                0x0800ca2c       0x4c ./Middlewares/Third_Party/FreeRTOS/Source/CMSIS_RTOS_V2/cmsis_os2.o
                0x0800ca2c                osKernelStart
 .text.osThreadNew
                0x0800ca78      0x124 ./Middlewares/Third_Party/FreeRTOS/Source/CMSIS_RTOS_V2/cmsis_os2.o
                0x0800ca78                osThreadNew
 .text.osDelay  0x0800cb9c       0x36 ./Middlewares/Third_Party/FreeRTOS/Source/CMSIS_RTOS_V2/cmsis_os2.o
                0x0800cb9c                osDelay
 .text.osMutexNew
                0x0800cbd2      0x10c ./Middlewares/Third_Party/FreeRTOS/Source/CMSIS_RTOS_V2/cmsis_os2.o
                0x0800cbd2                osMutexNew
 .text.osSemaphoreNew
                0x0800ccde      0x112 ./Middlewares/Third_Party/FreeRTOS/Source/CMSIS_RTOS_V2/cmsis_os2.o
                0x0800ccde                osSemaphoreNew
 .text.osMessageQueueNew
                0x0800cdf0       0xe6 ./Middlewares/Third_Party/FreeRTOS/Source/CMSIS_RTOS_V2/cmsis_os2.o
                0x0800cdf0                osMessageQueueNew
 *fill*         0x0800ced6        0x2 
 .text.osMessageQueuePut
                0x0800ced8       0xc0 ./Middlewares/Third_Party/FreeRTOS/Source/CMSIS_RTOS_V2/cmsis_os2.o
                0x0800ced8                osMessageQueuePut
 .text.osMessageQueueGet
                0x0800cf98       0xbc ./Middlewares/Third_Party/FreeRTOS/Source/CMSIS_RTOS_V2/cmsis_os2.o
                0x0800cf98                osMessageQueueGet
 .text.osMessageQueueGetSpace
                0x0800d054       0x6a ./Middlewares/Third_Party/FreeRTOS/Source/CMSIS_RTOS_V2/cmsis_os2.o
                0x0800d054                osMessageQueueGetSpace
 *fill*         0x0800d0be        0x2 
 .text.vApplicationGetIdleTaskMemory
                0x0800d0c0       0x34 ./Middlewares/Third_Party/FreeRTOS/Source/CMSIS_RTOS_V2/cmsis_os2.o
                0x0800d0c0                vApplicationGetIdleTaskMemory
 .text.vApplicationGetTimerTaskMemory
                0x0800d0f4       0x34 ./Middlewares/Third_Party/FreeRTOS/Source/CMSIS_RTOS_V2/cmsis_os2.o
                0x0800d0f4                vApplicationGetTimerTaskMemory
 .text.vListInitialise
                0x0800d128       0x40 ./Middlewares/Third_Party/FreeRTOS/Source/list.o
                0x0800d128                vListInitialise
 .text.vListInitialiseItem
                0x0800d168       0x1a ./Middlewares/Third_Party/FreeRTOS/Source/list.o
                0x0800d168                vListInitialiseItem
 .text.vListInsertEnd
                0x0800d182       0x48 ./Middlewares/Third_Party/FreeRTOS/Source/list.o
                0x0800d182                vListInsertEnd
 .text.vListInsert
                0x0800d1ca       0x72 ./Middlewares/Third_Party/FreeRTOS/Source/list.o
                0x0800d1ca                vListInsert
 .text.uxListRemove
                0x0800d23c       0x54 ./Middlewares/Third_Party/FreeRTOS/Source/list.o
                0x0800d23c                uxListRemove
 .text.xQueueGenericReset
                0x0800d290       0xd4 ./Middlewares/Third_Party/FreeRTOS/Source/queue.o
                0x0800d290                xQueueGenericReset
 .text.xQueueGenericCreateStatic
                0x0800d364       0xfa ./Middlewares/Third_Party/FreeRTOS/Source/queue.o
                0x0800d364                xQueueGenericCreateStatic
 .text.xQueueGenericCreate
                0x0800d45e       0x76 ./Middlewares/Third_Party/FreeRTOS/Source/queue.o
                0x0800d45e                xQueueGenericCreate
 .text.prvInitialiseNewQueue
                0x0800d4d4       0x46 ./Middlewares/Third_Party/FreeRTOS/Source/queue.o
 .text.prvInitialiseMutex
                0x0800d51a       0x34 ./Middlewares/Third_Party/FreeRTOS/Source/queue.o
 .text.xQueueCreateMutex
                0x0800d54e       0x30 ./Middlewares/Third_Party/FreeRTOS/Source/queue.o
                0x0800d54e                xQueueCreateMutex
 .text.xQueueCreateMutexStatic
                0x0800d57e       0x36 ./Middlewares/Third_Party/FreeRTOS/Source/queue.o
                0x0800d57e                xQueueCreateMutexStatic
 .text.xQueueCreateCountingSemaphoreStatic
                0x0800d5b4       0x72 ./Middlewares/Third_Party/FreeRTOS/Source/queue.o
                0x0800d5b4                xQueueCreateCountingSemaphoreStatic
 .text.xQueueCreateCountingSemaphore
                0x0800d626       0x6a ./Middlewares/Third_Party/FreeRTOS/Source/queue.o
                0x0800d626                xQueueCreateCountingSemaphore
 .text.xQueueGenericSend
                0x0800d690      0x204 ./Middlewares/Third_Party/FreeRTOS/Source/queue.o
                0x0800d690                xQueueGenericSend
 .text.xQueueGenericSendFromISR
                0x0800d894      0x13c ./Middlewares/Third_Party/FreeRTOS/Source/queue.o
                0x0800d894                xQueueGenericSendFromISR
 .text.xQueueReceive
                0x0800d9d0      0x1c4 ./Middlewares/Third_Party/FreeRTOS/Source/queue.o
                0x0800d9d0                xQueueReceive
 .text.xQueueReceiveFromISR
                0x0800db94      0x104 ./Middlewares/Third_Party/FreeRTOS/Source/queue.o
                0x0800db94                xQueueReceiveFromISR
 .text.uxQueueSpacesAvailable
                0x0800dc98       0x48 ./Middlewares/Third_Party/FreeRTOS/Source/queue.o
                0x0800dc98                uxQueueSpacesAvailable
 .text.vQueueDelete
                0x0800dce0       0x48 ./Middlewares/Third_Party/FreeRTOS/Source/queue.o
                0x0800dce0                vQueueDelete
 .text.prvCopyDataToQueue
                0x0800dd28       0xd4 ./Middlewares/Third_Party/FreeRTOS/Source/queue.o
 .text.prvCopyDataFromQueue
                0x0800ddfc       0x4c ./Middlewares/Third_Party/FreeRTOS/Source/queue.o
 .text.prvUnlockQueue
                0x0800de48       0xa4 ./Middlewares/Third_Party/FreeRTOS/Source/queue.o
 .text.prvIsQueueEmpty
                0x0800deec       0x2c ./Middlewares/Third_Party/FreeRTOS/Source/queue.o
 .text.prvIsQueueFull
                0x0800df18       0x30 ./Middlewares/Third_Party/FreeRTOS/Source/queue.o
 .text.vQueueAddToRegistry
                0x0800df48       0x54 ./Middlewares/Third_Party/FreeRTOS/Source/queue.o
                0x0800df48                vQueueAddToRegistry
 .text.vQueueUnregisterQueue
                0x0800df9c       0x54 ./Middlewares/Third_Party/FreeRTOS/Source/queue.o
                0x0800df9c                vQueueUnregisterQueue
 .text.vQueueWaitForMessageRestricted
                0x0800dff0       0x68 ./Middlewares/Third_Party/FreeRTOS/Source/queue.o
                0x0800dff0                vQueueWaitForMessageRestricted
 .text.xTaskCreateStatic
                0x0800e058       0xc0 ./Middlewares/Third_Party/FreeRTOS/Source/tasks.o
                0x0800e058                xTaskCreateStatic
 .text.xTaskCreate
                0x0800e118       0x8a ./Middlewares/Third_Party/FreeRTOS/Source/tasks.o
                0x0800e118                xTaskCreate
 *fill*         0x0800e1a2        0x2 
 .text.prvInitialiseNewTask
                0x0800e1a4      0x150 ./Middlewares/Third_Party/FreeRTOS/Source/tasks.o
 .text.prvAddNewTaskToReadyList
                0x0800e2f4       0xe0 ./Middlewares/Third_Party/FreeRTOS/Source/tasks.o
 .text.vTaskDelay
                0x0800e3d4       0x6c ./Middlewares/Third_Party/FreeRTOS/Source/tasks.o
                0x0800e3d4                vTaskDelay
 .text.vTaskStartScheduler
                0x0800e440       0xe0 ./Middlewares/Third_Party/FreeRTOS/Source/tasks.o
                0x0800e440                vTaskStartScheduler
 .text.vTaskSuspendAll
                0x0800e520       0x1c ./Middlewares/Third_Party/FreeRTOS/Source/tasks.o
                0x0800e520                vTaskSuspendAll
 .text.xTaskResumeAll
                0x0800e53c      0x13c ./Middlewares/Third_Party/FreeRTOS/Source/tasks.o
                0x0800e53c                xTaskResumeAll
 .text.xTaskGetTickCount
                0x0800e678       0x20 ./Middlewares/Third_Party/FreeRTOS/Source/tasks.o
                0x0800e678                xTaskGetTickCount
 .text.xTaskIncrementTick
                0x0800e698      0x174 ./Middlewares/Third_Party/FreeRTOS/Source/tasks.o
                0x0800e698                xTaskIncrementTick
 .text.vTaskSwitchContext
                0x0800e80c       0xcc ./Middlewares/Third_Party/FreeRTOS/Source/tasks.o
                0x0800e80c                vTaskSwitchContext
 .text.vTaskPlaceOnEventList
                0x0800e8d8       0x4c ./Middlewares/Third_Party/FreeRTOS/Source/tasks.o
                0x0800e8d8                vTaskPlaceOnEventList
 .text.vTaskPlaceOnEventListRestricted
                0x0800e924       0x58 ./Middlewares/Third_Party/FreeRTOS/Source/tasks.o
                0x0800e924                vTaskPlaceOnEventListRestricted
 .text.xTaskRemoveFromEventList
                0x0800e97c       0xc8 ./Middlewares/Third_Party/FreeRTOS/Source/tasks.o
                0x0800e97c                xTaskRemoveFromEventList
 .text.vTaskInternalSetTimeOutState
                0x0800ea44       0x2c ./Middlewares/Third_Party/FreeRTOS/Source/tasks.o
                0x0800ea44                vTaskInternalSetTimeOutState
 .text.xTaskCheckForTimeOut
                0x0800ea70       0xc8 ./Middlewares/Third_Party/FreeRTOS/Source/tasks.o
                0x0800ea70                xTaskCheckForTimeOut
 .text.vTaskMissedYield
                0x0800eb38       0x18 ./Middlewares/Third_Party/FreeRTOS/Source/tasks.o
                0x0800eb38                vTaskMissedYield
 .text.prvIdleTask
                0x0800eb50       0x30 ./Middlewares/Third_Party/FreeRTOS/Source/tasks.o
 .text.prvInitialiseTaskLists
                0x0800eb80       0x80 ./Middlewares/Third_Party/FreeRTOS/Source/tasks.o
 .text.prvCheckTasksWaitingTermination
                0x0800ec00       0x5c ./Middlewares/Third_Party/FreeRTOS/Source/tasks.o
 .text.prvDeleteTCB
                0x0800ec5c       0x6a ./Middlewares/Third_Party/FreeRTOS/Source/tasks.o
 *fill*         0x0800ecc6        0x2 
 .text.prvResetNextTaskUnblockTime
                0x0800ecc8       0x40 ./Middlewares/Third_Party/FreeRTOS/Source/tasks.o
 .text.xTaskGetSchedulerState
                0x0800ed08       0x3c ./Middlewares/Third_Party/FreeRTOS/Source/tasks.o
                0x0800ed08                xTaskGetSchedulerState
 .text.xTaskPriorityDisinherit
                0x0800ed44       0xe0 ./Middlewares/Third_Party/FreeRTOS/Source/tasks.o
                0x0800ed44                xTaskPriorityDisinherit
 .text.prvAddCurrentTaskToDelayedList
                0x0800ee24       0xa8 ./Middlewares/Third_Party/FreeRTOS/Source/tasks.o
 .text.xTimerCreateTimerTask
                0x0800eecc       0x94 ./Middlewares/Third_Party/FreeRTOS/Source/timers.o
                0x0800eecc                xTimerCreateTimerTask
 .text.xTimerGenericCommand
                0x0800ef60       0x9c ./Middlewares/Third_Party/FreeRTOS/Source/timers.o
                0x0800ef60                xTimerGenericCommand
 .text.prvProcessExpiredTimer
                0x0800effc       0x9c ./Middlewares/Third_Party/FreeRTOS/Source/timers.o
 .text.prvTimerTask
                0x0800f098       0x26 ./Middlewares/Third_Party/FreeRTOS/Source/timers.o
 *fill*         0x0800f0be        0x2 
 .text.prvProcessTimerOrBlockTask
                0x0800f0c0       0x9c ./Middlewares/Third_Party/FreeRTOS/Source/timers.o
 .text.prvGetNextExpireTime
                0x0800f15c       0x48 ./Middlewares/Third_Party/FreeRTOS/Source/timers.o
 .text.prvSampleTimeNow
                0x0800f1a4       0x40 ./Middlewares/Third_Party/FreeRTOS/Source/timers.o
 .text.prvInsertTimerInActiveList
                0x0800f1e4       0x84 ./Middlewares/Third_Party/FreeRTOS/Source/timers.o
 .text.prvProcessReceivedCommands
                0x0800f268      0x1cc ./Middlewares/Third_Party/FreeRTOS/Source/timers.o
 .text.prvSwitchTimerLists
                0x0800f434       0xcc ./Middlewares/Third_Party/FreeRTOS/Source/timers.o
 .text.prvCheckForValidListAndQueue
                0x0800f500       0x80 ./Middlewares/Third_Party/FreeRTOS/Source/timers.o
 .text.pxPortInitialiseStack
                0x0800f580       0x68 ./Middlewares/Third_Party/FreeRTOS/Source/portable/GCC/ARM_CM4F/port.o
                0x0800f580                pxPortInitialiseStack
 .text.prvTaskExitError
                0x0800f5e8       0x5c ./Middlewares/Third_Party/FreeRTOS/Source/portable/GCC/ARM_CM4F/port.o
 *fill*         0x0800f644        0xc 
 .text.SVC_Handler
                0x0800f650       0x28 ./Middlewares/Third_Party/FreeRTOS/Source/portable/GCC/ARM_CM4F/port.o
                0x0800f650                SVC_Handler
 .text.prvPortStartFirstTask
                0x0800f678       0x28 ./Middlewares/Third_Party/FreeRTOS/Source/portable/GCC/ARM_CM4F/port.o
 .text.xPortStartScheduler
                0x0800f6a0      0x148 ./Middlewares/Third_Party/FreeRTOS/Source/portable/GCC/ARM_CM4F/port.o
                0x0800f6a0                xPortStartScheduler
 .text.vPortEnterCritical
                0x0800f7e8       0x64 ./Middlewares/Third_Party/FreeRTOS/Source/portable/GCC/ARM_CM4F/port.o
                0x0800f7e8                vPortEnterCritical
 .text.vPortExitCritical
                0x0800f84c       0x54 ./Middlewares/Third_Party/FreeRTOS/Source/portable/GCC/ARM_CM4F/port.o
                0x0800f84c                vPortExitCritical
 .text.PendSV_Handler
                0x0800f8a0       0x68 ./Middlewares/Third_Party/FreeRTOS/Source/portable/GCC/ARM_CM4F/port.o
                0x0800f8a0                PendSV_Handler
 .text.xPortSysTickHandler
                0x0800f908       0x44 ./Middlewares/Third_Party/FreeRTOS/Source/portable/GCC/ARM_CM4F/port.o
                0x0800f908                xPortSysTickHandler
 .text.vPortSetupTimerInterrupt
                0x0800f94c       0x48 ./Middlewares/Third_Party/FreeRTOS/Source/portable/GCC/ARM_CM4F/port.o
                0x0800f94c                vPortSetupTimerInterrupt
 .text.vPortEnableVFP
                0x0800f994       0x14 ./Middlewares/Third_Party/FreeRTOS/Source/portable/GCC/ARM_CM4F/port.o
 .text.vPortValidateInterruptPriority
                0x0800f9a8       0x84 ./Middlewares/Third_Party/FreeRTOS/Source/portable/GCC/ARM_CM4F/port.o
                0x0800f9a8                vPortValidateInterruptPriority
 .text.pvPortMalloc
                0x0800fa2c      0x19c ./Middlewares/Third_Party/FreeRTOS/Source/portable/MemMang/heap_4.o
                0x0800fa2c                pvPortMalloc
 .text.vPortFree
                0x0800fbc8       0xc8 ./Middlewares/Third_Party/FreeRTOS/Source/portable/MemMang/heap_4.o
                0x0800fbc8                vPortFree
 .text.prvHeapInit
                0x0800fc90       0xc4 ./Middlewares/Third_Party/FreeRTOS/Source/portable/MemMang/heap_4.o
 .text.prvInsertBlockIntoFreeList
                0x0800fd54       0xb4 ./Middlewares/Third_Party/FreeRTOS/Source/portable/MemMang/heap_4.o
 .text.MX_USB_HOST_Init
                0x0800fe08       0x4c ./USB_HOST/App/usb_host.o
                0x0800fe08                MX_USB_HOST_Init
 .text.USBH_UserProcess
                0x0800fe54       0x5c ./USB_HOST/App/usb_host.o
 .text.HAL_HCD_MspInit
                0x0800feb0       0xc4 ./USB_HOST/Target/usbh_conf.o
                0x0800feb0                HAL_HCD_MspInit
 .text.HAL_HCD_SOF_Callback
                0x0800ff74       0x1c ./USB_HOST/Target/usbh_conf.o
                0x0800ff74                HAL_HCD_SOF_Callback
 .text.HAL_HCD_Connect_Callback
                0x0800ff90       0x1c ./USB_HOST/Target/usbh_conf.o
                0x0800ff90                HAL_HCD_Connect_Callback
 .text.HAL_HCD_Disconnect_Callback
                0x0800ffac       0x1c ./USB_HOST/Target/usbh_conf.o
                0x0800ffac                HAL_HCD_Disconnect_Callback
 .text.HAL_HCD_HC_NotifyURBChange_Callback
                0x0800ffc8       0x24 ./USB_HOST/Target/usbh_conf.o
                0x0800ffc8                HAL_HCD_HC_NotifyURBChange_Callback
 .text.HAL_HCD_PortEnabled_Callback
                0x0800ffec       0x1c ./USB_HOST/Target/usbh_conf.o
                0x0800ffec                HAL_HCD_PortEnabled_Callback
 .text.HAL_HCD_PortDisabled_Callback
                0x08010008       0x1c ./USB_HOST/Target/usbh_conf.o
                0x08010008                HAL_HCD_PortDisabled_Callback
 .text.USBH_LL_Init
                0x08010024       0x78 ./USB_HOST/Target/usbh_conf.o
                0x08010024                USBH_LL_Init
 .text.USBH_LL_Start
                0x0801009c       0x36 ./USB_HOST/Target/usbh_conf.o
                0x0801009c                USBH_LL_Start
 .text.USBH_LL_Stop
                0x080100d2       0x36 ./USB_HOST/Target/usbh_conf.o
                0x080100d2                USBH_LL_Stop
 .text.USBH_LL_GetSpeed
                0x08010108       0x4e ./USB_HOST/Target/usbh_conf.o
                0x08010108                USBH_LL_GetSpeed
 .text.USBH_LL_ResetPort
                0x08010156       0x36 ./USB_HOST/Target/usbh_conf.o
                0x08010156                USBH_LL_ResetPort
 .text.USBH_LL_GetLastXferSize
                0x0801018c       0x26 ./USB_HOST/Target/usbh_conf.o
                0x0801018c                USBH_LL_GetLastXferSize
 .text.USBH_LL_OpenPipe
                0x080101b2       0x5e ./USB_HOST/Target/usbh_conf.o
                0x080101b2                USBH_LL_OpenPipe
 .text.USBH_LL_ClosePipe
                0x08010210       0x1a ./USB_HOST/Target/usbh_conf.o
                0x08010210                USBH_LL_ClosePipe
 .text.USBH_LL_SubmitURB
                0x0801022a       0x62 ./USB_HOST/Target/usbh_conf.o
                0x0801022a                USBH_LL_SubmitURB
 .text.USBH_LL_GetURBState
                0x0801028c       0x26 ./USB_HOST/Target/usbh_conf.o
                0x0801028c                USBH_LL_GetURBState
 .text.USBH_LL_DriverVBUS
                0x080102b2       0x2e ./USB_HOST/Target/usbh_conf.o
                0x080102b2                USBH_LL_DriverVBUS
 .text.USBH_LL_SetToggle
                0x080102e0       0x66 ./USB_HOST/Target/usbh_conf.o
                0x080102e0                USBH_LL_SetToggle
 .text.USBH_Delay
                0x08010346       0x16 ./USB_HOST/Target/usbh_conf.o
                0x08010346                USBH_Delay
 .text.USBH_Get_USB_Status
                0x0801035c       0x58 ./USB_HOST/Target/usbh_conf.o
                0x0801035c                USBH_Get_USB_Status
 .text.MX_DriverVbusFS
                0x080103b4       0x38 ./USB_HOST/Target/usbh_platform.o
                0x080103b4                MX_DriverVbusFS
 .text.__cvt    0x080103ec       0xca /Applications/STM32CubeIDE.app/Contents/Eclipse/plugins/com.st.stm32cube.ide.mcu.externaltools.gnu-tools-for-stm32.13.3.rel1.macos64_1.0.100.202509120712/tools/bin/../lib/gcc/arm-none-eabi/13.3.1/../../../../arm-none-eabi/lib/thumb/v7e-m+fp/hard/libc_nano.a(libc_a-nano-vfprintf_float.o)
                0x080103ec                __cvt
 .text.__exponent
                0x080104b6       0x74 /Applications/STM32CubeIDE.app/Contents/Eclipse/plugins/com.st.stm32cube.ide.mcu.externaltools.gnu-tools-for-stm32.13.3.rel1.macos64_1.0.100.202509120712/tools/bin/../lib/gcc/arm-none-eabi/13.3.1/../../../../arm-none-eabi/lib/thumb/v7e-m+fp/hard/libc_nano.a(libc_a-nano-vfprintf_float.o)
                0x080104b6                __exponent
 *fill*         0x0801052a        0x2 
 .text._printf_float
                0x0801052c      0x454 /Applications/STM32CubeIDE.app/Contents/Eclipse/plugins/com.st.stm32cube.ide.mcu.externaltools.gnu-tools-for-stm32.13.3.rel1.macos64_1.0.100.202509120712/tools/bin/../lib/gcc/arm-none-eabi/13.3.1/../../../../arm-none-eabi/lib/thumb/v7e-m+fp/hard/libc_nano.a(libc_a-nano-vfprintf_float.o)
                0x0801052c                _printf_float
 .text.malloc   0x08010980       0x10 /Applications/STM32CubeIDE.app/Contents/Eclipse/plugins/com.st.stm32cube.ide.mcu.externaltools.gnu-tools-for-stm32.13.3.rel1.macos64_1.0.100.202509120712/tools/bin/../lib/gcc/arm-none-eabi/13.3.1/../../../../arm-none-eabi/lib/thumb/v7e-m+fp/hard/libc_nano.a(libc_a-malloc.o)
                0x08010980                malloc
 .text.free     0x08010990       0x10 /Applications/STM32CubeIDE.app/Contents/Eclipse/plugins/com.st.stm32cube.ide.mcu.externaltools.gnu-tools-for-stm32.13.3.rel1.macos64_1.0.100.202509120712/tools/bin/../lib/gcc/arm-none-eabi/13.3.1/../../../../arm-none-eabi/lib/thumb/v7e-m+fp/hard/libc_nano.a(libc_a-malloc.o)
                0x08010990                free
 .text.sbrk_aligned
                0x080109a0       0x44 /Applications/STM32CubeIDE.app/Contents/Eclipse/plugins/com.st.stm32cube.ide.mcu.externaltools.gnu-tools-for-stm32.13.3.rel1.macos64_1.0.100.202509120712/tools/bin/../lib/gcc/arm-none-eabi/13.3.1/../../../../arm-none-eabi/lib/thumb/v7e-m+fp/hard/libc_nano.a(libc_a-mallocr.o)
 .text._malloc_r
                0x080109e4      0x100 /Applications/STM32CubeIDE.app/Contents/Eclipse/plugins/com.st.stm32cube.ide.mcu.externaltools.gnu-tools-for-stm32.13.3.rel1.macos64_1.0.100.202509120712/tools/bin/../lib/gcc/arm-none-eabi/13.3.1/../../../../arm-none-eabi/lib/thumb/v7e-m+fp/hard/libc_nano.a(libc_a-mallocr.o)
                0x080109e4                _malloc_r
 .text._printf_common
                0x08010ae4       0xda /Applications/STM32CubeIDE.app/Contents/Eclipse/plugins/com.st.stm32cube.ide.mcu.externaltools.gnu-tools-for-stm32.13.3.rel1.macos64_1.0.100.202509120712/tools/bin/../lib/gcc/arm-none-eabi/13.3.1/../../../../arm-none-eabi/lib/thumb/v7e-m+fp/hard/libc_nano.a(libc_a-nano-vfprintf_i.o)
                0x08010ae4                _printf_common
 *fill*         0x08010bbe        0x2 
 .text._printf_i
                0x08010bc0      0x23c /Applications/STM32CubeIDE.app/Contents/Eclipse/plugins/com.st.stm32cube.ide.mcu.externaltools.gnu-tools-for-stm32.13.3.rel1.macos64_1.0.100.202509120712/tools/bin/../lib/gcc/arm-none-eabi/13.3.1/../../../../arm-none-eabi/lib/thumb/v7e-m+fp/hard/libc_nano.a(libc_a-nano-vfprintf_i.o)
                0x08010bc0                _printf_i
 .text._scanf_float
                0x08010dfc      0x41c /Applications/STM32CubeIDE.app/Contents/Eclipse/plugins/com.st.stm32cube.ide.mcu.externaltools.gnu-tools-for-stm32.13.3.rel1.macos64_1.0.100.202509120712/tools/bin/../lib/gcc/arm-none-eabi/13.3.1/../../../../arm-none-eabi/lib/thumb/v7e-m+fp/hard/libc_nano.a(libc_a-nano-vfscanf_float.o)
                0x08010dfc                _scanf_float
 .text.snprintf
                0x08011218       0x6c /Applications/STM32CubeIDE.app/Contents/Eclipse/plugins/com.st.stm32cube.ide.mcu.externaltools.gnu-tools-for-stm32.13.3.rel1.macos64_1.0.100.202509120712/tools/bin/../lib/gcc/arm-none-eabi/13.3.1/../../../../arm-none-eabi/lib/thumb/v7e-m+fp/hard/libc_nano.a(libc_a-snprintf.o)
                0x08011218                snprintf
                0x08011218                sniprintf
 .text.__malloc_lock
                0x08011284        0xc /Applications/STM32CubeIDE.app/Contents/Eclipse/plugins/com.st.stm32cube.ide.mcu.externaltools.gnu-tools-for-stm32.13.3.rel1.macos64_1.0.100.202509120712/tools/bin/../lib/gcc/arm-none-eabi/13.3.1/../../../../arm-none-eabi/lib/thumb/v7e-m+fp/hard/libc_nano.a(libc_a-mlock.o)
                0x08011284                __malloc_lock
 .text.__malloc_unlock
                0x08011290        0xc /Applications/STM32CubeIDE.app/Contents/Eclipse/plugins/com.st.stm32cube.ide.mcu.externaltools.gnu-tools-for-stm32.13.3.rel1.macos64_1.0.100.202509120712/tools/bin/../lib/gcc/arm-none-eabi/13.3.1/../../../../arm-none-eabi/lib/thumb/v7e-m+fp/hard/libc_nano.a(libc_a-mlock.o)
                0x08011290                __malloc_unlock
 .text.sprintf  0x0801129c       0x44 /Applications/STM32CubeIDE.app/Contents/Eclipse/plugins/com.st.stm32cube.ide.mcu.externaltools.gnu-tools-for-stm32.13.3.rel1.macos64_1.0.100.202509120712/tools/bin/../lib/gcc/arm-none-eabi/13.3.1/../../../../arm-none-eabi/lib/thumb/v7e-m+fp/hard/libc_nano.a(libc_a-sprintf.o)
                0x0801129c                sprintf
                0x0801129c                siprintf
 .text.sscanf   0x080112e0       0x58 /Applications/STM32CubeIDE.app/Contents/Eclipse/plugins/com.st.stm32cube.ide.mcu.externaltools.gnu-tools-for-stm32.13.3.rel1.macos64_1.0.100.202509120712/tools/bin/../lib/gcc/arm-none-eabi/13.3.1/../../../../arm-none-eabi/lib/thumb/v7e-m+fp/hard/libc_nano.a(libc_a-sscanf.o)
                0x080112e0                sscanf
                0x080112e0                siscanf
 .text.__sread  0x08011338       0x22 /Applications/STM32CubeIDE.app/Contents/Eclipse/plugins/com.st.stm32cube.ide.mcu.externaltools.gnu-tools-for-stm32.13.3.rel1.macos64_1.0.100.202509120712/tools/bin/../lib/gcc/arm-none-eabi/13.3.1/../../../../arm-none-eabi/lib/thumb/v7e-m+fp/hard/libc_nano.a(libc_a-stdio.o)
                0x08011338                __sread
 .text.__seofread
                0x0801135a        0x4 /Applications/STM32CubeIDE.app/Contents/Eclipse/plugins/com.st.stm32cube.ide.mcu.externaltools.gnu-tools-for-stm32.13.3.rel1.macos64_1.0.100.202509120712/tools/bin/../lib/gcc/arm-none-eabi/13.3.1/../../../../arm-none-eabi/lib/thumb/v7e-m+fp/hard/libc_nano.a(libc_a-stdio.o)
                0x0801135a                __seofread
 .text.__swrite
                0x0801135e       0x38 /Applications/STM32CubeIDE.app/Contents/Eclipse/plugins/com.st.stm32cube.ide.mcu.externaltools.gnu-tools-for-stm32.13.3.rel1.macos64_1.0.100.202509120712/tools/bin/../lib/gcc/arm-none-eabi/13.3.1/../../../../arm-none-eabi/lib/thumb/v7e-m+fp/hard/libc_nano.a(libc_a-stdio.o)
                0x0801135e                __swrite
 .text.__sseek  0x08011396       0x24 /Applications/STM32CubeIDE.app/Contents/Eclipse/plugins/com.st.stm32cube.ide.mcu.externaltools.gnu-tools-for-stm32.13.3.rel1.macos64_1.0.100.202509120712/tools/bin/../lib/gcc/arm-none-eabi/13.3.1/../../../../arm-none-eabi/lib/thumb/v7e-m+fp/hard/libc_nano.a(libc_a-stdio.o)
                0x08011396                __sseek
 .text.__sclose
                0x080113ba        0x8 /Applications/STM32CubeIDE.app/Contents/Eclipse/plugins/com.st.stm32cube.ide.mcu.externaltools.gnu-tools-for-stm32.13.3.rel1.macos64_1.0.100.202509120712/tools/bin/../lib/gcc/arm-none-eabi/13.3.1/../../../../arm-none-eabi/lib/thumb/v7e-m+fp/hard/libc_nano.a(libc_a-stdio.o)
                0x080113ba                __sclose
 *fill*         0x080113c2        0x2 
 .text.std      0x080113c4       0x6c /Applications/STM32CubeIDE.app/Contents/Eclipse/plugins/com.st.stm32cube.ide.mcu.externaltools.gnu-tools-for-stm32.13.3.rel1.macos64_1.0.100.202509120712/tools/bin/../lib/gcc/arm-none-eabi/13.3.1/../../../../arm-none-eabi/lib/thumb/v7e-m+fp/hard/libc_nano.a(libc_a-findfp.o)
 .text.stdio_exit_handler
                0x08011430       0x18 /Applications/STM32CubeIDE.app/Contents/Eclipse/plugins/com.st.stm32cube.ide.mcu.externaltools.gnu-tools-for-stm32.13.3.rel1.macos64_1.0.100.202509120712/tools/bin/../lib/gcc/arm-none-eabi/13.3.1/../../../../arm-none-eabi/lib/thumb/v7e-m+fp/hard/libc_nano.a(libc_a-findfp.o)
 .text.cleanup_stdio
                0x08011448       0x40 /Applications/STM32CubeIDE.app/Contents/Eclipse/plugins/com.st.stm32cube.ide.mcu.externaltools.gnu-tools-for-stm32.13.3.rel1.macos64_1.0.100.202509120712/tools/bin/../lib/gcc/arm-none-eabi/13.3.1/../../../../arm-none-eabi/lib/thumb/v7e-m+fp/hard/libc_nano.a(libc_a-findfp.o)
 .text.global_stdio_init.part.0
                0x08011488       0x3c /Applications/STM32CubeIDE.app/Contents/Eclipse/plugins/com.st.stm32cube.ide.mcu.externaltools.gnu-tools-for-stm32.13.3.rel1.macos64_1.0.100.202509120712/tools/bin/../lib/gcc/arm-none-eabi/13.3.1/../../../../arm-none-eabi/lib/thumb/v7e-m+fp/hard/libc_nano.a(libc_a-findfp.o)
 .text.__sfp_lock_acquire
                0x080114c4        0xc /Applications/STM32CubeIDE.app/Contents/Eclipse/plugins/com.st.stm32cube.ide.mcu.externaltools.gnu-tools-for-stm32.13.3.rel1.macos64_1.0.100.202509120712/tools/bin/../lib/gcc/arm-none-eabi/13.3.1/../../../../arm-none-eabi/lib/thumb/v7e-m+fp/hard/libc_nano.a(libc_a-findfp.o)
                0x080114c4                __sfp_lock_acquire
 .text.__sfp_lock_release
                0x080114d0        0xc /Applications/STM32CubeIDE.app/Contents/Eclipse/plugins/com.st.stm32cube.ide.mcu.externaltools.gnu-tools-for-stm32.13.3.rel1.macos64_1.0.100.202509120712/tools/bin/../lib/gcc/arm-none-eabi/13.3.1/../../../../arm-none-eabi/lib/thumb/v7e-m+fp/hard/libc_nano.a(libc_a-findfp.o)
                0x080114d0                __sfp_lock_release
 .text.__sinit  0x080114dc       0x30 /Applications/STM32CubeIDE.app/Contents/Eclipse/plugins/com.st.stm32cube.ide.mcu.externaltools.gnu-tools-for-stm32.13.3.rel1.macos64_1.0.100.202509120712/tools/bin/../lib/gcc/arm-none-eabi/13.3.1/../../../../arm-none-eabi/lib/thumb/v7e-m+fp/hard/libc_nano.a(libc_a-findfp.o)
                0x080114dc                __sinit
 .text.sulp     0x0801150c       0x3c /Applications/STM32CubeIDE.app/Contents/Eclipse/plugins/com.st.stm32cube.ide.mcu.externaltools.gnu-tools-for-stm32.13.3.rel1.macos64_1.0.100.202509120712/tools/bin/../lib/gcc/arm-none-eabi/13.3.1/../../../../arm-none-eabi/lib/thumb/v7e-m+fp/hard/libc_nano.a(libc_a-strtod.o)
 .text._strtod_l
                0x08011548      0xbc8 /Applications/STM32CubeIDE.app/Contents/Eclipse/plugins/com.st.stm32cube.ide.mcu.externaltools.gnu-tools-for-stm32.13.3.rel1.macos64_1.0.100.202509120712/tools/bin/../lib/gcc/arm-none-eabi/13.3.1/../../../../arm-none-eabi/lib/thumb/v7e-m+fp/hard/libc_nano.a(libc_a-strtod.o)
                0x08011548                _strtod_l
 .text._strtod_r
                0x08012110        0xc /Applications/STM32CubeIDE.app/Contents/Eclipse/plugins/com.st.stm32cube.ide.mcu.externaltools.gnu-tools-for-stm32.13.3.rel1.macos64_1.0.100.202509120712/tools/bin/../lib/gcc/arm-none-eabi/13.3.1/../../../../arm-none-eabi/lib/thumb/v7e-m+fp/hard/libc_nano.a(libc_a-strtod.o)
                0x08012110                _strtod_r
 .text._strtol_l.isra.0
                0x0801211c       0xf4 /Applications/STM32CubeIDE.app/Contents/Eclipse/plugins/com.st.stm32cube.ide.mcu.externaltools.gnu-tools-for-stm32.13.3.rel1.macos64_1.0.100.202509120712/tools/bin/../lib/gcc/arm-none-eabi/13.3.1/../../../../arm-none-eabi/lib/thumb/v7e-m+fp/hard/libc_nano.a(libc_a-strtol.o)
 .text._strtol_r
                0x08012210        0x4 /Applications/STM32CubeIDE.app/Contents/Eclipse/plugins/com.st.stm32cube.ide.mcu.externaltools.gnu-tools-for-stm32.13.3.rel1.macos64_1.0.100.202509120712/tools/bin/../lib/gcc/arm-none-eabi/13.3.1/../../../../arm-none-eabi/lib/thumb/v7e-m+fp/hard/libc_nano.a(libc_a-strtol.o)
                0x08012210                _strtol_r
 .text._fwalk_sglue
                0x08012214       0x3c /Applications/STM32CubeIDE.app/Contents/Eclipse/plugins/com.st.stm32cube.ide.mcu.externaltools.gnu-tools-for-stm32.13.3.rel1.macos64_1.0.100.202509120712/tools/bin/../lib/gcc/arm-none-eabi/13.3.1/../../../../arm-none-eabi/lib/thumb/v7e-m+fp/hard/libc_nano.a(libc_a-fwalk.o)
                0x08012214                _fwalk_sglue
 .text.memset   0x08012250       0x10 /Applications/STM32CubeIDE.app/Contents/Eclipse/plugins/com.st.stm32cube.ide.mcu.externaltools.gnu-tools-for-stm32.13.3.rel1.macos64_1.0.100.202509120712/tools/bin/../lib/gcc/arm-none-eabi/13.3.1/../../../../arm-none-eabi/lib/thumb/v7e-m+fp/hard/libc_nano.a(libc_a-memset.o)
                0x08012250                memset
 .text.strncmp  0x08012260       0x24 /Applications/STM32CubeIDE.app/Contents/Eclipse/plugins/com.st.stm32cube.ide.mcu.externaltools.gnu-tools-for-stm32.13.3.rel1.macos64_1.0.100.202509120712/tools/bin/../lib/gcc/arm-none-eabi/13.3.1/../../../../arm-none-eabi/lib/thumb/v7e-m+fp/hard/libc_nano.a(libc_a-strncmp.o)
                0x08012260                strncmp
 .text._lseek_r
                0x08012284       0x24 /Applications/STM32CubeIDE.app/Contents/Eclipse/plugins/com.st.stm32cube.ide.mcu.externaltools.gnu-tools-for-stm32.13.3.rel1.macos64_1.0.100.202509120712/tools/bin/../lib/gcc/arm-none-eabi/13.3.1/../../../../arm-none-eabi/lib/thumb/v7e-m+fp/hard/libc_nano.a(libc_a-lseekr.o)
                0x08012284                _lseek_r
 .text._read_r  0x080122a8       0x24 /Applications/STM32CubeIDE.app/Contents/Eclipse/plugins/com.st.stm32cube.ide.mcu.externaltools.gnu-tools-for-stm32.13.3.rel1.macos64_1.0.100.202509120712/tools/bin/../lib/gcc/arm-none-eabi/13.3.1/../../../../arm-none-eabi/lib/thumb/v7e-m+fp/hard/libc_nano.a(libc_a-readr.o)
                0x080122a8                _read_r
 .text._sbrk_r  0x080122cc       0x20 /Applications/STM32CubeIDE.app/Contents/Eclipse/plugins/com.st.stm32cube.ide.mcu.externaltools.gnu-tools-for-stm32.13.3.rel1.macos64_1.0.100.202509120712/tools/bin/../lib/gcc/arm-none-eabi/13.3.1/../../../../arm-none-eabi/lib/thumb/v7e-m+fp/hard/libc_nano.a(libc_a-sbrkr.o)
                0x080122cc                _sbrk_r
 .text._write_r
                0x080122ec       0x24 /Applications/STM32CubeIDE.app/Contents/Eclipse/plugins/com.st.stm32cube.ide.mcu.externaltools.gnu-tools-for-stm32.13.3.rel1.macos64_1.0.100.202509120712/tools/bin/../lib/gcc/arm-none-eabi/13.3.1/../../../../arm-none-eabi/lib/thumb/v7e-m+fp/hard/libc_nano.a(libc_a-writer.o)
                0x080122ec                _write_r
 .text.__errno  0x08012310        0xc /Applications/STM32CubeIDE.app/Contents/Eclipse/plugins/com.st.stm32cube.ide.mcu.externaltools.gnu-tools-for-stm32.13.3.rel1.macos64_1.0.100.202509120712/tools/bin/../lib/gcc/arm-none-eabi/13.3.1/../../../../arm-none-eabi/lib/thumb/v7e-m+fp/hard/libc_nano.a(libc_a-errno.o)
                0x08012310                __errno
 .text.__libc_init_array
                0x0801231c       0x48 /Applications/STM32CubeIDE.app/Contents/Eclipse/plugins/com.st.stm32cube.ide.mcu.externaltools.gnu-tools-for-stm32.13.3.rel1.macos64_1.0.100.202509120712/tools/bin/../lib/gcc/arm-none-eabi/13.3.1/../../../../arm-none-eabi/lib/thumb/v7e-m+fp/hard/libc_nano.a(libc_a-init.o)
                0x0801231c                __libc_init_array
 .text.__retarget_lock_init_recursive
                0x08012364        0x2 /Applications/STM32CubeIDE.app/Contents/Eclipse/plugins/com.st.stm32cube.ide.mcu.externaltools.gnu-tools-for-stm32.13.3.rel1.macos64_1.0.100.202509120712/tools/bin/../lib/gcc/arm-none-eabi/13.3.1/../../../../arm-none-eabi/lib/thumb/v7e-m+fp/hard/libc_nano.a(libc_a-lock.o)
                0x08012364                __retarget_lock_init_recursive
 .text.__retarget_lock_acquire_recursive
                0x08012366        0x2 /Applications/STM32CubeIDE.app/Contents/Eclipse/plugins/com.st.stm32cube.ide.mcu.externaltools.gnu-tools-for-stm32.13.3.rel1.macos64_1.0.100.202509120712/tools/bin/../lib/gcc/arm-none-eabi/13.3.1/../../../../arm-none-eabi/lib/thumb/v7e-m+fp/hard/libc_nano.a(libc_a-lock.o)
                0x08012366                __retarget_lock_acquire_recursive
 .text.__retarget_lock_release_recursive
                0x08012368        0x2 /Applications/STM32CubeIDE.app/Contents/Eclipse/plugins/com.st.stm32cube.ide.mcu.externaltools.gnu-tools-for-stm32.13.3.rel1.macos64_1.0.100.202509120712/tools/bin/../lib/gcc/arm-none-eabi/13.3.1/../../../../arm-none-eabi/lib/thumb/v7e-m+fp/hard/libc_nano.a(libc_a-lock.o)
                0x08012368                __retarget_lock_release_recursive
 *fill*         0x0801236a        0x2 
 .text._localeconv_r
                0x0801236c        0x8 /Applications/STM32CubeIDE.app/Contents/Eclipse/plugins/com.st.stm32cube.ide.mcu.externaltools.gnu-tools-for-stm32.13.3.rel1.macos64_1.0.100.202509120712/tools/bin/../lib/gcc/arm-none-eabi/13.3.1/../../../../arm-none-eabi/lib/thumb/v7e-m+fp/hard/libc_nano.a(libc_a-localeconv.o)
                0x0801236c                _localeconv_r
 .text._close_r