Archive member included to satisfy reference by file (symbol)

/Applications/STM32CubeIDE.app/Contents/Eclipse/plugins/com.st.stm32cube.ide.mcu.externaltools.gnu-tools-for-stm32.13.3.rel1.macos64_1.0.100.202509120712/tools/bin/../lib/gcc/arm-none-eabi/13.3.1/../../../../arm-none-eabi/lib/thumb/v7e-m+fp/hard/libc_nano.a(libc_a-exit.o)
                              /Applications/STM32CubeIDE.app/Contents/Eclipse/plugins/com.st.stm32cube.ide.mcu.externaltools.gnu-tools-for-stm32.13.3.rel1.macos64_1.0.100.202509120712/tools/bin/../lib/gcc/arm-none-eabi/13.3.1/../../../../arm-none-eabi/lib/thumb/v7e-m+fp/hard/crt0.o (exit)
/Applications/STM32CubeIDE.app/Contents/Eclipse/plugins/com.st.stm32cube.ide.mcu.externaltools.gnu-tools-for-stm32.13.3.rel1.macos64_1.0.100.202509120712/tools/bin/../lib/gcc/arm-none-eabi/13.3.1/../../../../arm-none-eabi/lib/thumb/v7e-m+fp/hard/libc_nano.a(libc_a-nano-vfprintf_float.o)
                              (_printf_float)
/Applications/STM32CubeIDE.app/Contents/Eclipse/plugins/com.st.stm32cube.ide.mcu.externaltools.gnu-tools-for-stm32.13.3.rel1.macos64_1.0.100.202509120712/tools/bin/../lib/gcc/arm-none-eabi/13.3.1/../../../../arm-none-eabi/lib/thumb/v7e-m+fp/hard/libc_nano.a(libc_a-malloc.o)
                              ./Middlewares/ST/STM32_USB_Host_Library/Class/CDC/Src/usbh_cdc.o (malloc)
/Applications/STM32CubeIDE.app/Contents/Eclipse/plugins/com.st.stm32cube.ide.mcu.externaltools.gnu-tools-for-stm32.13.3.rel1.macos64_1.0.100.202509120712/tools/bin/../lib/gcc/arm-none-eabi/13.3.1/../../../../arm-none-eabi/lib/thumb/v7e-m+fp/hard/libc_nano.a(libc_a-mallocr.o)
                              /Applications/STM32CubeIDE.app/Contents/Eclipse/plugins/com.st.stm32cube.ide.mcu.externaltools.gnu-tools-for-stm32.13.3.rel1.macos64_1.0.100.202509120712/tools/bin/../lib/gcc/arm-none-eabi/13.3.1/../../../../arm-none-eabi/lib/thumb/v7e-m+fp/hard/libc_nano.a(libc_a-malloc.o) (_malloc_r)
/Applications/STM32CubeIDE.app/Contents/Eclipse/plugins/com.st.stm32cube.ide.mcu.externaltools.gnu-tools-for-stm32.13.3.rel1.macos64_1.0.100.202509120712/tools/bin/../lib/gcc/arm-none-eabi/13.3.1/../../../../arm-none-eabi/lib/thumb/v7e-m+fp/hard/libc_nano.a(libc_a-nano-vfprintf_i.o)
                              /Applications/STM32CubeIDE.app/Contents/Eclipse/plugins/com.st.stm32cube.ide.mcu.externaltools.gnu-tools-for-stm32.13.3.rel1.macos64_1.0.100.202509120712/tools/bin/../lib/gcc/arm-none-eabi/13.3.1/../../../../arm-none-eabi/lib/thumb/v7e-m+fp/hard/libc_nano.a(libc_a-nano-vfprintf_float.o) (_printf_common)
/Applications/STM32CubeIDE.app/Contents/Eclipse/plugins/com.st.stm32cube.ide.mcu.externaltools.gnu-tools-for-stm32.13.3.rel1.macos64_1.0.100.202509120712/tools/bin/../lib/gcc/arm-none-eabi/13.3.1/../../../../arm-none-eabi/lib/thumb/v7e-m+fp/hard/libc_nano.a(libc_a-nano-vfscanf_float.o)
                              (_scanf_float)
/Applications/STM32CubeIDE.app/Contents/Eclipse/plugins/com.st.stm32cube.ide.mcu.externaltools.gnu-tools-for-stm32.13.3.rel1.macos64_1.0.100.202509120712/tools/bin/../lib/gcc/arm-none-eabi/13.3.1/../../../../arm-none-eabi/lib/thumb/v7e-m+fp/hard/libc_nano.a(libc_a-snprintf.o)
                              ./Core/Src/freertos.o (snprintf)
/Applications/STM32CubeIDE.app/Contents/Eclipse/plugins/com.st.stm32cube.ide.mcu.externaltools.gnu-tools-for-stm32.13.3.rel1.macos64_1.0.100.202509120712/tools/bin/../lib/gcc/arm-none-eabi/13.3.1/../../../../arm-none-eabi/lib/thumb/v7e-m+fp/hard/libc_nano.a(libc_a-mlock.o)
                              /Applications/STM32CubeIDE.app/Contents/Eclipse/plugins/com.st.stm32cube.ide.mcu.externaltools.gnu-tools-for-stm32.13.3.rel1.macos64_1.0.100.202509120712/tools/bin/../lib/gcc/arm-none-eabi/13.3.1/../../../../arm-none-eabi/lib/thumb/v7e-m+fp/hard/libc_nano.a(libc_a-mallocr.o) (__malloc_lock)
/Applications/STM32CubeIDE.app/Contents/Eclipse/plugins/com.st.stm32cube.ide.mcu.externaltools.gnu-tools-for-stm32.13.3.rel1.macos64_1.0.100.202509120712/tools/bin/../lib/gcc/arm-none-eabi/13.3.1/../../../../arm-none-eabi/lib/thumb/v7e-m+fp/hard/libc_nano.a(libc_a-sprintf.o)
                              /Applications/STM32CubeIDE.app/Contents/Eclipse/plugins/com.st.stm32cube.ide.mcu.externaltools.gnu-tools-for-stm32.13.3.rel1.macos64_1.0.100.202509120712/tools/bin/../lib/gcc/arm-none-eabi/13.3.1/../../../../arm-none-eabi/lib/thumb/v7e-m+fp/hard/libc_nano.a(libc_a-nano-vfscanf_float.o) (sprintf)
/Applications/STM32CubeIDE.app/Contents/Eclipse/plugins/com.st.stm32cube.ide.mcu.externaltools.gnu-tools-for-stm32.13.3.rel1.macos64_1.0.100.202509120712/tools/bin/../lib/gcc/arm-none-eabi/13.3.1/../../../../arm-none-eabi/lib/thumb/v7e-m+fp/hard/libc_nano.a(libc_a-sscanf.o)
                              ./Core/Src/freertos.o (sscanf)
[...]
Memory Configuration

Name             Origin             Length             Attributes
CCMRAM           0x10000000         0x00010000         xrw
RAM              0x20000000         0x00020000         xrw
FLASH            0x08000000         0x00100000         xr
*default*        0x00000000         0xffffffff

Linker script and memory map

LOAD /Applications/STM32CubeIDE.app/Contents/Eclipse/plugins/com.st.stm32cube.ide.mcu.externaltools.gnu-tools-for-stm32.13.3.rel1.macos64_1.0.100.202509120712/tools/bin/../lib/gcc/arm-none-eabi/13.3.1/thumb/v7e-m+fp/hard/crti.o
LOAD /Applications/STM32CubeIDE.app/Contents/Eclipse/plugins/com.st.stm32cube.ide.mcu.externaltools.gnu-tools-for-stm32.13.3.rel1.macos64_1.0.100.202509120712/tools/bin/../lib/gcc/arm-none-eabi/13.3.1/thumb/v7e-m+fp/hard/crtbegin.o
LOAD /Applications/STM32CubeIDE.app/Contents/Eclipse/plugins/com.st.stm32cube.ide.mcu.externaltools.gnu-tools-for-stm32.13.3.rel1.macos64_1.0.100.202509120712/tools/bin/../lib/gcc/arm-none-eabi/13.3.1/../../../../arm-none-eabi/lib/thumb/v7e-m+fp/hard/crt0.o
LOAD ./Core/Src/freertos.o
LOAD ./Core/Src/gpio.o
LOAD ./Core/Src/i2c.o
LOAD ./Core/Src/i2s.o
LOAD ./Core/Src/liquidcrystal_i2c.o
LOAD ./Core/Src/main.o
LOAD ./Core/Src/stm32f4xx_hal_msp.o
LOAD ./Core/Src/stm32f4xx_hal_timebase_tim.o
LOAD ./Core/Src/stm32f4xx_it.o
LOAD ./Core/Src/syscalls.o
LOAD ./Core/Src/sysmem.o
LOAD ./Core/Src/system_stm32f4xx.o
LOAD ./Core/Src/tim.o
LOAD ./Core/Src/usart.o
LOAD ./Core/Startup/startup_stm32f407vgtx.o
LOAD ./Drivers/STM32F4xx_HAL_Driver/Src/stm32f4xx_hal.o
LOAD ./Drivers/STM32F4xx_HAL_Driver/Src/stm32f4xx_hal_cortex.o
LOAD ./Drivers/STM32F4xx_HAL_Driver/Src/stm32f4xx_hal_dma.o
LOAD ./Drivers/STM32F4xx_HAL_Driver/Src/stm32f4xx_hal_dma_ex.o
LOAD ./Drivers/STM32F4xx_HAL_Driver/Src/stm32f4xx_hal_exti.o
LOAD ./Drivers/STM32F4xx_HAL_Driver/Src/stm32f4xx_hal_flash.o
LOAD ./Drivers/STM32F4xx_HAL_Driver/Src/stm32f4xx_hal_flash_ex.o
LOAD ./Drivers/STM32F4xx_HAL_Driver/Src/stm32f4xx_hal_flash_ramfunc.o
LOAD ./Drivers/STM32F4xx_HAL_Driver/Src/stm32f4xx_hal_gpio.o
LOAD ./Drivers/STM32F4xx_HAL_Driver/Src/stm32f4xx_hal_hcd.o
LOAD ./Drivers/STM32F4xx_HAL_Driver/Src/stm32f4xx_hal_i2c.o
LOAD ./Drivers/STM32F4xx_HAL_Driver/Src/stm32f4xx_hal_i2c_ex.o
LOAD ./Drivers/STM32F4xx_HAL_Driver/Src/stm32f4xx_hal_i2s.o
LOAD ./Drivers/STM32F4xx_HAL_Driver/Src/stm32f4xx_hal_i2s_ex.o
LOAD ./Drivers/STM32F4xx_HAL_Driver/Src/stm32f4xx_hal_pwr.o
LOAD ./Drivers/STM32F4xx_HAL_Driver/Src/stm32f4xx_hal_pwr_ex.o
LOAD ./Drivers/STM32F4xx_HAL_Driver/Src/stm32f4xx_hal_rcc.o
LOAD ./Drivers/STM32F4xx_HAL_Driver/Src/stm32f4xx_hal_rcc_ex.o
LOAD ./Drivers/STM32F4xx_HAL_Driver/Src/stm32f4xx_hal_tim.o
LOAD ./Drivers/STM32F4xx_HAL_Driver/Src/stm32f4xx_hal_tim_ex.o
LOAD ./Drivers/STM32F4xx_HAL_Driver/Src/stm32f4xx_hal_uart.o
LOAD ./Drivers/STM32F4xx_HAL_Driver/Src/stm32f4xx_ll_usb.o
LOAD ./Middlewares/ST/STM32_USB_Host_Library/Class/CDC/Src/usbh_cdc.o
LOAD ./Middlewares/ST/STM32_USB_Host_Library/Core/Src/usbh_core.o
LOAD ./Middlewares/ST/STM32_USB_Host_Library/Core/Src/usbh_ctlreq.o
LOAD ./Middlewares/ST/STM32_USB_Host_Library/Core/Src/usbh_ioreq.o
LOAD ./Middlewares/ST/STM32_USB_Host_Library/Core/Src/usbh_pipes.o
LOAD ./Middlewares/Third_Party/FreeRTOS/Source/CMSIS_RTOS_V2/cmsis_os2.o
LOAD ./Middlewares/Third_Party/FreeRTOS/Source/croutine.o
LOAD ./Middlewares/Third_Party/FreeRTOS/Source/event_groups.o
LOAD ./Middlewares/Third_Party/FreeRTOS/Source/list.o
LOAD ./Middlewares/Third_Party/FreeRTOS/Source/queue.o
LOAD ./Middlewares/Third_Party/FreeRTOS/Source/stream_buffer.o
LOAD ./Middlewares/Third_Party/FreeRTOS/Source/tasks.o
LOAD ./Middlewares/Third_Party/FreeRTOS/Source/timers.o
LOAD ./Middlewares/Third_Party/FreeRTOS/Source/portable/GCC/ARM_CM4F/port.o
LOAD ./Middlewares/Third_Party/FreeRTOS/Source/portable/MemMang/heap_4.o
LOAD ./USB_HOST/App/usb_host.o
LOAD ./USB_HOST/Target/usbh_conf.o
LOAD ./USB_HOST/Target/usbh_platform.o
START GROUP
LOAD /Applications/STM32CubeIDE.app/Contents/Eclipse/plugins/com.st.stm32cube.ide.mcu.externaltools.gnu-tools-for-stm32.13.3.rel1.macos64_1.0.100.202509120712/tools/bin/../lib/gcc/arm-none-eabi/13.3.1/../../../../arm-none-eabi/lib/thumb/v7e-m+fp/hard/libc_nano.a
LOAD /Applications/STM32CubeIDE.app/Contents/Eclipse/plugins/com.st.stm32cube.ide.mcu.externaltools.gnu-tools-for-stm32.13.3.rel1.macos64_1.0.100.202509120712/tools/bin/../lib/gcc/arm-none-eabi/13.3.1/../../../../arm-none-eabi/lib/thumb/v7e-m+fp/hard/libm.a
END GROUP
START GROUP
LOAD /Applications/STM32CubeIDE.app/Contents/Eclipse/plugins/com.st.stm32cube.ide.mcu.externaltools.gnu-tools-for-stm32.13.3.rel1.macos64_1.0.100.202509120712/tools/bin/../lib/gcc/arm-none-eabi/13.3.1/thumb/v7e-m+fp/hard/libgcc.a
LOAD /Applications/STM32CubeIDE.app/Contents/Eclipse/plugins/com.st.stm32cube.ide.mcu.externaltools.gnu-tools-for-stm32.13.3.rel1.macos64_1.0.100.202509120712/tools/bin/../lib/gcc/arm-none-eabi/13.3.1/../../../../arm-none-eabi/lib/thumb/v7e-m+fp/hard/libc_nano.a
END GROUP
START GROUP
LOAD /Applications/STM32CubeIDE.app/Contents/Eclipse/plugins/com.st.stm32cube.ide.mcu.externaltools.gnu-tools-for-stm32.13.3.rel1.macos64_1.0.100.202509120712/tools/bin/../lib/gcc/arm-none-eabi/13.3.1/thumb/v7e-m+fp/hard/libgcc.a
LOAD /Applications/STM32CubeIDE.app/Contents/Eclipse/plugins/com.st.stm32cube.ide.mcu.externaltools.gnu-tools-for-stm32.13.3.rel1.macos64_1.0.100.202509120712/tools/bin/../lib/gcc/arm-none-eabi/13.3.1/../../../../arm-none-eabi/lib/thumb/v7e-m+fp/hard/libc_nano.a
LOAD /Applications/STM32CubeIDE.app/Contents/Eclipse/plugins/com.st.stm32cube.ide.mcu.externaltools.gnu-tools-for-stm32.13.3.rel1.macos64_1.0.100.202509120712/tools/bin/../lib/gcc/arm-none-eabi/13.3.1/../../../../arm-none-eabi/lib/thumb/v7e-m+fp/hard/libnosys.a
END GROUP
START GROUP
LOAD /Applications/STM32CubeIDE.app/Contents/Eclipse/plugins/com.st.stm32cube.ide.mcu.externaltools.gnu-tools-for-stm32.13.3.rel1.macos64_1.0.100.202509120712/tools/bin/../lib/gcc/arm-none-eabi/13.3.1/thumb/v7e-m+fp/hard/libgcc.a
LOAD /Applications/STM32CubeIDE.app/Contents/Eclipse/plugins/com.st.stm32cube.ide.mcu.externaltools.gnu-tools-for-stm32.13.3.rel1.macos64_1.0.100.202509120712/tools/bin/../lib/gcc/arm-none-eabi/13.3.1/../../../../arm-none-eabi/lib/thumb/v7e-m+fp/hard/libc_nano.a
LOAD /Applications/STM32CubeIDE.app/Contents/Eclipse/plugins/com.st.stm32cube.ide.mcu.externaltools.gnu-tools-for-stm32.13.3.rel1.macos64_1.0.100.202509120712/tools/bin/../lib/gcc/arm-none-eabi/13.3.1/../../../../arm-none-eabi/lib/thumb/v7e-m+fp/hard/libnosys.a
END GROUP
LOAD /Applications/STM32CubeIDE.app/Contents/Eclipse/plugins/com.st.stm32cube.ide.mcu.externaltools.gnu-tools-for-stm32.13.3.rel1.macos64_1.0.100.202509120712/tools/bin/../lib/gcc/arm-none-eabi/13.3.1/thumb/v7e-m+fp/hard/crtend.o
LOAD /Applications/STM32CubeIDE.app/Contents/Eclipse/plugins/com.st.stm32cube.ide.mcu.externaltools.gnu-tools-for-stm32.13.3.rel1.macos64_1.0.100.202509120712/tools/bin/../lib/gcc/arm-none-eabi/13.3.1/thumb/v7e-m+fp/hard/crtn.o
                0x20020000                        _estack = (ORIGIN (RAM) + LENGTH (RAM))
                0x00000200                        _Min_Heap_Size = 0x200
                0x00000400                        _Min_Stack_Size = 0x400

.isr_vector     0x08000000      0x188
                0x08000000                        . = ALIGN (0x4)
 *(.isr_vector)
 .isr_vector    0x08000000      0x188 ./Core/Startup/startup_stm32f407vgtx.o
                0x08000000                g_pfnVectors
                0x08000188                        . = ALIGN (0x4)

.text           0x08000190    0x159cc
                0x08000190                        . = ALIGN (0x4)
 *(.text)
 .text          0x08000190       0x40 /Applications/STM32CubeIDE.app/Contents/Eclipse/plugins/com.st.stm32cube.ide.mcu.externaltools.gnu-tools-for-stm32.13.3.rel1.macos64_1.0.100.202509120712/tools/bin/../lib/gcc/arm-none-eabi/13.3.1/thumb/v7e-m+fp/hard/crtbegin.o
 .text          0x080001d0       0xa0 /Applications/STM32CubeIDE.app/Contents/Eclipse/plugins/com.st.stm32cube.ide.mcu.externaltools.gnu-tools-for-stm32.13.3.rel1.macos64_1.0.100.202509120712/tools/bin/../lib/gcc/arm-none-eabi/13.3.1/../../../../arm-none-eabi/lib/thumb/v7e-m+fp/hard/libc_nano.a(libc_a-memchr.o)
                0x080001d0                memchr
 .text          0x08000270       0x10 /Applications/STM32CubeIDE.app/Contents/Eclipse/plugins/com.st.stm32cube.ide.mcu.externaltools.gnu-tools-for-stm32.13.3.rel1.macos64_1.0.100.202509120712/tools/bin/../lib/gcc/arm-none-eabi/13.3.1/../../../../arm-none-eabi/lib/thumb/v7e-m+fp/hard/libc_nano.a(libc_a-strlen.o)
                0x08000270                strlen
 .text          0x08000280      0x378 /Applications/STM32CubeIDE.app/Contents/Eclipse/plugins/com.st.stm32cube.ide.mcu.externaltools.gnu-tools-for-stm32.13.3.rel1.macos64_1.0.100.202509120712/tools/bin/../lib/gcc/arm-none-eabi/13.3.1/thumb/v7e-m+fp/hard/libgcc.a(_arm_addsubdf3.o)
                0x08000280                __aeabi_drsub
                0x08000288                __subdf3
                0x08000288                __aeabi_dsub
                0x0800028c                __aeabi_dadd
                0x0800028c                __adddf3
                0x08000504                __aeabi_ui2d
                0x08000504                __floatunsidf
                0x08000524                __floatsidf
                0x08000524                __aeabi_i2d
                0x08000548                __extendsfdf2
                0x08000548                __aeabi_f2d
                0x0800058c                __aeabi_ul2d
                0x0800058c                __floatundidf
                0x0800059c                __aeabi_l2d
                0x0800059c                __floatdidf
 .text          0x080005f8      0x424 /Applications/STM32CubeIDE.app/Contents/Eclipse/plugins/com.st.stm32cube.ide.mcu.externaltools.gnu-tools-for-stm32.13.3.rel1.macos64_1.0.100.202509120712/tools/bin/../lib/gcc/arm-none-eabi/13.3.1/thumb/v7e-m+fp/hard/libgcc.a(_arm_muldivdf3.o)
                0x080005f8                __aeabi_dmul
                0x080005f8                __muldf3
                0x0800084c                __aeabi_ddiv
                0x0800084c                __divdf3
 .text          0x08000a1c      0x110 /Applications/STM32CubeIDE.app/Contents/Eclipse/plugins/com.st.stm32cube.ide.mcu.externaltools.gnu-tools-for-stm32.13.3.rel1.macos64_1.0.100.202509120712/tools/bin/../lib/gcc/arm-none-eabi/13.3.1/thumb/v7e-m+fp/hard/libgcc.a(_arm_cmpdf2.o)
                0x08000a1c                __gedf2
                0x08000a1c                __gtdf2
                0x08000a24                __ledf2
                0x08000a24                __ltdf2
                0x08000a2c                __cmpdf2
                0x08000a2c                __eqdf2
                0x08000a2c                __nedf2
                0x08000aa8                __aeabi_cdrcmple
                0x08000ab8                __aeabi_cdcmple
                0x08000ab8                __aeabi_cdcmpeq
                0x08000ac8                __aeabi_dcmpeq
                0x08000adc                __aeabi_dcmplt
                0x08000af0                __aeabi_dcmple
                0x08000b04                __aeabi_dcmpge
                0x08000b18                __aeabi_dcmpgt
 .text          0x08000b2c       0x2c /Applications/STM32CubeIDE.app/Contents/Eclipse/plugins/com.st.stm32cube.ide.mcu.externaltools.gnu-tools-for-stm32.13.3.rel1.macos64_1.0.100.202509120712/tools/bin/../lib/gcc/arm-none-eabi/13.3.1/thumb/v7e-m+fp/hard/libgcc.a(_arm_unorddf2.o)
                0x08000b2c                __aeabi_dcmpun
                0x08000b2c                __unorddf2
 .text          0x08000b58       0x50 /Applications/STM32CubeIDE.app/Contents/Eclipse/plugins/com.st.stm32cube.ide.mcu.externaltools.gnu-tools-for-stm32.13.3.rel1.macos64_1.0.100.202509120712/tools/bin/../lib/gcc/arm-none-eabi/13.3.1/thumb/v7e-m+fp/hard/libgcc.a(_arm_fixdfsi.o)
                0x08000b58                __fixdfsi
                0x08000b58                __aeabi_d2iz
 .text          0x08000ba8       0x40 /Applications/STM32CubeIDE.app/Contents/Eclipse/plugins/com.st.stm32cube.ide.mcu.externaltools.gnu-tools-for-stm32.13.3.rel1.macos64_1.0.100.202509120712/tools/bin/../lib/gcc/arm-none-eabi/13.3.1/thumb/v7e-m+fp/hard/libgcc.a(_arm_fixunsdfsi.o)
                0x08000ba8                __fixunsdfsi
                0x08000ba8                __aeabi_d2uiz
 .text          0x08000be8       0xa0 /Applications/STM32CubeIDE.app/Contents/Eclipse/plugins/com.st.stm32cube.ide.mcu.externaltools.gnu-tools-for-stm32.13.3.rel1.macos64_1.0.100.202509120712/tools/bin/../lib/gcc/arm-none-eabi/13.3.1/thumb/v7e-m+fp/hard/libgcc.a(_arm_truncdfsf2.o)
                0x08000be8                __aeabi_d2f
                0x08000be8                __truncdfsf2
 .text          0x08000c88       0x30 /Applications/STM32CubeIDE.app/Contents/Eclipse/plugins/com.st.stm32cube.ide.mcu.externaltools.gnu-tools-for-stm32.13.3.rel1.macos64_1.0.100.202509120712/tools/bin/../lib/gcc/arm-none-eabi/13.3.1/thumb/v7e-m+fp/hard/libgcc.a(_aeabi_uldivmod.o)
                0x08000c88                __aeabi_uldivmod
 .text          0x08000cb8       0x30 /Applications/STM32CubeIDE.app/Contents/Eclipse/plugins/com.st.stm32cube.ide.mcu.externaltools.gnu-tools-for-stm32.13.3.rel1.macos64_1.0.100.202509120712/tools/bin/../lib/gcc/arm-none-eabi/13.3.1/thumb/v7e-m+fp/hard/libgcc.a(_fixdfdi.o)
                0x08000cb8                __aeabi_d2lz
                0x08000cb8                __fixdfdi
 .text          0x08000ce8       0x3c /Applications/STM32CubeIDE.app/Contents/Eclipse/plugins/com.st.stm32cube.ide.mcu.externaltools.gnu-tools-for-stm32.13.3.rel1.macos64_1.0.100.202509120712/tools/bin/../lib/gcc/arm-none-eabi/13.3.1/thumb/v7e-m+fp/hard/libgcc.a(_fixunsdfdi.o)
                0x08000ce8                __aeabi_d2ulz
                0x08000ce8                __fixunsdfdi
 .text          0x08000d24      0x2f8 /Applications/STM32CubeIDE.app/Contents/Eclipse/plugins/com.st.stm32cube.ide.mcu.externaltools.gnu-tools-for-stm32.13.3.rel1.macos64_1.0.100.202509120712/tools/bin/../lib/gcc/arm-none-eabi/13.3.1/thumb/v7e-m+fp/hard/libgcc.a(_udivmoddi4.o)
                0x08000d24                __udivmoddi4
 .text          0x0800101c        0x4 /Applications/STM32CubeIDE.app/Contents/Eclipse/plugins/com.st.stm32cube.ide.mcu.externaltools.gnu-tools-for-stm32.13.3.rel1.macos64_1.0.100.202509120712/tools/bin/../lib/gcc/arm-none-eabi/13.3.1/thumb/v7e-m+fp/hard/libgcc.a(_dvmd_tls.o)
                0x0800101c                __aeabi_ldiv0
                0x0800101c                __aeabi_idiv0
 *(.text*)
 .text.left_forward
                0x08001020       0x3c ./Core/Src/freertos.o
 .text.right_forward
                0x0800105c       0x3c ./Core/Src/freertos.o
 .text.left_backward
                0x08001098       0x3c ./Core/Src/freertos.o
 .text.right_backward
                0x080010d4       0x3c ./Core/Src/freertos.o
 .text.stop_all
                0x08001110       0x24 ./Core/Src/freertos.o
 .text.turn_right
                0x08001134       0x22 ./Core/Src/freertos.o
 .text.turn_left
                0x08001156       0x22 ./Core/Src/freertos.o
 .text.go_straight
                0x08001178       0x22 ./Core/Src/freertos.o
 *fill*         0x0800119a        0x2 
 .text.Task_Motor
                0x0800119c       0xc0 ./Core/Src/freertos.o
                0x0800119c                Task_Motor
 .text.Task_Ultrasonic
                0x0800125c       0x16 ./Core/Src/freertos.o
                0x0800125c                Task_Ultrasonic
 *fill*         0x08001272        0x2 
 .text.Task_BT_RX
                0x08001274      0x11c ./Core/Src/freertos.o
                0x08001274                Task_BT_RX
 .text.Task_BT_TX
                0x08001390       0xa8 ./Core/Src/freertos.o
                0x08001390                Task_BT_TX
 .text.MX_FREERTOS_Init
                0x08001438       0xd8 ./Core/Src/freertos.o
                0x08001438                MX_FREERTOS_Init
 .text.StartDefaultTask
                0x08001510       0x14 ./Core/Src/freertos.o
                0x08001510                StartDefaultTask
 .text.MX_GPIO_Init
                0x08001524      0x2dc ./Core/Src/gpio.o
                0x08001524                MX_GPIO_Init
 .text.MX_I2C1_Init
                0x08001800       0x5c ./Core/Src/i2c.o
                0x08001800                MX_I2C1_Init
 .text.HAL_I2C_MspInit
                0x0800185c       0x90 ./Core/Src/i2c.o
                0x0800185c                HAL_I2C_MspInit
 .text.MX_I2S3_Init
                0x080018ec       0x60 ./Core/Src/i2s.o
                0x080018ec                MX_I2S3_Init
 .text.HAL_I2S_MspInit
                0x0800194c      0x100 ./Core/Src/i2s.o
                0x0800194c                HAL_I2S_MspInit
 .text.HD44780_Init
                0x08001a4c      0x108 ./Core/Src/liquidcrystal_i2c.o
                0x08001a4c                HD44780_Init
 .text.HD44780_Clear
                0x08001b54       0x16 ./Core/Src/liquidcrystal_i2c.o
                0x08001b54                HD44780_Clear
 .text.HD44780_Home
                0x08001b6a       0x16 ./Core/Src/liquidcrystal_i2c.o
                0x08001b6a                HD44780_Home
 .text.HD44780_Display
                0x08001b80       0x2c ./Core/Src/liquidcrystal_i2c.o
                0x08001b80                HD44780_Display
 .text.HD44780_CreateSpecialChar
                0x08001bac       0x54 ./Core/Src/liquidcrystal_i2c.o
                0x08001bac                HD44780_CreateSpecialChar
 .text.HD44780_Backlight
                0x08001c00       0x18 ./Core/Src/liquidcrystal_i2c.o
                0x08001c00                HD44780_Backlight
 .text.SendCommand
                0x08001c18       0x1c ./Core/Src/liquidcrystal_i2c.o
 .text.SendChar
                0x08001c34       0x1c ./Core/Src/liquidcrystal_i2c.o
 .text.Send     0x08001c50       0x42 ./Core/Src/liquidcrystal_i2c.o
 .text.Write4Bits
                0x08001c92       0x22 ./Core/Src/liquidcrystal_i2c.o
 .text.ExpanderWrite
                0x08001cb4       0x38 ./Core/Src/liquidcrystal_i2c.o
 .text.PulseEnable
                0x08001cec       0x3a ./Core/Src/liquidcrystal_i2c.o
 *fill*         0x08001d26        0x2 
 .text.DelayInit
                0x08001d28       0x54 ./Core/Src/liquidcrystal_i2c.o
 .text.DelayUS  0x08001d7c       0x50 ./Core/Src/liquidcrystal_i2c.o
 .text.delay_us
                0x08001dcc       0x4c ./Core/Src/main.o
                0x08001dcc                delay_us
 .text.HCSR04_Start
                0x08001e18       0xd4 ./Core/Src/main.o
                0x08001e18                HCSR04_Start
 .text.HAL_TIM_IC_CaptureCallback
                0x08001eec      0x334 ./Core/Src/main.o
                0x08001eec                HAL_TIM_IC_CaptureCallback
 .text.HCSR04_Update
                0x08002220       0xd8 ./Core/Src/main.o
                0x08002220                HCSR04_Update
 .text.HCSR04_GetDistance
                0x080022f8       0x50 ./Core/Src/main.o
                0x080022f8                HCSR04_GetDistance
 .text.main     0x08002348       0x58 ./Core/Src/main.o
                0x08002348                main
 .text.SystemClock_Config
                0x080023a0       0xd4 ./Core/Src/main.o
                0x080023a0                SystemClock_Config
 .text.HAL_TIM_PeriodElapsedCallback
                0x08002474       0x24 ./Core/Src/main.o
                0x08002474                HAL_TIM_PeriodElapsedCallback
 .text.Error_Handler
                0x08002498        0xc ./Core/Src/main.o
                0x08002498                Error_Handler
 .text.HAL_MspInit
                0x080024a4       0x58 ./Core/Src/stm32f4xx_hal_msp.o
                0x080024a4                HAL_MspInit
 .text.HAL_InitTick
                0x080024fc       0xf8 ./Core/Src/stm32f4xx_hal_timebase_tim.o
                0x080024fc                HAL_InitTick
 .text.NMI_Handler
                0x080025f4        0x8 ./Core/Src/stm32f4xx_it.o
                0x080025f4                NMI_Handler
 .text.HardFault_Handler
                0x080025fc        0x8 ./Core/Src/stm32f4xx_it.o
                0x080025fc                HardFault_Handler
 .text.MemManage_Handler
                0x08002604        0x8 ./Core/Src/stm32f4xx_it.o
                0x08002604                MemManage_Handler
 .text.BusFault_Handler
                0x0800260c        0x8 ./Core/Src/stm32f4xx_it.o
                0x0800260c                BusFault_Handler
 .text.UsageFault_Handler
                0x08002614        0x8 ./Core/Src/stm32f4xx_it.o
                0x08002614                UsageFault_Handler
 .text.DebugMon_Handler
                0x0800261c        0xe ./Core/Src/stm32f4xx_it.o
                0x0800261c                DebugMon_Handler
 *fill*         0x0800262a        0x2 
 .text.TIM2_IRQHandler
                0x0800262c       0x14 ./Core/Src/stm32f4xx_it.o
                0x0800262c                TIM2_IRQHandler
 .text.TIM6_DAC_IRQHandler
                0x08002640       0x14 ./Core/Src/stm32f4xx_it.o
                0x08002640                TIM6_DAC_IRQHandler
 .text.OTG_FS_IRQHandler
                0x08002654       0x14 ./Core/Src/stm32f4xx_it.o
                0x08002654                OTG_FS_IRQHandler
 .text._getpid  0x08002668       0x10 ./Core/Src/syscalls.o
                0x08002668                _getpid
 .text._kill    0x08002678       0x20 ./Core/Src/syscalls.o
                0x08002678                _kill
 .text._exit    0x08002698       0x16 ./Core/Src/syscalls.o
                0x08002698                _exit
 .text._read    0x080026ae       0x3a ./Core/Src/syscalls.o
                0x080026ae                _read
 .text._write   0x080026e8       0x38 ./Core/Src/syscalls.o
                0x080026e8                _write
 .text._close   0x08002720       0x18 ./Core/Src/syscalls.o
                0x08002720                _close
 .text._fstat   0x08002738       0x20 ./Core/Src/syscalls.o
                0x08002738                _fstat
 .text._isatty  0x08002758       0x16 ./Core/Src/syscalls.o
                0x08002758                _isatty
 .text._lseek   0x0800276e       0x1a ./Core/Src/syscalls.o
                0x0800276e                _lseek
 .text._sbrk    0x08002788       0x6c ./Core/Src/sysmem.o
                0x08002788                _sbrk
 .text.SystemInit
                0x080027f4       0x24 ./Core/Src/system_stm32f4xx.o
                0x080027f4                SystemInit
 .text.MX_TIM1_Init
                0x08002818      0x120 ./Core/Src/tim.o
                0x08002818                MX_TIM1_Init
 .text.MX_TIM2_Init
                0x08002938       0xd0 ./Core/Src/tim.o
                0x08002938                MX_TIM2_Init
 .text.HAL_TIM_PWM_MspInit
                0x08002a08       0x44 ./Core/Src/tim.o
                0x08002a08                HAL_TIM_PWM_MspInit
 .text.HAL_TIM_IC_MspInit
                0x08002a4c       0x9c ./Core/Src/tim.o
                0x08002a4c                HAL_TIM_IC_MspInit
 .text.HAL_TIM_MspPostInit
                0x08002ae8       0x74 ./Core/Src/tim.o
                0x08002ae8                HAL_TIM_MspPostInit
 .text.MX_USART3_UART_Init
                0x08002b5c       0x54 ./Core/Src/usart.o
                0x08002b5c                MX_USART3_UART_Init
 .text.HAL_UART_MspInit
                0x08002bb0       0xd4 ./Core/Src/usart.o
                0x08002bb0                HAL_UART_MspInit
 .text.Reset_Handler
                0x08002c84       0x50 ./Core/Startup/startup_stm32f407vgtx.o
                0x08002c84                Reset_Handler
 .text.Default_Handler
                0x08002cd4        0x2 ./Core/Startup/startup_stm32f407vgtx.o
                0x08002cd4                DMA1_Stream3_IRQHandler
                0x08002cd4                HASH_RNG_IRQHandler
                0x08002cd4                EXTI2_IRQHandler
                0x08002cd4                TIM8_CC_IRQHandler
                0x08002cd4                TIM1_CC_IRQHandler
                0x08002cd4                DMA2_Stream5_IRQHandler
                0x08002cd4                DMA1_Stream5_IRQHandler
                0x08002cd4                PVD_IRQHandler
                0x08002cd4                SDIO_IRQHandler
                0x08002cd4                TAMP_STAMP_IRQHandler
                0x08002cd4                CAN2_RX1_IRQHandler
                0x08002cd4                EXTI3_IRQHandler
                0x08002cd4                TIM8_TRG_COM_TIM14_IRQHandler
                0x08002cd4                TIM1_UP_TIM10_IRQHandler
                0x08002cd4                TIM8_UP_TIM13_IRQHandler
                0x08002cd4                I2C3_ER_IRQHandler
                0x08002cd4                EXTI0_IRQHandler
                0x08002cd4                I2C2_EV_IRQHandler
                0x08002cd4                DMA1_Stream2_IRQHandler
                0x08002cd4                CAN1_RX0_IRQHandler
                0x08002cd4                FPU_IRQHandler
                0x08002cd4                OTG_HS_WKUP_IRQHandler
                0x08002cd4                CAN2_SCE_IRQHandler
                0x08002cd4                DMA2_Stream2_IRQHandler
                0x08002cd4                SPI1_IRQHandler
                0x08002cd4                TIM1_BRK_TIM9_IRQHandler
                0x08002cd4                DCMI_IRQHandler
                0x08002cd4                CAN2_RX0_IRQHandler
                0x08002cd4                DMA2_Stream3_IRQHandler
                0x08002cd4                USART6_IRQHandler
                0x08002cd4                USART3_IRQHandler
                0x08002cd4                CAN1_RX1_IRQHandler
                0x08002cd4                UART5_IRQHandler
                0x08002cd4                DMA2_Stream0_IRQHandler
                0x08002cd4                TIM4_IRQHandler
                0x08002cd4                I2C1_EV_IRQHandler
                0x08002cd4                DMA1_Stream6_IRQHandler
                0x08002cd4                DMA1_Stream1_IRQHandler
                0x08002cd4                UART4_IRQHandler
                0x08002cd4                TIM3_IRQHandler
                0x08002cd4                RCC_IRQHandler
                0x08002cd4                TIM8_BRK_TIM12_IRQHandler
                0x08002cd4                Default_Handler
                0x08002cd4                EXTI15_10_IRQHandler
                0x08002cd4                ADC_IRQHandler
                0x08002cd4                DMA1_Stream7_IRQHandler
                0x08002cd4                TIM7_IRQHandler
                0x08002cd4                CAN2_TX_IRQHandler
                0x08002cd4                TIM5_IRQHandler
                0x08002cd4                DMA2_Stream7_IRQHandler
                0x08002cd4                I2C3_EV_IRQHandler
                0x08002cd4                EXTI9_5_IRQHandler
                0x08002cd4                RTC_WKUP_IRQHandler
                0x08002cd4                ETH_WKUP_IRQHandler
                0x08002cd4                SPI2_IRQHandler
                0x08002cd4                OTG_HS_EP1_IN_IRQHandler
                0x08002cd4                DMA1_Stream0_IRQHandler
                0x08002cd4                CAN1_TX_IRQHandler
                0x08002cd4                EXTI4_IRQHandler
                0x08002cd4                FSMC_IRQHandler
                0x08002cd4                ETH_IRQHandler
                0x08002cd4                OTG_HS_EP1_OUT_IRQHandler
                0x08002cd4                WWDG_IRQHandler
                0x08002cd4                OTG_FS_WKUP_IRQHandler
                0x08002cd4                TIM1_TRG_COM_TIM11_IRQHandler
                0x08002cd4                OTG_HS_IRQHandler
                0x08002cd4                EXTI1_IRQHandler
                0x08002cd4                USART2_IRQHandler
                0x08002cd4                I2C2_ER_IRQHandler
                0x08002cd4                DMA2_Stream1_IRQHandler
                0x08002cd4                CAN1_SCE_IRQHandler
                0x08002cd4                FLASH_IRQHandler
                0x08002cd4                DMA2_Stream4_IRQHandler
                0x08002cd4                USART1_IRQHandler
                0x08002cd4                SPI3_IRQHandler
                0x08002cd4                DMA1_Stream4_IRQHandler
                0x08002cd4                I2C1_ER_IRQHandler
                0x08002cd4                DMA2_Stream6_IRQHandler
                0x08002cd4                RTC_Alarm_IRQHandler
 *fill*         0x08002cd6        0x2 
 .text.HAL_Init
                0x08002cd8       0x44 ./Drivers/STM32F4xx_HAL_Driver/Src/stm32f4xx_hal.o
                0x08002cd8                HAL_Init
 .text.HAL_IncTick
                0x08002d1c       0x28 ./Drivers/STM32F4xx_HAL_Driver/Src/stm32f4xx_hal.o
                0x08002d1c                HAL_IncTick
 .text.HAL_GetTick
                0x08002d44       0x18 ./Drivers/STM32F4xx_HAL_Driver/Src/stm32f4xx_hal.o
                0x08002d44                HAL_GetTick
 .text.HAL_Delay
                0x08002d5c       0x48 ./Drivers/STM32F4xx_HAL_Driver/Src/stm32f4xx_hal.o
                0x08002d5c                HAL_Delay
 .text.__NVIC_SetPriorityGrouping
                0x08002da4       0x48 ./Drivers/STM32F4xx_HAL_Driver/Src/stm32f4xx_hal_cortex.o
 .text.__NVIC_GetPriorityGrouping
                0x08002dec       0x1c ./Drivers/STM32F4xx_HAL_Driver/Src/stm32f4xx_hal_cortex.o
 .text.__NVIC_EnableIRQ
                0x08002e08       0x3c ./Drivers/STM32F4xx_HAL_Driver/Src/stm32f4xx_hal_cortex.o
 .text.__NVIC_SetPriority
                0x08002e44       0x54 ./Drivers/STM32F4xx_HAL_Driver/Src/stm32f4xx_hal_cortex.o
 .text.NVIC_EncodePriority
                0x08002e98       0x66 ./Drivers/STM32F4xx_HAL_Driver/Src/stm32f4xx_hal_cortex.o
 .text.HAL_NVIC_SetPriorityGrouping
                0x08002efe       0x16 ./Drivers/STM32F4xx_HAL_Driver/Src/stm32f4xx_hal_cortex.o
                0x08002efe                HAL_NVIC_SetPriorityGrouping
 .text.HAL_NVIC_SetPriority
                0x08002f14       0x38 ./Drivers/STM32F4xx_HAL_Driver/Src/stm32f4xx_hal_cortex.o
                0x08002f14                HAL_NVIC_SetPriority
 .text.HAL_NVIC_EnableIRQ
                0x08002f4c       0x1c ./Drivers/STM32F4xx_HAL_Driver/Src/stm32f4xx_hal_cortex.o
                0x08002f4c                HAL_NVIC_EnableIRQ
 .text.HAL_GPIO_Init
                0x08002f68      0x338 ./Drivers/STM32F4xx_HAL_Driver/Src/stm32f4xx_hal_gpio.o
                0x08002f68                HAL_GPIO_Init
 .text.HAL_GPIO_WritePin
                0x080032a0       0x32 ./Drivers/STM32F4xx_HAL_Driver/Src/stm32f4xx_hal_gpio.o
                0x080032a0                HAL_GPIO_WritePin
 .text.HAL_GPIO_TogglePin
                0x080032d2       0x34 ./Drivers/STM32F4xx_HAL_Driver/Src/stm32f4xx_hal_gpio.o
                0x080032d2                HAL_GPIO_TogglePin
 .text.HAL_HCD_Init
                0x08003306       0xce ./Drivers/STM32F4xx_HAL_Driver/Src/stm32f4xx_hal_hcd.o
                0x08003306                HAL_HCD_Init
 .text.HAL_HCD_HC_Init
                0x080033d4      0x170 ./Drivers/STM32F4xx_HAL_Driver/Src/stm32f4xx_hal_hcd.o
                0x080033d4                HAL_HCD_HC_Init
 .text.HAL_HCD_HC_SubmitRequest
                0x08003544      0x33c ./Drivers/STM32F4xx_HAL_Driver/Src/stm32f4xx_hal_hcd.o
                0x08003544                HAL_HCD_HC_SubmitRequest
 .text.HAL_HCD_IRQHandler
                0x08003880      0x220 ./Drivers/STM32F4xx_HAL_Driver/Src/stm32f4xx_hal_hcd.o
                0x08003880                HAL_HCD_IRQHandler
 .text.HAL_HCD_Start
                0x08003aa0       0x46 ./Drivers/STM32F4xx_HAL_Driver/Src/stm32f4xx_hal_hcd.o
                0x08003aa0                HAL_HCD_Start
 .text.HAL_HCD_Stop
                0x08003ae6       0x3a ./Drivers/STM32F4xx_HAL_Driver/Src/stm32f4xx_hal_hcd.o
                0x08003ae6                HAL_HCD_Stop
 .text.HAL_HCD_ResetPort
                0x08003b20       0x1c ./Drivers/STM32F4xx_HAL_Driver/Src/stm32f4xx_hal_hcd.o
                0x08003b20                HAL_HCD_ResetPort
 .text.HAL_HCD_HC_GetURBState
                0x08003b3c       0x2a ./Drivers/STM32F4xx_HAL_Driver/Src/stm32f4xx_hal_hcd.o
                0x08003b3c                HAL_HCD_HC_GetURBState
 .text.HAL_HCD_HC_GetXferCount
                0x08003b66       0x2a ./Drivers/STM32F4xx_HAL_Driver/Src/stm32f4xx_hal_hcd.o
                0x08003b66                HAL_HCD_HC_GetXferCount
 .text.HAL_HCD_GetCurrentFrame
                0x08003b90       0x1c ./Drivers/STM32F4xx_HAL_Driver/Src/stm32f4xx_hal_hcd.o
                0x08003b90                HAL_HCD_GetCurrentFrame
 .text.HAL_HCD_GetCurrentSpeed
                0x08003bac       0x1c ./Drivers/STM32F4xx_HAL_Driver/Src/stm32f4xx_hal_hcd.o
                0x08003bac                HAL_HCD_GetCurrentSpeed
 .text.HAL_HCD_HC_ClearHubInfo
                0x08003bc8       0x6a ./Drivers/STM32F4xx_HAL_Driver/Src/stm32f4xx_hal_hcd.o
                0x08003bc8                HAL_HCD_HC_ClearHubInfo
 .text.HCD_HC_IN_IRQHandler
                0x08003c32      0xcd2 ./Drivers/STM32F4xx_HAL_Driver/Src/stm32f4xx_hal_hcd.o
 .text.HCD_HC_OUT_IRQHandler
                0x08004904      0x97e ./Drivers/STM32F4xx_HAL_Driver/Src/stm32f4xx_hal_hcd.o
 .text.HCD_RXQLVL_IRQHandler
                0x08005282      0x1be ./Drivers/STM32F4xx_HAL_Driver/Src/stm32f4xx_hal_hcd.o
 .text.HCD_Port_IRQHandler
                0x08005440       0xe6 ./Drivers/STM32F4xx_HAL_Driver/Src/stm32f4xx_hal_hcd.o
 *fill*         0x08005526        0x2 
 .text.HAL_I2C_Init
                0x08005528      0x288 ./Drivers/STM32F4xx_HAL_Driver/Src/stm32f4xx_hal_i2c.o
                0x08005528                HAL_I2C_Init
 .text.HAL_I2C_Master_Transmit
                0x080057b0      0x1fc ./Drivers/STM32F4xx_HAL_Driver/Src/stm32f4xx_hal_i2c.o
                0x080057b0                HAL_I2C_Master_Transmit
 .text.I2C_MasterRequestWrite
                0x080059ac      0x104 ./Drivers/STM32F4xx_HAL_Driver/Src/stm32f4xx_hal_i2c.o
 .text.I2C_WaitOnFlagUntilTimeout
                0x08005ab0       0xf4 ./Drivers/STM32F4xx_HAL_Driver/Src/stm32f4xx_hal_i2c.o
 .text.I2C_WaitOnMasterAddressFlagUntilTimeout
                0x08005ba4      0x140 ./Drivers/STM32F4xx_HAL_Driver/Src/stm32f4xx_hal_i2c.o
 .text.I2C_WaitOnTXEFlagUntilTimeout
                0x08005ce4       0x90 ./Drivers/STM32F4xx_HAL_Driver/Src/stm32f4xx_hal_i2c.o
 .text.I2C_WaitOnBTFFlagUntilTimeout
                0x08005d74       0x90 ./Drivers/STM32F4xx_HAL_Driver/Src/stm32f4xx_hal_i2c.o
 .text.I2C_IsAcknowledgeFailed
                0x08005e04       0x5e ./Drivers/STM32F4xx_HAL_Driver/Src/stm32f4xx_hal_i2c.o
 *fill*         0x08005e62        0x2 
 .text.HAL_I2S_Init
                0x08005e64      0x280 ./Drivers/STM32F4xx_HAL_Driver/Src/stm32f4xx_hal_i2s.o
                0x08005e64                HAL_I2S_Init
 .text.HAL_I2S_TxCpltCallback
                0x080060e4       0x14 ./Drivers/STM32F4xx_HAL_Driver/Src/stm32f4xx_hal_i2s.o
                0x080060e4                HAL_I2S_TxCpltCallback
 .text.HAL_I2S_RxCpltCallback
                0x080060f8       0x14 ./Drivers/STM32F4xx_HAL_Driver/Src/stm32f4xx_hal_i2s.o
                0x080060f8                HAL_I2S_RxCpltCallback
 .text.HAL_I2S_ErrorCallback
                0x0800610c       0x14 ./Drivers/STM32F4xx_HAL_Driver/Src/stm32f4xx_hal_i2s.o
                0x0800610c                HAL_I2S_ErrorCallback
 .text.I2S_Transmit_IT
                0x08006120       0x5c ./Drivers/STM32F4xx_HAL_Driver/Src/stm32f4xx_hal_i2s.o
 .text.I2S_Receive_IT
                0x0800617c       0x5e ./Drivers/STM32F4xx_HAL_Driver/Src/stm32f4xx_hal_i2s.o
 .text.I2S_IRQHandler
                0x080061da      0x114 ./Drivers/STM32F4xx_HAL_Driver/Src/stm32f4xx_hal_i2s.o
 *fill*         0x080062ee        0x2 
 .text.HAL_I2SEx_FullDuplex_IRQHandler
                0x080062f0      0x2a8 ./Drivers/STM32F4xx_HAL_Driver/Src/stm32f4xx_hal_i2s_ex.o
                0x080062f0                HAL_I2SEx_FullDuplex_IRQHandler
 .text.HAL_I2SEx_TxRxCpltCallback
                0x08006598       0x14 ./Drivers/STM32F4xx_HAL_Driver/Src/stm32f4xx_hal_i2s_ex.o
                0x08006598                HAL_I2SEx_TxRxCpltCallback
 .text.I2SEx_TxISR_I2S
                0x080065ac       0x62 ./Drivers/STM32F4xx_HAL_Driver/Src/stm32f4xx_hal_i2s_ex.o
 *fill*         0x0800660e        0x2 
 .text.I2SEx_TxISR_I2SExt
                0x08006610       0x98 ./Drivers/STM32F4xx_HAL_Driver/Src/stm32f4xx_hal_i2s_ex.o
 .text.I2SEx_RxISR_I2S
                0x080066a8       0x64 ./Drivers/STM32F4xx_HAL_Driver/Src/stm32f4xx_hal_i2s_ex.o
 .text.I2SEx_RxISR_I2SExt
                0x0800670c       0x98 ./Drivers/STM32F4xx_HAL_Driver/Src/stm32f4xx_hal_i2s_ex.o
 .text.HAL_RCC_OscConfig
                0x080067a4      0x4f0 ./Drivers/STM32F4xx_HAL_Driver/Src/stm32f4xx_hal_rcc.o
                0x080067a4                HAL_RCC_OscConfig
 .text.HAL_RCC_ClockConfig
                0x08006c94      0x1cc ./Drivers/STM32F4xx_HAL_Driver/Src/stm32f4xx_hal_rcc.o
                0x08006c94                HAL_RCC_ClockConfig
 .text.HAL_RCC_GetSysClockFreq
                0x08006e60      0x20c ./Drivers/STM32F4xx_HAL_Driver/Src/stm32f4xx_hal_rcc.o
                0x08006e60                HAL_RCC_GetSysClockFreq
 .text.HAL_RCC_GetHCLKFreq
                0x0800706c       0x18 ./Drivers/STM32F4xx_HAL_Driver/Src/stm32f4xx_hal_rcc.o
                0x0800706c                HAL_RCC_GetHCLKFreq
 .text.HAL_RCC_GetPCLK1Freq
                0x08007084       0x28 ./Drivers/STM32F4xx_HAL_Driver/Src/stm32f4xx_hal_rcc.o
                0x08007084                HAL_RCC_GetPCLK1Freq
 .text.HAL_RCC_GetPCLK2Freq
                0x080070ac       0x28 ./Drivers/STM32F4xx_HAL_Driver/Src/stm32f4xx_hal_rcc.o
                0x080070ac                HAL_RCC_GetPCLK2Freq
 .text.HAL_RCC_GetClockConfig
                0x080070d4       0x64 ./Drivers/STM32F4xx_HAL_Driver/Src/stm32f4xx_hal_rcc.o
                0x080070d4                HAL_RCC_GetClockConfig
 .text.HAL_RCCEx_PeriphCLKConfig
                0x08007138      0x1c4 ./Drivers/STM32F4xx_HAL_Driver/Src/stm32f4xx_hal_rcc_ex.o
                0x08007138                HAL_RCCEx_PeriphCLKConfig
 .text.HAL_RCCEx_GetPeriphCLKFreq
                0x080072fc       0xc0 ./Drivers/STM32F4xx_HAL_Driver/Src/stm32f4xx_hal_rcc_ex.o
                0x080072fc                HAL_RCCEx_GetPeriphCLKFreq
 .text.HAL_TIM_Base_Init
                0x080073bc       0x9e ./Drivers/STM32F4xx_HAL_Driver/Src/stm32f4xx_hal_tim.o
                0x080073bc                HAL_TIM_Base_Init
 .text.HAL_TIM_Base_MspInit
                0x0800745a       0x14 ./Drivers/STM32F4xx_HAL_Driver/Src/stm32f4xx_hal_tim.o
                0x0800745a                HAL_TIM_Base_MspInit
 *fill*         0x0800746e        0x2 
 .text.HAL_TIM_Base_Start_IT
                0x08007470       0xe0 ./Drivers/STM32F4xx_HAL_Driver/Src/stm32f4xx_hal_tim.o
                0x08007470                HAL_TIM_Base_Start_IT
 .text.HAL_TIM_PWM_Init
                0x08007550       0x9e ./Drivers/STM32F4xx_HAL_Driver/Src/stm32f4xx_hal_tim.o
                0x08007550                HAL_TIM_PWM_Init
 *fill*         0x080075ee        0x2 
 .text.HAL_TIM_PWM_Start
                0x080075f0      0x190 ./Drivers/STM32F4xx_HAL_Driver/Src/stm32f4xx_hal_tim.o
                0x080075f0                HAL_TIM_PWM_Start
 .text.HAL_TIM_IC_Init
                0x08007780       0x9e ./Drivers/STM32F4xx_HAL_Driver/Src/stm32f4xx_hal_tim.o
                0x08007780                HAL_TIM_IC_Init
 *fill*         0x0800781e        0x2 
 .text.HAL_TIM_IC_Start_IT
                0x08007820      0x250 ./Drivers/STM32F4xx_HAL_Driver/Src/stm32f4xx_hal_tim.o
                0x08007820                HAL_TIM_IC_Start_IT
 .text.HAL_TIM_IC_Stop_IT
                0x08007a70      0x15c ./Drivers/STM32F4xx_HAL_Driver/Src/stm32f4xx_hal_tim.o
                0x08007a70                HAL_TIM_IC_Stop_IT
 .text.HAL_TIM_IRQHandler
                0x08007bcc      0x1e0 ./Drivers/STM32F4xx_HAL_Driver/Src/stm32f4xx_hal_tim.o
                0x08007bcc                HAL_TIM_IRQHandler
 .text.HAL_TIM_IC_ConfigChannel
                0x08007dac      0x138 ./Drivers/STM32F4xx_HAL_Driver/Src/stm32f4xx_hal_tim.o
                0x08007dac                HAL_TIM_IC_ConfigChannel
 .text.HAL_TIM_PWM_ConfigChannel
                0x08007ee4      0x184 ./Drivers/STM32F4xx_HAL_Driver/Src/stm32f4xx_hal_tim.o
                0x08007ee4                HAL_TIM_PWM_ConfigChannel
 .text.HAL_TIM_ReadCapturedValue
                0x08008068       0x88 ./Drivers/STM32F4xx_HAL_Driver/Src/stm32f4xx_hal_tim.o
                0x08008068                HAL_TIM_ReadCapturedValue
 .text.HAL_TIM_OC_DelayElapsedCallback
                0x080080f0       0x14 ./Drivers/STM32F4xx_HAL_Driver/Src/stm32f4xx_hal_tim.o
                0x080080f0                HAL_TIM_OC_DelayElapsedCallback
 .text.HAL_TIM_PWM_PulseFinishedCallback
                0x08008104       0x14 ./Drivers/STM32F4xx_HAL_Driver/Src/stm32f4xx_hal_tim.o
                0x08008104                HAL_TIM_PWM_PulseFinishedCallback
 .text.HAL_TIM_TriggerCallback
                0x08008118       0x14 ./Drivers/STM32F4xx_HAL_Driver/Src/stm32f4xx_hal_tim.o
                0x08008118                HAL_TIM_TriggerCallback
 .text.TIM_Base_SetConfig
                0x0800812c      0x14c ./Drivers/STM32F4xx_HAL_Driver/Src/stm32f4xx_hal_tim.o
                0x0800812c                TIM_Base_SetConfig
 .text.TIM_OC1_SetConfig
                0x08008278       0xe0 ./Drivers/STM32F4xx_HAL_Driver/Src/stm32f4xx_hal_tim.o
 .text.TIM_OC2_SetConfig
                0x08008358       0xec ./Drivers/STM32F4xx_HAL_Driver/Src/stm32f4xx_hal_tim.o
                0x08008358                TIM_OC2_SetConfig
 .text.TIM_OC3_SetConfig
                0x08008444       0xe8 ./Drivers/STM32F4xx_HAL_Driver/Src/stm32f4xx_hal_tim.o
 .text.TIM_OC4_SetConfig
                0x0800852c       0xac ./Drivers/STM32F4xx_HAL_Driver/Src/stm32f4xx_hal_tim.o
 .text.TIM_TI1_SetConfig
                0x080085d8       0xe8 ./Drivers/STM32F4xx_HAL_Driver/Src/stm32f4xx_hal_tim.o
                0x080085d8                TIM_TI1_SetConfig
 .text.TIM_TI2_SetConfig
                0x080086c0       0x7a ./Drivers/STM32F4xx_HAL_Driver/Src/stm32f4xx_hal_tim.o
 .text.TIM_TI3_SetConfig
                0x0800873a       0x78 ./Drivers/STM32F4xx_HAL_Driver/Src/stm32f4xx_hal_tim.o
 .text.TIM_TI4_SetConfig
                0x080087b2       0x7a ./Drivers/STM32F4xx_HAL_Driver/Src/stm32f4xx_hal_tim.o
 .text.TIM_CCxChannelCmd
                0x0800882c       0x4a ./Drivers/STM32F4xx_HAL_Driver/Src/stm32f4xx_hal_tim.o
                0x0800882c                TIM_CCxChannelCmd
 *fill*         0x08008876        0x2 
 .text.HAL_TIMEx_MasterConfigSynchronization
                0x08008878       0xf8 ./Drivers/STM32F4xx_HAL_Driver/Src/stm32f4xx_hal_tim_ex.o
                0x08008878                HAL_TIMEx_MasterConfigSynchronization
 .text.HAL_TIMEx_ConfigBreakDeadTime
                0x08008970       0xa4 ./Drivers/STM32F4xx_HAL_Driver/Src/stm32f4xx_hal_tim_ex.o
                0x08008970                HAL_TIMEx_ConfigBreakDeadTime
 .text.HAL_TIMEx_CommutCallback
                0x08008a14       0x14 ./Drivers/STM32F4xx_HAL_Driver/Src/stm32f4xx_hal_tim_ex.o
                0x08008a14                HAL_TIMEx_CommutCallback
 .text.HAL_TIMEx_BreakCallback
                0x08008a28       0x14 ./Drivers/STM32F4xx_HAL_Driver/Src/stm32f4xx_hal_tim_ex.o
                0x08008a28                HAL_TIMEx_BreakCallback
 .text.HAL_UART_Init
                0x08008a3c       0xa0 ./Drivers/STM32F4xx_HAL_Driver/Src/stm32f4xx_hal_uart.o
                0x08008a3c                HAL_UART_Init
 .text.HAL_UART_Transmit
                0x08008adc      0x116 ./Drivers/STM32F4xx_HAL_Driver/Src/stm32f4xx_hal_uart.o
                0x08008adc                HAL_UART_Transmit
 .text.HAL_UART_Receive
                0x08008bf2      0x12e ./Drivers/STM32F4xx_HAL_Driver/Src/stm32f4xx_hal_uart.o
                0x08008bf2                HAL_UART_Receive
 .text.UART_WaitOnFlagUntilTimeout
                0x08008d20       0xb2 ./Drivers/STM32F4xx_HAL_Driver/Src/stm32f4xx_hal_uart.o
 .text.UART_EndRxTransfer
                0x08008dd2       0xc6 ./Drivers/STM32F4xx_HAL_Driver/Src/stm32f4xx_hal_uart.o
 .text.UART_SetConfig
                0x08008e98      0x4e8 ./Drivers/STM32F4xx_HAL_Driver/Src/stm32f4xx_hal_uart.o
 .text.USB_CoreInit
                0x08009380       0xc8 ./Drivers/STM32F4xx_HAL_Driver/Src/stm32f4xx_ll_usb.o
                0x08009380                USB_CoreInit
 .text.USB_EnableGlobalInt
                0x08009448       0x22 ./Drivers/STM32F4xx_HAL_Driver/Src/stm32f4xx_ll_usb.o
                0x08009448                USB_EnableGlobalInt
 .text.USB_DisableGlobalInt
                0x0800946a       0x22 ./Drivers/STM32F4xx_HAL_Driver/Src/stm32f4xx_ll_usb.o
                0x0800946a                USB_DisableGlobalInt
 .text.USB_SetCurrentMode
                0x0800948c       0x98 ./Drivers/STM32F4xx_HAL_Driver/Src/stm32f4xx_ll_usb.o
                0x0800948c                USB_SetCurrentMode
 .text.USB_FlushTxFifo
                0x08009524       0x64 ./Drivers/STM32F4xx_HAL_Driver/Src/stm32f4xx_ll_usb.o
                0x08009524                USB_FlushTxFifo
 .text.USB_FlushRxFifo
                0x08009588       0x5c ./Drivers/STM32F4xx_HAL_Driver/Src/stm32f4xx_ll_usb.o
                0x08009588                USB_FlushRxFifo
 .text.USB_WritePacket
                0x080095e4       0x7c ./Drivers/STM32F4xx_HAL_Driver/Src/stm32f4xx_ll_usb.o
                0x080095e4                USB_WritePacket
 .text.USB_ReadPacket
                0x08009660       0xb0 ./Drivers/STM32F4xx_HAL_Driver/Src/stm32f4xx_ll_usb.o
                0x08009660                USB_ReadPacket
 .text.USB_ReadInterrupts
                0x08009710       0x26 ./Drivers/STM32F4xx_HAL_Driver/Src/stm32f4xx_ll_usb.o
                0x08009710                USB_ReadInterrupts
 .text.USB_ReadChInterrupts
                0x08009736       0x42 ./Drivers/STM32F4xx_HAL_Driver/Src/stm32f4xx_ll_usb.o
                0x08009736                USB_ReadChInterrupts
 .text.USB_GetMode
                0x08009778       0x1c ./Drivers/STM32F4xx_HAL_Driver/Src/stm32f4xx_ll_usb.o
                0x08009778                USB_GetMode
 .text.USB_CoreReset
                0x08009794       0x70 ./Drivers/STM32F4xx_HAL_Driver/Src/stm32f4xx_ll_usb.o
 .text.USB_HostInit
                0x08009804      0x188 ./Drivers/STM32F4xx_HAL_Driver/Src/stm32f4xx_ll_usb.o
                0x08009804                USB_HostInit
 .text.USB_InitFSLSPClkSel
                0x0800998c       0x7a ./Drivers/STM32F4xx_HAL_Driver/Src/stm32f4xx_ll_usb.o
                0x0800998c                USB_InitFSLSPClkSel
 .text.USB_ResetPort
                0x08009a06       0x54 ./Drivers/STM32F4xx_HAL_Driver/Src/stm32f4xx_ll_usb.o
                0x08009a06                USB_ResetPort
 .text.USB_DriveVbus
                0x08009a5a       0x72 ./Drivers/STM32F4xx_HAL_Driver/Src/stm32f4xx_ll_usb.o
                0x08009a5a                USB_DriveVbus
 .text.USB_GetHostSpeed
                0x08009acc       0x2e ./Drivers/STM32F4xx_HAL_Driver/Src/stm32f4xx_ll_usb.o
                0x08009acc                USB_GetHostSpeed
 .text.USB_GetCurrentFrame
                0x08009afa       0x22 ./Drivers/STM32F4xx_HAL_Driver/Src/stm32f4xx_ll_usb.o
                0x08009afa                USB_GetCurrentFrame
 .text.USB_HC_Init
                0x08009b1c      0x258 ./Drivers/STM32F4xx_HAL_Driver/Src/stm32f4xx_ll_usb.o
                0x08009b1c                USB_HC_Init
 .text.USB_HC_StartXfer
                0x08009d74      0x4f4 ./Drivers/STM32F4xx_HAL_Driver/Src/stm32f4xx_ll_usb.o
                0x08009d74                USB_HC_StartXfer
 .text.USB_HC_ReadInterrupt
                0x0800a268       0x22 ./Drivers/STM32F4xx_HAL_Driver/Src/stm32f4xx_ll_usb.o
                0x0800a268                USB_HC_ReadInterrupt
 .text.USB_HC_Halt
                0x0800a28a      0x240 ./Drivers/STM32F4xx_HAL_Driver/Src/stm32f4xx_ll_usb.o
                0x0800a28a                USB_HC_Halt
 *fill*         0x0800a4ca        0x2 
 .text.USB_DoPing
                0x0800a4cc       0x78 ./Drivers/STM32F4xx_HAL_Driver/Src/stm32f4xx_ll_usb.o
                0x0800a4cc                USB_DoPing
 .text.USB_StopHost
                0x0800a544      0x124 ./Drivers/STM32F4xx_HAL_Driver/Src/stm32f4xx_ll_usb.o
                0x0800a544                USB_StopHost
 .text.USBH_CDC_InterfaceInit
                0x0800a668      0x2ac ./Middlewares/ST/STM32_USB_Host_Library/Class/CDC/Src/usbh_cdc.o
 .text.USBH_CDC_InterfaceDeInit
                0x0800a914       0xb2 ./Middlewares/ST/STM32_USB_Host_Library/Class/CDC/Src/usbh_cdc.o
 .text.USBH_CDC_ClassRequest
                0x0800a9c6       0x3e ./Middlewares/ST/STM32_USB_Host_Library/Class/CDC/Src/usbh_cdc.o
 .text.USBH_CDC_Process
                0x0800aa04      0x12c ./Middlewares/ST/STM32_USB_Host_Library/Class/CDC/Src/usbh_cdc.o
 .text.USBH_CDC_SOFProcess
                0x0800ab30       0x16 ./Middlewares/ST/STM32_USB_Host_Library/Class/CDC/Src/usbh_cdc.o
 .text.GetLineCoding
                0x0800ab46       0x3e ./Middlewares/ST/STM32_USB_Host_Library/Class/CDC/Src/usbh_cdc.o
 .text.SetLineCoding
                0x0800ab84       0x3e ./Middlewares/ST/STM32_USB_Host_Library/Class/CDC/Src/usbh_cdc.o
 .text.CDC_ProcessTransmission
                0x0800abc2      0x104 ./Middlewares/ST/STM32_USB_Host_Library/Class/CDC/Src/usbh_cdc.o
 .text.CDC_ProcessReception
                0x0800acc6       0xc2 ./Middlewares/ST/STM32_USB_Host_Library/Class/CDC/Src/usbh_cdc.o
 .text.USBH_CDC_TransmitCallback
                0x0800ad88       0x14 ./Middlewares/ST/STM32_USB_Host_Library/Class/CDC/Src/usbh_cdc.o
                0x0800ad88                USBH_CDC_TransmitCallback
 .text.USBH_CDC_ReceiveCallback
                0x0800ad9c       0x14 ./Middlewares/ST/STM32_USB_Host_Library/Class/CDC/Src/usbh_cdc.o
                0x0800ad9c                USBH_CDC_ReceiveCallback
 .text.USBH_CDC_LineCodingChanged
                0x0800adb0       0x14 ./Middlewares/ST/STM32_USB_Host_Library/Class/CDC/Src/usbh_cdc.o
                0x0800adb0                USBH_CDC_LineCodingChanged
 .text.USBH_Init
                0x0800adc4       0xb8 ./Middlewares/ST/STM32_USB_Host_Library/Core/Src/usbh_core.o
                0x0800adc4                USBH_Init
 .text.DeInitStateMachine
                0x0800ae7c       0xe2 ./Middlewares/ST/STM32_USB_Host_Library/Core/Src/usbh_core.o
 .text.USBH_RegisterClass
                0x0800af5e       0x54 ./Middlewares/ST/STM32_USB_Host_Library/Core/Src/usbh_core.o
                0x0800af5e                USBH_RegisterClass
 .text.USBH_SelectInterface
                0x0800afb2       0x38 ./Middlewares/ST/STM32_USB_Host_Library/Core/Src/usbh_core.o
                0x0800afb2                USBH_SelectInterface
 .text.USBH_FindInterface
                0x0800afea       0x8c ./Middlewares/ST/STM32_USB_Host_Library/Core/Src/usbh_core.o
                0x0800afea                USBH_FindInterface
 .text.USBH_Start
                0x0800b076       0x20 ./Middlewares/ST/STM32_USB_Host_Library/Core/Src/usbh_core.o
                0x0800b076                USBH_Start
 *fill*         0x0800b096        0x2 
 .text.USBH_Process
                0x0800b098      0x434 ./Middlewares/ST/STM32_USB_Host_Library/Core/Src/usbh_core.o
                0x0800b098                USBH_Process
 .text.USBH_HandleEnum
                0x0800b4cc      0x3fc ./Middlewares/ST/STM32_USB_Host_Library/Core/Src/usbh_core.o
 .text.USBH_LL_SetTimer
                0x0800b8c8       0x1e ./Middlewares/ST/STM32_USB_Host_Library/Core/Src/usbh_core.o
                0x0800b8c8                USBH_LL_SetTimer
 .text.USBH_LL_IncTimer
                0x0800b8e6       0x24 ./Middlewares/ST/STM32_USB_Host_Library/Core/Src/usbh_core.o
                0x0800b8e6                USBH_LL_IncTimer
 .text.USBH_HandleSof
                0x0800b90a       0x30 ./Middlewares/ST/STM32_USB_Host_Library/Core/Src/usbh_core.o
 .text.USBH_LL_PortEnabled
                0x0800b93a       0x24 ./Middlewares/ST/STM32_USB_Host_Library/Core/Src/usbh_core.o
                0x0800b93a                USBH_LL_PortEnabled
 .text.USBH_LL_PortDisabled
                0x0800b95e       0x24 ./Middlewares/ST/STM32_USB_Host_Library/Core/Src/usbh_core.o
                0x0800b95e                USBH_LL_PortDisabled
 .text.USBH_LL_Connect
                0x0800b982       0x36 ./Middlewares/ST/STM32_USB_Host_Library/Core/Src/usbh_core.o
                0x0800b982                USBH_LL_Connect
 .text.USBH_LL_Disconnect
                0x0800b9b8       0x54 ./Middlewares/ST/STM32_USB_Host_Library/Core/Src/usbh_core.o
                0x0800b9b8                USBH_LL_Disconnect
 .text.USBH_OS_PutMessage
                0x0800ba0c       0x48 ./Middlewares/ST/STM32_USB_Host_Library/Core/Src/usbh_core.o
                0x0800ba0c                USBH_OS_PutMessage
 .text.USBH_Process_OS
                0x0800ba54       0x2e ./Middlewares/ST/STM32_USB_Host_Library/Core/Src/usbh_core.o
 .text.USBH_LL_NotifyURBChange
                0x0800ba82       0x1e ./Middlewares/ST/STM32_USB_Host_Library/Core/Src/usbh_core.o
                0x0800ba82                USBH_LL_NotifyURBChange
 .text.USBH_Get_DevDesc
                0x0800baa0       0x58 ./Middlewares/ST/STM32_USB_Host_Library/Core/Src/usbh_ctlreq.o
                0x0800baa0                USBH_Get_DevDesc
 .text.USBH_Get_CfgDesc
                0x0800baf8       0x54 ./Middlewares/ST/STM32_USB_Host_Library/Core/Src/usbh_ctlreq.o
                0x0800baf8                USBH_Get_CfgDesc
 .text.USBH_Get_StringDesc
                0x0800bb4c       0x68 ./Middlewares/ST/STM32_USB_Host_Library/Core/Src/usbh_ctlreq.o
                0x0800bb4c                USBH_Get_StringDesc
 .text.USBH_GetDescriptor
                0x0800bbb4       0x6a ./Middlewares/ST/STM32_USB_Host_Library/Core/Src/usbh_ctlreq.o
                0x0800bbb4                USBH_GetDescriptor
 .text.USBH_SetAddress
                0x0800bc1e       0x48 ./Middlewares/ST/STM32_USB_Host_Library/Core/Src/usbh_ctlreq.o
                0x0800bc1e                USBH_SetAddress
 .text.USBH_SetCfg
                0x0800bc66       0x46 ./Middlewares/ST/STM32_USB_Host_Library/Core/Src/usbh_ctlreq.o
                0x0800bc66                USBH_SetCfg
 .text.USBH_SetFeature
                0x0800bcac       0x48 ./Middlewares/ST/STM32_USB_Host_Library/Core/Src/usbh_ctlreq.o
                0x0800bcac                USBH_SetFeature
 .text.USBH_ClrFeature
                0x0800bcf4       0x48 ./Middlewares/ST/STM32_USB_Host_Library/Core/Src/usbh_ctlreq.o
                0x0800bcf4                USBH_ClrFeature
 .text.USBH_ParseDevDesc
                0x0800bd3c      0x160 ./Middlewares/ST/STM32_USB_Host_Library/Core/Src/usbh_ctlreq.o
 .text.USBH_ParseCfgDesc
                0x0800be9c      0x1f8 ./Middlewares/ST/STM32_USB_Host_Library/Core/Src/usbh_ctlreq.o
 .text.USBH_ParseInterfaceDesc
                0x0800c094       0x5e ./Middlewares/ST/STM32_USB_Host_Library/Core/Src/usbh_ctlreq.o
 .text.USBH_ParseEPDesc
                0x0800c0f2      0x1d0 ./Middlewares/ST/STM32_USB_Host_Library/Core/Src/usbh_ctlreq.o
 .text.USBH_ParseStringDesc
                0x0800c2c2       0x66 ./Middlewares/ST/STM32_USB_Host_Library/Core/Src/usbh_ctlreq.o
 .text.USBH_GetNextDesc
                0x0800c328       0x34 ./Middlewares/ST/STM32_USB_Host_Library/Core/Src/usbh_ctlreq.o
                0x0800c328                USBH_GetNextDesc
 .text.USBH_CtlReq
                0x0800c35c       0x92 ./Middlewares/ST/STM32_USB_Host_Library/Core/Src/usbh_ctlreq.o
                0x0800c35c                USBH_CtlReq
 *fill*         0x0800c3ee        0x2 
 .text.USBH_HandleControl
                0x0800c3f0      0x3a0 ./Middlewares/ST/STM32_USB_Host_Library/Core/Src/usbh_ctlreq.o
 .text.USBH_CtlSendSetup
                0x0800c790       0x34 ./Middlewares/ST/STM32_USB_Host_Library/Core/Src/usbh_ioreq.o
                0x0800c790                USBH_CtlSendSetup
 .text.USBH_CtlSendData
                0x0800c7c4       0x4a ./Middlewares/ST/STM32_USB_Host_Library/Core/Src/usbh_ioreq.o
                0x0800c7c4                USBH_CtlSendData
 .text.USBH_CtlReceiveData
                0x0800c80e       0x3c ./Middlewares/ST/STM32_USB_Host_Library/Core/Src/usbh_ioreq.o
                0x0800c80e                USBH_CtlReceiveData
 .text.USBH_BulkSendData
                0x0800c84a       0x4a ./Middlewares/ST/STM32_USB_Host_Library/Core/Src/usbh_ioreq.o
                0x0800c84a                USBH_BulkSendData
 .text.USBH_BulkReceiveData
                0x0800c894       0x3c ./Middlewares/ST/STM32_USB_Host_Library/Core/Src/usbh_ioreq.o
                0x0800c894                USBH_BulkReceiveData
 .text.USBH_OpenPipe
                0x0800c8d0       0x3e ./Middlewares/ST/STM32_USB_Host_Library/Core/Src/usbh_pipes.o
                0x0800c8d0                USBH_OpenPipe
 .text.USBH_ClosePipe
                0x0800c90e       0x20 ./Middlewares/ST/STM32_USB_Host_Library/Core/Src/usbh_pipes.o
                0x0800c90e                USBH_ClosePipe
 .text.USBH_AllocPipe
                0x0800c92e       0x42 ./Middlewares/ST/STM32_USB_Host_Library/Core/Src/usbh_pipes.o
                0x0800c92e                USBH_AllocPipe
 .text.USBH_FreePipe
                0x0800c970       0x3c ./Middlewares/ST/STM32_USB_Host_Library/Core/Src/usbh_pipes.o
                0x0800c970                USBH_FreePipe
 .text.USBH_GetFreePipe
                0x0800c9ac       0x48 ./Middlewares/ST/STM32_USB_Host_Library/Core/Src/usbh_pipes.o
 .text.__NVIC_SetPriority
                0x0800c9f4       0x54 ./Middlewares/Third_Party/FreeRTOS/Source/CMSIS_RTOS_V2/cmsis_os2.o
 .text.SysTick_Handler
                0x0800ca48       0x20 ./Middlewares/Third_Party/FreeRTOS/Source/CMSIS_RTOS_V2/cmsis_os2.o
                0x0800ca48                SysTick_Handler
 .text.SVC_Setup
                0x0800ca68       0x12 ./Middlewares/Third_Party/FreeRTOS/Source/CMSIS_RTOS_V2/cmsis_os2.o
 *fill*         0x0800ca7a        0x2 
 .text.osKernelInitialize
                0x0800ca7c       0x48 ./Middlewares/Third_Party/FreeRTOS/Source/CMSIS_RTOS_V2/cmsis_os2.o
                0x0800ca7c                osKernelInitialize
 .text.osKernelStart
                0x0800cac4       0x4c ./Middlewares/Third_Party/FreeRTOS/Source/CMSIS_RTOS_V2/cmsis_os2.o
                0x0800cac4                osKernelStart
 .text.osThreadNew
                0x0800cb10      0x124 ./Middlewares/Third_Party/FreeRTOS/Source/CMSIS_RTOS_V2/cmsis_os2.o
                0x0800cb10                osThreadNew
 .text.osDelay  0x0800cc34       0x36 ./Middlewares/Third_Party/FreeRTOS/Source/CMSIS_RTOS_V2/cmsis_os2.o
                0x0800cc34                osDelay
 .text.osMutexNew
                0x0800cc6a      0x10c ./Middlewares/Third_Party/FreeRTOS/Source/CMSIS_RTOS_V2/cmsis_os2.o
                0x0800cc6a                osMutexNew
 .text.osMutexAcquire
                0x0800cd76       0x96 ./Middlewares/Third_Party/FreeRTOS/Source/CMSIS_RTOS_V2/cmsis_os2.o
                0x0800cd76                osMutexAcquire
 .text.osMutexRelease
                0x0800ce0c       0x7a ./Middlewares/Third_Party/FreeRTOS/Source/CMSIS_RTOS_V2/cmsis_os2.o
                0x0800ce0c                osMutexRelease
 .text.osSemaphoreNew
                0x0800ce86      0x112 ./Middlewares/Third_Party/FreeRTOS/Source/CMSIS_RTOS_V2/cmsis_os2.o
                0x0800ce86                osSemaphoreNew
 .text.osMessageQueueNew
                0x0800cf98       0xe6 ./Middlewares/Third_Party/FreeRTOS/Source/CMSIS_RTOS_V2/cmsis_os2.o
                0x0800cf98                osMessageQueueNew
 *fill*         0x0800d07e        0x2 
 .text.osMessageQueuePut
                0x0800d080       0xc0 ./Middlewares/Third_Party/FreeRTOS/Source/CMSIS_RTOS_V2/cmsis_os2.o
                0x0800d080                osMessageQueuePut
 .text.osMessageQueueGet
                0x0800d140       0xbc ./Middlewares/Third_Party/FreeRTOS/Source/CMSIS_RTOS_V2/cmsis_os2.o
                0x0800d140                osMessageQueueGet
 .text.osMessageQueueGetSpace
                0x0800d1fc       0x6a ./Middlewares/Third_Party/FreeRTOS/Source/CMSIS_RTOS_V2/cmsis_os2.o
                0x0800d1fc                osMessageQueueGetSpace
 *fill*         0x0800d266        0x2 
 .text.vApplicationGetIdleTaskMemory
                0x0800d268       0x34 ./Middlewares/Third_Party/FreeRTOS/Source/CMSIS_RTOS_V2/cmsis_os2.o
                0x0800d268                vApplicationGetIdleTaskMemory
 .text.vApplicationGetTimerTaskMemory
                0x0800d29c       0x34 ./Middlewares/Third_Party/FreeRTOS/Source/CMSIS_RTOS_V2/cmsis_os2.o
                0x0800d29c                vApplicationGetTimerTaskMemory
 .text.vListInitialise
                0x0800d2d0       0x40 ./Middlewares/Third_Party/FreeRTOS/Source/list.o
                0x0800d2d0                vListInitialise
 .text.vListInitialiseItem
                0x0800d310       0x1a ./Middlewares/Third_Party/FreeRTOS/Source/list.o
                0x0800d310                vListInitialiseItem
 .text.vListInsertEnd
                0x0800d32a       0x48 ./Middlewares/Third_Party/FreeRTOS/Source/list.o
                0x0800d32a                vListInsertEnd
 .text.vListInsert
                0x0800d372       0x72 ./Middlewares/Third_Party/FreeRTOS/Source/list.o
                0x0800d372                vListInsert
 .text.uxListRemove
                0x0800d3e4       0x54 ./Middlewares/Third_Party/FreeRTOS/Source/list.o
                0x0800d3e4                uxListRemove
 .text.xQueueGenericReset
                0x0800d438       0xd4 ./Middlewares/Third_Party/FreeRTOS/Source/queue.o
                0x0800d438                xQueueGenericReset
 .text.xQueueGenericCreateStatic
                0x0800d50c       0xfa ./Middlewares/Third_Party/FreeRTOS/Source/queue.o
                0x0800d50c                xQueueGenericCreateStatic
 .text.xQueueGenericCreate
                0x0800d606       0x76 ./Middlewares/Third_Party/FreeRTOS/Source/queue.o
                0x0800d606                xQueueGenericCreate
 .text.prvInitialiseNewQueue
                0x0800d67c       0x46 ./Middlewares/Third_Party/FreeRTOS/Source/queue.o
 .text.prvInitialiseMutex
                0x0800d6c2       0x34 ./Middlewares/Third_Party/FreeRTOS/Source/queue.o
 .text.xQueueCreateMutex
                0x0800d6f6       0x30 ./Middlewares/Third_Party/FreeRTOS/Source/queue.o
                0x0800d6f6                xQueueCreateMutex
 .text.xQueueCreateMutexStatic
                0x0800d726       0x36 ./Middlewares/Third_Party/FreeRTOS/Source/queue.o
                0x0800d726                xQueueCreateMutexStatic
 .text.xQueueGiveMutexRecursive
                0x0800d75c       0x6a ./Middlewares/Third_Party/FreeRTOS/Source/queue.o
                0x0800d75c                xQueueGiveMutexRecursive
 .text.xQueueTakeMutexRecursive
                0x0800d7c6       0x6e ./Middlewares/Third_Party/FreeRTOS/Source/queue.o
                0x0800d7c6                xQueueTakeMutexRecursive
 .text.xQueueCreateCountingSemaphoreStatic
                0x0800d834       0x72 ./Middlewares/Third_Party/FreeRTOS/Source/queue.o
                0x0800d834                xQueueCreateCountingSemaphoreStatic
 .text.xQueueCreateCountingSemaphore
                0x0800d8a6       0x6a ./Middlewares/Third_Party/FreeRTOS/Source/queue.o
                0x0800d8a6                xQueueCreateCountingSemaphore
 .text.xQueueGenericSend
                0x0800d910      0x204 ./Middlewares/Third_Party/FreeRTOS/Source/queue.o
                0x0800d910                xQueueGenericSend
 .text.xQueueGenericSendFromISR
                0x0800db14      0x13c ./Middlewares/Third_Party/FreeRTOS/Source/queue.o
                0x0800db14                xQueueGenericSendFromISR
 .text.xQueueReceive
                0x0800dc50      0x1c4 ./Middlewares/Third_Party/FreeRTOS/Source/queue.o
                0x0800dc50                xQueueReceive
 .text.xQueueSemaphoreTake
                0x0800de14      0x220 ./Middlewares/Third_Party/FreeRTOS/Source/queue.o
                0x0800de14                xQueueSemaphoreTake
 .text.xQueueReceiveFromISR
                0x0800e034      0x104 ./Middlewares/Third_Party/FreeRTOS/Source/queue.o
                0x0800e034                xQueueReceiveFromISR
 .text.uxQueueSpacesAvailable
                0x0800e138       0x48 ./Middlewares/Third_Party/FreeRTOS/Source/queue.o
                0x0800e138                uxQueueSpacesAvailable
 .text.vQueueDelete
                0x0800e180       0x48 ./Middlewares/Third_Party/FreeRTOS/Source/queue.o
                0x0800e180                vQueueDelete
 .text.prvGetDisinheritPriorityAfterTimeout
                0x0800e1c8       0x30 ./Middlewares/Third_Party/FreeRTOS/Source/queue.o
 .text.prvCopyDataToQueue
                0x0800e1f8       0xd4 ./Middlewares/Third_Party/FreeRTOS/Source/queue.o
 .text.prvCopyDataFromQueue
                0x0800e2cc       0x4c ./Middlewares/Third_Party/FreeRTOS/Source/queue.o
 .text.prvUnlockQueue
                0x0800e318       0xa4 ./Middlewares/Third_Party/FreeRTOS/Source/queue.o
 .text.prvIsQueueEmpty
                0x0800e3bc       0x2c ./Middlewares/Third_Party/FreeRTOS/Source/queue.o
 .text.prvIsQueueFull
                0x0800e3e8       0x30 ./Middlewares/Third_Party/FreeRTOS/Source/queue.o
 .text.vQueueAddToRegistry
                0x0800e418       0x54 ./Middlewares/Third_Party/FreeRTOS/Source/queue.o
                0x0800e418                vQueueAddToRegistry
 .text.vQueueUnregisterQueue
                0x0800e46c       0x54 ./Middlewares/Third_Party/FreeRTOS/Source/queue.o
                0x0800e46c                vQueueUnregisterQueue
 .text.vQueueWaitForMessageRestricted
                0x0800e4c0       0x68 ./Middlewares/Third_Party/FreeRTOS/Source/queue.o
                0x0800e4c0                vQueueWaitForMessageRestricted
 .text.xTaskCreateStatic
                0x0800e528       0xc0 ./Middlewares/Third_Party/FreeRTOS/Source/tasks.o
                0x0800e528                xTaskCreateStatic
 .text.xTaskCreate
                0x0800e5e8       0x8a ./Middlewares/Third_Party/FreeRTOS/Source/tasks.o
                0x0800e5e8                xTaskCreate
 *fill*         0x0800e672        0x2 
 .text.prvInitialiseNewTask
                0x0800e674      0x150 ./Middlewares/Third_Party/FreeRTOS/Source/tasks.o
 .text.prvAddNewTaskToReadyList
                0x0800e7c4       0xe0 ./Middlewares/Third_Party/FreeRTOS/Source/tasks.o
 .text.vTaskDelay
                0x0800e8a4       0x6c ./Middlewares/Third_Party/FreeRTOS/Source/tasks.o
                0x0800e8a4                vTaskDelay
 .text.vTaskStartScheduler
                0x0800e910       0xe0 ./Middlewares/Third_Party/FreeRTOS/Source/tasks.o
                0x0800e910                vTaskStartScheduler
 .text.vTaskSuspendAll
                0x0800e9f0       0x1c ./Middlewares/Third_Party/FreeRTOS/Source/tasks.o
                0x0800e9f0                vTaskSuspendAll
 .text.xTaskResumeAll
                0x0800ea0c      0x13c ./Middlewares/Third_Party/FreeRTOS/Source/tasks.o
                0x0800ea0c                xTaskResumeAll
 .text.xTaskGetTickCount
                0x0800eb48       0x20 ./Middlewares/Third_Party/FreeRTOS/Source/tasks.o
                0x0800eb48                xTaskGetTickCount
 .text.xTaskIncrementTick
                0x0800eb68      0x174 ./Middlewares/Third_Party/FreeRTOS/Source/tasks.o
                0x0800eb68                xTaskIncrementTick
 .text.vTaskSwitchContext
                0x0800ecdc       0xcc ./Middlewares/Third_Party/FreeRTOS/Source/tasks.o
                0x0800ecdc                vTaskSwitchContext
 .text.vTaskPlaceOnEventList
                0x0800eda8       0x4c ./Middlewares/Third_Party/FreeRTOS/Source/tasks.o
                0x0800eda8                vTaskPlaceOnEventList
 .text.vTaskPlaceOnEventListRestricted
                0x0800edf4       0x58 ./Middlewares/Third_Party/FreeRTOS/Source/tasks.o
                0x0800edf4                vTaskPlaceOnEventListRestricted
 .text.xTaskRemoveFromEventList
                0x0800ee4c       0xc8 ./Middlewares/Third_Party/FreeRTOS/Source/tasks.o
                0x0800ee4c                xTaskRemoveFromEventList
 .text.vTaskInternalSetTimeOutState
                0x0800ef14       0x2c ./Middlewares/Third_Party/FreeRTOS/Source/tasks.o
                0x0800ef14                vTaskInternalSetTimeOutState
 .text.xTaskCheckForTimeOut
                0x0800ef40       0xc8 ./Middlewares/Third_Party/FreeRTOS/Source/tasks.o
                0x0800ef40                xTaskCheckForTimeOut
 .text.vTaskMissedYield
                0x0800f008       0x18 ./Middlewares/Third_Party/FreeRTOS/Source/tasks.o
                0x0800f008                vTaskMissedYield
 .text.prvIdleTask
                0x0800f020       0x30 ./Middlewares/Third_Party/FreeRTOS/Source/tasks.o
 .text.prvInitialiseTaskLists
                0x0800f050       0x80 ./Middlewares/Third_Party/FreeRTOS/Source/tasks.o
 .text.prvCheckTasksWaitingTermination
                0x0800f0d0       0x5c ./Middlewares/Third_Party/FreeRTOS/Source/tasks.o
 .text.prvDeleteTCB
                0x0800f12c       0x6a ./Middlewares/Third_Party/FreeRTOS/Source/tasks.o
 *fill*         0x0800f196        0x2 
 .text.prvResetNextTaskUnblockTime
                0x0800f198       0x40 ./Middlewares/Third_Party/FreeRTOS/Source/tasks.o
 .text.xTaskGetCurrentTaskHandle
                0x0800f1d8       0x20 ./Middlewares/Third_Party/FreeRTOS/Source/tasks.o
                0x0800f1d8                xTaskGetCurrentTaskHandle
 .text.xTaskGetSchedulerState
                0x0800f1f8       0x3c ./Middlewares/Third_Party/FreeRTOS/Source/tasks.o
                0x0800f1f8                xTaskGetSchedulerState
 .text.xTaskPriorityInherit
                0x0800f234       0xd0 ./Middlewares/Third_Party/FreeRTOS/Source/tasks.o
                0x0800f234                xTaskPriorityInherit
 .text.xTaskPriorityDisinherit
                0x0800f304       0xe0 ./Middlewares/Third_Party/FreeRTOS/Source/tasks.o
                0x0800f304                xTaskPriorityDisinherit
 .text.vTaskPriorityDisinheritAfterTimeout
                0x0800f3e4      0x108 ./Middlewares/Third_Party/FreeRTOS/Source/tasks.o
                0x0800f3e4                vTaskPriorityDisinheritAfterTimeout
 .text.pvTaskIncrementMutexHeldCount
                0x0800f4ec       0x28 ./Middlewares/Third_Party/FreeRTOS/Source/tasks.o
                0x0800f4ec                pvTaskIncrementMutexHeldCount
 .text.prvAddCurrentTaskToDelayedList
                0x0800f514       0xa8 ./Middlewares/Third_Party/FreeRTOS/Source/tasks.o
 .text.xTimerCreateTimerTask
                0x0800f5bc       0x94 ./Middlewares/Third_Party/FreeRTOS/Source/timers.o
                0x0800f5bc                xTimerCreateTimerTask
 .text.xTimerGenericCommand
                0x0800f650       0x9c ./Middlewares/Third_Party/FreeRTOS/Source/timers.o
                0x0800f650                xTimerGenericCommand
 .text.prvProcessExpiredTimer
                0x0800f6ec       0x9c ./Middlewares/Third_Party/FreeRTOS/Source/timers.o
 .text.prvTimerTask
                0x0800f788       0x26 ./Middlewares/Third_Party/FreeRTOS/Source/timers.o
 *fill*         0x0800f7ae        0x2 
 .text.prvProcessTimerOrBlockTask
                0x0800f7b0       0x9c ./Middlewares/Third_Party/FreeRTOS/Source/timers.o
 .text.prvGetNextExpireTime
                0x0800f84c       0x48 ./Middlewares/Third_Party/FreeRTOS/Source/timers.o
 .text.prvSampleTimeNow
                0x0800f894       0x40 ./Middlewares/Third_Party/FreeRTOS/Source/timers.o
 .text.prvInsertTimerInActiveList
                0x0800f8d4       0x84 ./Middlewares/Third_Party/FreeRTOS/Source/timers.o
 .text.prvProcessReceivedCommands
                0x0800f958      0x1cc ./Middlewares/Third_Party/FreeRTOS/Source/timers.o
 .text.prvSwitchTimerLists
                0x0800fb24       0xcc ./Middlewares/Third_Party/FreeRTOS/Source/timers.o
 .text.prvCheckForValidListAndQueue
                0x0800fbf0       0x80 ./Middlewares/Third_Party/FreeRTOS/Source/timers.o
 .text.pxPortInitialiseStack
                0x0800fc70       0x68 ./Middlewares/Third_Party/FreeRTOS/Source/portable/GCC/ARM_CM4F/port.o
                0x0800fc70                pxPortInitialiseStack
 .text.prvTaskExitError
                0x0800fcd8       0x5c ./Middlewares/Third_Party/FreeRTOS/Source/portable/GCC/ARM_CM4F/port.o
 *fill*         0x0800fd34        0xc 
 .text.SVC_Handler
                0x0800fd40       0x28 ./Middlewares/Third_Party/FreeRTOS/Source/portable/GCC/ARM_CM4F/port.o
                0x0800fd40                SVC_Handler
 .text.prvPortStartFirstTask
                0x0800fd68       0x28 ./Middlewares/Third_Party/FreeRTOS/Source/portable/GCC/ARM_CM4F/port.o
 .text.xPortStartScheduler
                0x0800fd90      0x148 ./Middlewares/Third_Party/FreeRTOS/Source/portable/GCC/ARM_CM4F/port.o
                0x0800fd90                xPortStartScheduler
 .text.vPortEnterCritical
                0x0800fed8       0x64 ./Middlewares/Third_Party/FreeRTOS/Source/portable/GCC/ARM_CM4F/port.o
                0x0800fed8                vPortEnterCritical
 .text.vPortExitCritical
                0x0800ff3c       0x54 ./Middlewares/Third_Party/FreeRTOS/Source/portable/GCC/ARM_CM4F/port.o
                0x0800ff3c                vPortExitCritical
 .text.PendSV_Handler
                0x0800ff90       0x68 ./Middlewares/Third_Party/FreeRTOS/Source/portable/GCC/ARM_CM4F/port.o
                0x0800ff90                PendSV_Handler
 .text.xPortSysTickHandler
                0x0800fff8       0x44 ./Middlewares/Third_Party/FreeRTOS/Source/portable/GCC/ARM_CM4F/port.o
                0x0800fff8                xPortSysTickHandler
 .text.vPortSetupTimerInterrupt
                0x0801003c       0x48 ./Middlewares/Third_Party/FreeRTOS/Source/portable/GCC/ARM_CM4F/port.o
                0x0801003c                vPortSetupTimerInterrupt
 .text.vPortEnableVFP
                0x08010084       0x14 ./Middlewares/Third_Party/FreeRTOS/Source/portable/GCC/ARM_CM4F/port.o
 .text.vPortValidateInterruptPriority
                0x08010098       0x84 ./Middlewares/Third_Party/FreeRTOS/Source/portable/GCC/ARM_CM4F/port.o
                0x08010098                vPortValidateInterruptPriority
 .text.pvPortMalloc
                0x0801011c      0x19c ./Middlewares/Third_Party/FreeRTOS/Source/portable/MemMang/heap_4.o
                0x0801011c                pvPortMalloc
 .text.vPortFree
                0x080102b8       0xc8 ./Middlewares/Third_Party/FreeRTOS/Source/portable/MemMang/heap_4.o
                0x080102b8                vPortFree
 .text.prvHeapInit
                0x08010380       0xc4 ./Middlewares/Third_Party/FreeRTOS/Source/portable/MemMang/heap_4.o
 .text.prvInsertBlockIntoFreeList
                0x08010444       0xb4 ./Middlewares/Third_Party/FreeRTOS/Source/portable/MemMang/heap_4.o
 .text.MX_USB_HOST_Init
                0x080104f8       0x4c ./USB_HOST/App/usb_host.o
                0x080104f8                MX_USB_HOST_Init
 .text.USBH_UserProcess
                0x08010544       0x5c ./USB_HOST/App/usb_host.o
 .text.HAL_HCD_MspInit
                0x080105a0       0xc4 ./USB_HOST/Target/usbh_conf.o
                0x080105a0                HAL_HCD_MspInit
 .text.HAL_HCD_SOF_Callback
                0x08010664       0x1c ./USB_HOST/Target/usbh_conf.o
                0x08010664                HAL_HCD_SOF_Callback
 .text.HAL_HCD_Connect_Callback
                0x08010680       0x1c ./USB_HOST/Target/usbh_conf.o
                0x08010680                HAL_HCD_Connect_Callback
 .text.HAL_HCD_Disconnect_Callback
                0x0801069c       0x1c ./USB_HOST/Target/usbh_conf.o
                0x0801069c                HAL_HCD_Disconnect_Callback
 .text.HAL_HCD_HC_NotifyURBChange_Callback
                0x080106b8       0x24 ./USB_HOST/Target/usbh_conf.o
                0x080106b8                HAL_HCD_HC_NotifyURBChange_Callback
 .text.HAL_HCD_PortEnabled_Callback
                0x080106dc       0x1c ./USB_HOST/Target/usbh_conf.o
                0x080106dc                HAL_HCD_PortEnabled_Callback
 .text.HAL_HCD_PortDisabled_Callback
                0x080106f8       0x1c ./USB_HOST/Target/usbh_conf.o
                0x080106f8                HAL_HCD_PortDisabled_Callback
 .text.USBH_LL_Init
                0x08010714       0x78 ./USB_HOST/Target/usbh_conf.o
                0x08010714                USBH_LL_Init
 .text.USBH_LL_Start
                0x0801078c       0x36 ./USB_HOST/Target/usbh_conf.o
                0x0801078c                USBH_LL_Start
 .text.USBH_LL_Stop
                0x080107c2       0x36 ./USB_HOST/Target/usbh_conf.o
                0x080107c2                USBH_LL_Stop
 .text.USBH_LL_GetSpeed
                0x080107f8       0x4e ./USB_HOST/Target/usbh_conf.o
                0x080107f8                USBH_LL_GetSpeed
 .text.USBH_LL_ResetPort
                0x08010846       0x36 ./USB_HOST/Target/usbh_conf.o
                0x08010846                USBH_LL_ResetPort
 .text.USBH_LL_GetLastXferSize
                0x0801087c       0x26 ./USB_HOST/Target/usbh_conf.o
                0x0801087c                USBH_LL_GetLastXferSize
 .text.USBH_LL_OpenPipe
                0x080108a2       0x5e ./USB_HOST/Target/usbh_conf.o
                0x080108a2                USBH_LL_OpenPipe
 .text.USBH_LL_ClosePipe
                0x08010900       0x1a ./USB_HOST/Target/usbh_conf.o
                0x08010900                USBH_LL_ClosePipe
 .text.USBH_LL_SubmitURB
                0x0801091a       0x62 ./USB_HOST/Target/usbh_conf.o
                0x0801091a                USBH_LL_SubmitURB
 .text.USBH_LL_GetURBState
                0x0801097c       0x26 ./USB_HOST/Target/usbh_conf.o
                0x0801097c                USBH_LL_GetURBState
 .text.USBH_LL_DriverVBUS
                0x080109a2       0x2e ./USB_HOST/Target/usbh_conf.o
                0x080109a2                USBH_LL_DriverVBUS
 .text.USBH_LL_SetToggle
                0x080109d0       0x66 ./USB_HOST/Target/usbh_conf.o
                0x080109d0                USBH_LL_SetToggle
 .text.USBH_Delay
                0x08010a36       0x16 ./USB_HOST/Target/usbh_conf.o
                0x08010a36                USBH_Delay
 .text.USBH_Get_USB_Status
                0x08010a4c       0x58 ./USB_HOST/Target/usbh_conf.o
                0x08010a4c                USBH_Get_USB_Status
 .text.MX_DriverVbusFS
                0x08010aa4       0x38 ./USB_HOST/Target/usbh_platform.o
                0x08010aa4                MX_DriverVbusFS
 .text.__cvt    0x08010adc       0xca /Applications/STM32CubeIDE.app/Contents/Eclipse/plugins/com.st.stm32cube.ide.mcu.externaltools.gnu-tools-for-stm32.13.3.rel1.macos64_1.0.100.202509120712/tools/bin/../lib/gcc/arm-none-eabi/13.3.1/../../../../arm-none-eabi/lib/thumb/v7e-m+fp/hard/libc_nano.a(libc_a-nano-vfprintf_float.o)
                0x08010adc                __cvt
 .text.__exponent
                0x08010ba6       0x74 /Applications/STM32CubeIDE.app/Contents/Eclipse/plugins/com.st.stm32cube.ide.mcu.externaltools.gnu-tools-for-stm32.13.3.rel1.macos64_1.0.100.202509120712/tools/bin/../lib/gcc/arm-none-eabi/13.3.1/../../../../arm-none-eabi/lib/thumb/v7e-m+fp/hard/libc_nano.a(libc_a-nano-vfprintf_float.o)
                0x08010ba6                __exponent
 *fill*         0x08010c1a        0x2 
 .text._printf_float
                0x08010c1c      0x454 /Applications/STM32CubeIDE.app/Contents/Eclipse/plugins/com.st.stm32cube.ide.mcu.externaltools.gnu-tools-for-stm32.13.3.rel1.macos64_1.0.100.202509120712/tools/bin/../lib/gcc/arm-none-eabi/13.3.1/../../../../arm-none-eabi/lib/thumb/v7e-m+fp/hard/libc_nano.a(libc_a-nano-vfprintf_float.o)
                0x08010c1c                _printf_float
 .text.malloc   0x08011070       0x10 /Applications/STM32CubeIDE.app/Contents/Eclipse/plugins/com.st.stm32cube.ide.mcu.externaltools.gnu-tools-for-stm32.13.3.rel1.macos64_1.0.100.202509120712/tools/bin/../lib/gcc/arm-none-eabi/13.3.1/../../../../arm-none-eabi/lib/thumb/v7e-m+fp/hard/libc_nano.a(libc_a-malloc.o)
                0x08011070                malloc
 .text.free     0x08011080       0x10 /Applications/STM32CubeIDE.app/Contents/Eclipse/plugins/com.st.stm32cube.ide.mcu.externaltools.gnu-tools-for-stm32.13.3.rel1.macos64_1.0.100.202509120712/tools/bin/../lib/gcc/arm-none-eabi/13.3.1/../../../../arm-none-eabi/lib/thumb/v7e-m+fp/hard/libc_nano.a(libc_a-malloc.o)
                0x08011080                free
 .text.sbrk_aligned
                0x08011090       0x44 /Applications/STM32CubeIDE.app/Contents/Eclipse/plugins/com.st.stm32cube.ide.mcu.externaltools.gnu-tools-for-stm32.13.3.rel1.macos64_1.0.100.202509120712/tools/bin/../lib/gcc/arm-none-eabi/13.3.1/../../../../arm-none-eabi/lib/thumb/v7e-m+fp/hard/libc_nano.a(libc_a-mallocr.o)
 .text._malloc_r
                0x080110d4      0x100 /Applications/STM32CubeIDE.app/Contents/Eclipse/plugins/com.st.stm32cube.ide.mcu.externaltools.gnu-tools-for-stm32.13.3.rel1.macos64_1.0.100.202509120712/tools/bin/../lib/gcc/arm-none-eabi/13.3.1/../../../../arm-none-eabi/lib/thumb/v7e-m+fp/hard/libc_nano.a(libc_a-mallocr.o)
                0x080110d4                _malloc_r
 .text._printf_common
                0x080111d4       0xda /Applications/STM32CubeIDE.app/Contents/Eclipse/plugins/com.st.stm32cube.ide.mcu.externaltools.gnu-tools-for-stm32.13.3.rel1.macos64_1.0.100.202509120712/tools/bin/../lib/gcc/arm-none-eabi/13.3.1/../../../../arm-none-eabi/lib/thumb/v7e-m+fp/hard/libc_nano.a(libc_a-nano-vfprintf_i.o)
                0x080111d4                _printf_common
 *fill*         0x080112ae        0x2 
 .text._printf_i
                0x080112b0      0x23c /Applications/STM32CubeIDE.app/Contents/Eclipse/plugins/com.st.stm32cube.ide.mcu.externaltools.gnu-tools-for-stm32.13.3.rel1.macos64_1.0.100.202509120712/tools/bin/../lib/gcc/arm-none-eabi/13.3.1/../../../../arm-none-eabi/lib/thumb/v7e-m+fp/hard/libc_nano.a(libc_a-nano-vfprintf_i.o)
                0x080112b0                _printf_i
 .text._scanf_float
                0x080114ec      0x41c /Applications/STM32CubeIDE.app/Contents/Eclipse/plugins/com.st.stm32cube.ide.mcu.externaltools.gnu-tools-for-stm32.13.3.rel1.macos64_1.0.100.202509120712/tools/bin/../lib/gcc/arm-none-eabi/13.3.1/../../../../arm-none-eabi/lib/thumb/v7e-m+fp/hard/libc_nano.a(libc_a-nano-vfscanf_float.o)
                0x080114ec                _scanf_float
 .text.snprintf
                0x08011908       0x6c /Applications/STM32CubeIDE.app/Contents/Eclipse/plugins/com.st.stm32cube.ide.mcu.externaltools.gnu-tools-for-stm32.13.3.rel1.macos64_1.0.100.202509120712/tools/bin/../lib/gcc/arm-none-eabi/13.3.1/../../../../arm-none-eabi/lib/thumb/v7e-m+fp/hard/libc_nano.a(libc_a-snprintf.o)
                0x08011908                snprintf
                0x08011908                sniprintf
 .text.__malloc_lock
                0x08011974        0xc /Applications/STM32CubeIDE.app/Contents/Eclipse/plugins/com.st.stm32cube.ide.mcu.externaltools.gnu-tools-for-stm32.13.3.rel1.macos64_1.0.100.202509120712/tools/bin/../lib/gcc/arm-none-eabi/13.3.1/../../../../arm-none-eabi/lib/thumb/v7e-m+fp/hard/libc_nano.a(libc_a-mlock.o)
                0x08011974                __malloc_lock
 .text.__malloc_unlock
                0x08011980        0xc /Applications/STM32CubeIDE.app/Contents/Eclipse/plugins/com.st.stm32cube.ide.mcu.externaltools.gnu-tools-for-stm32.13.3.rel1.macos64_1.0.100.202509120712/tools/bin/../lib/gcc/arm-none-eabi/13.3.1/../../../../arm-none-eabi/lib/thumb/v7e-m+fp/hard/libc_nano.a(libc_a-mlock.o)
                0x08011980                __malloc_unlock
 .text.sprintf  0x0801198c       0x44 /Applications/STM32CubeIDE.app/Contents/Eclipse/plugins/com.st.stm32cube.ide.mcu.externaltools.gnu-tools-for-stm32.13.3.rel1.macos64_1.0.100.202509120712/tools/bin/../lib/gcc/arm-none-eabi/13.3.1/../../../../arm-none-eabi/lib/thumb/v7e-m+fp/hard/libc_nano.a(libc_a-sprintf.o)
                0x0801198c                sprintf
                0x0801198c                siprintf
 .text.sscanf   0x080119d0       0x58 /Applications/STM32CubeIDE.app/Contents/Eclipse/plugins/com.st.stm32cube.ide.mcu.externaltools.gnu-tools-for-stm32.13.3.rel1.macos64_1.0.100.202509120712/tools/bin/../lib/gcc/arm-none-eabi/13.3.1/../../../../arm-none-eabi/lib/thumb/v7e-m+fp/hard/libc_nano.a(libc_a-sscanf.o)
                0x080119d0                sscanf
                0x080119d0                siscanf
 .text.__sread  0x08011a28       0x22 /Applications/STM32CubeIDE.app/Contents/Eclipse/plugins/com.st.stm32cube.ide.mcu.externaltools.gnu-tools-for-stm32.13.3.rel1.macos64_1.0.100.202509120712/tools/bin/../lib/gcc/arm-none-eabi/13.3.1/../../../../arm-none-eabi/lib/thumb/v7e-m+fp/hard/libc_nano.a(libc_a-stdio.o)
                0x08011a28                __sread
 .text.__seofread
                0x08011a4a        0x4 /Applications/STM32CubeIDE.app/Contents/Eclipse/plugins/com.st.stm32cube.ide.mcu.externaltools.gnu-tools-for-stm32.13.3.rel1.macos64_1.0.100.202509120712/tools/bin/../lib/gcc/arm-none-eabi/13.3.1/../../../../arm-none-eabi/lib/thumb/v7e-m+fp/hard/libc_nano.a(libc_a-stdio.o)
                0x08011a4a                __seofread
 .text.__swrite
                0x08011a4e       0x38 /Applications/STM32CubeIDE.app/Contents/Eclipse/plugins/com.st.stm32cube.ide.mcu.externaltools.gnu-tools-for-stm32.13.3.rel1.macos64_1.0.100.202509120712/tools/bin/../lib/gcc/arm-none-eabi/13.3.1/../../../../arm-none-eabi/lib/thumb/v7e-m+fp/hard/libc_nano.a(libc_a-stdio.o)
                0x08011a4e                __swrite
 .text.__sseek  0x08011a86       0x24 /Applications/STM32CubeIDE.app/Contents/Eclipse/plugins/com.st.stm32cube.ide.mcu.externaltools.gnu-tools-for-stm32.13.3.rel1.macos64_1.0.100.202509120712/tools/bin/../lib/gcc/arm-none-eabi/13.3.1/../../../../arm-none-eabi/lib/thumb/v7e-m+fp/hard/libc_nano.a(libc_a-stdio.o)
                0x08011a86                __sseek
 .text.__sclose
                0x08011aaa        0x8 /Applications/STM32CubeIDE.app/Contents/Eclipse/plugins/com.st.stm32cube.ide.mcu.externaltools.gnu-tools-for-stm32.13.3.rel1.macos64_1.0.100.202509120712/tools/bin/../lib/gcc/arm-none-eabi/13.3.1/../../../../arm-none-eabi/lib/thumb/v7e-m+fp/hard/libc_nano.a(libc_a-stdio.o)
                0x08011aaa                __sclose
 *fill*         0x08011ab2        0x2 
 .text.std      0x08011ab4       0x6c /Applications/STM32CubeIDE.app/Contents/Eclipse/plugins/com.st.stm32cube.ide.mcu.externaltools.gnu-tools-for-stm32.13.3.rel1.macos64_1.0.100.202509120712/tools/bin/../lib/gcc/arm-none-eabi/13.3.1/../../../../arm-none-eabi/lib/thumb/v7e-m+fp/hard/libc_nano.a(libc_a-findfp.o)
 .text.stdio_exit_handler
                0x08011b20       0x18 /Applications/STM32CubeIDE.app/Contents/Eclipse/plugins/com.st.stm32cube.ide.mcu.externaltools.gnu-tools-for-stm32.13.3.rel1.macos64_1.0.100.202509120712/tools/bin/../lib/gcc/arm-none-eabi/13.3.1/../../../../arm-none-eabi/lib/thumb/v7e-m+fp/hard/libc_nano.a(libc_a-findfp.o)
 .text.cleanup_stdio
                0x08011b38       0x40 /Applications/STM32CubeIDE.app/Contents/Eclipse/plugins/com.st.stm32cube.ide.mcu.externaltools.gnu-tools-for-stm32.13.3.rel1.macos64_1.0.100.202509120712/tools/bin/../lib/gcc/arm-none-eabi/13.3.1/../../../../arm-none-eabi/lib/thumb/v7e-m+fp/hard/libc_nano.a(libc_a-findfp.o)
 .text.global_stdio_init.part.0
                0x08011b78       0x3c /Applications/STM32CubeIDE.app/Contents/Eclipse/plugins/com.st.stm32cube.ide.mcu.externaltools.gnu-tools-for-stm32.13.3.rel1.macos64_1.0.100.202509120712/tools/bin/../lib/gcc/arm-none-eabi/13.3.1/../../../../arm-none-eabi/lib/thumb/v7e-m+fp/hard/libc_nano.a(libc_a-findfp.o)
 .text.__sfp_lock_acquire
                0x08011bb4        0xc /Applications/STM32CubeIDE.app/Contents/Eclipse/plugins/com.st.stm32cube.ide.mcu.externaltools.gnu-tools-for-stm32.13.3.rel1.macos64_1.0.100.202509120712/tools/bin/../lib/gcc/arm-none-eabi/13.3.1/../../../../arm-none-eabi/lib/thumb/v7e-m+fp/hard/libc_nano.a(libc_a-findfp.o)
                0x08011bb4                __sfp_lock_acquire
 .text.__sfp_lock_release
                0x08011bc0        0xc /Applications/STM32CubeIDE.app/Contents/Eclipse/plugins/com.st.stm32cube.ide.mcu.externaltools.gnu-tools-for-stm32.13.3.rel1.macos64_1.0.100.202509120712/tools/bin/../lib/gcc/arm-none-eabi/13.3.1/../../../../arm-none-eabi/lib/thumb/v7e-m+fp/hard/libc_nano.a(libc_a-findfp.o)
                0x08011bc0                __sfp_lock_release
 .text.__sinit  0x08011bcc       0x30 /Applications/STM32CubeIDE.app/Contents/Eclipse/plugins/com.st.stm32cube.ide.mcu.externaltools.gnu-tools-for-stm32.13.3.rel1.macos64_1.0.100.202509120712/tools/bin/../lib/gcc/arm-none-eabi/13.3.1/../../../../arm-none-eabi/lib/thumb/v7e-m+fp/hard/libc_nano.a(libc_a-findfp.o)
                0x08011bcc                __sinit
 .text.sulp     0x08011bfc       0x3c /Applications/STM32CubeIDE.app/Contents/Eclipse/plugins/com.st.stm32cube.ide.mcu.externaltools.gnu-tools-for-stm32.13.3.rel1.macos64_1.0.100.202509120712/tools/bin/../lib/gcc/arm-none-eabi/13.3.1/../../../../arm-none-eabi/lib/thumb/v7e-m+fp/hard/libc_nano.a(libc_a-strtod.o)
 .text._strtod_l
                0x08011c38      0xbc8 /Applications/STM32CubeIDE.app/Contents/Eclipse/plugins/com.st.stm32cube.ide.mcu.externaltools.gnu-tools-for-stm32.13.3.rel1.macos64_1.0.100.202509120712/tools/bin/../lib/gcc/arm-none-eabi/13.3.1/../../../../arm-none-eabi/lib/thumb/v7e-m+fp/hard/libc_nano.a(libc_a-strtod.o)
                0x08011c38                _strtod_l
 .text._strtod_r
                0x08012800        0xc /Applications/STM32CubeIDE.app/Contents/Eclipse/plugins/com.st.stm32cube.ide.mcu.externaltools.gnu-tools-for-stm32.13.3.rel1.macos64_1.0.100.202509120712/tools/bin/../lib/gcc/arm-none-eabi/13.3.1/../../../../arm-none-eabi/lib/thumb/v7e-m+fp/hard/libc_nano.a(libc_a-strtod.o)
                0x08012800                _strtod_r
 .text._strtol_l.isra.0
                0x0801280c       0xf4 /Applications/STM32CubeIDE.app/Contents/Eclipse/plugins/com.st.stm32cube.ide.mcu.externaltools.gnu-tools-for-stm32.13.3.rel1.macos64_1.0.100.202509120712/tools/bin/../lib/gcc/arm-none-eabi/13.3.1/../../../../arm-none-eabi/lib/thumb/v7e-m+fp/hard/libc_nano.a(libc_a-strtol.o)
 .text._strtol_r
                0x08012900        0x4 /Applications/STM32CubeIDE.app/Contents/Eclipse/plugins/com.st.stm32cube.ide.mcu.externaltools.gnu-tools-for-stm32.13.3.rel1.macos64_1.0.100.202509120712/tools/bin/../lib/gcc/arm-none-eabi/13.3.1/../../../../arm-none-eabi/lib/thumb/v7e-m+fp/hard/libc_nano.a(libc_a-strtol.o)
                0x08012900                _strtol_r
 .text._fwalk_sglue
                0x08012904       0x3c /Applications/STM32CubeIDE.app/Contents/Eclipse/plugins/com.st.stm32cube.ide.mcu.externaltools.gnu-tools-for-stm32.13.3.rel1.macos64_1.0.100.202509120712/tools/bin/../lib/gcc/arm-none-eabi/13.3.1/../../../../arm-none-eabi/lib/thumb/v7e-m+fp/hard/libc_nano.a(libc_a-fwalk.o)
                0x08012904                _fwalk_sglue
 .text.memset   0x08012940       0x10 /Applications/STM32CubeIDE.app/Contents/Eclipse/plugins/com.st.stm32cube.ide.mcu.externaltools.gnu-tools-for-stm32.13.3.rel1.macos64_1.0.100.202509120712/tools/bin/../lib/gcc/arm-none-eabi/13.3.1/../../../../arm-none-eabi/lib/thumb/v7e-m+fp/hard/libc_nano.a(libc_a-memset.o)
                0x08012940                memset
 .text.strncmp  0x08012950       0x24 /Applications/STM32CubeIDE.app/Contents/Eclipse/plugins/com.st.stm32cube.ide.mcu.externaltools.gnu-tools-for-stm32.13.3.rel1.macos64_1.0.100.202509120712/tools/bin/../lib/gcc/arm-none-eabi/13.3.1/../../../../arm-none-eabi/lib/thumb/v7e-m+fp/hard/libc_nano.a(libc_a-strncmp.o)
                0x08012950                strncmp
 .text._lseek_r
                0x08012974       0x24 /Applications/STM32CubeIDE.app/Contents/Eclipse/plugins/com.st.stm32cube.ide.mcu.externaltools.gnu-tools-for-stm32.13.3.rel1.macos64_1.0.100.202509120712/tools/bin/../lib/gcc/arm-none-eabi/13.3.1/../../../../arm-none-eabi/lib/thumb/v7e-m+fp/hard/libc_nano.a(libc_a-lseekr.o)
                0x08012974                _lseek_r
 .text._read_r  0x08012998       0x24 /Applications/STM32CubeIDE.app/Contents/Eclipse/plugins/com.st.stm32cube.ide.mcu.externaltools.gnu-tools-for-stm32.13.3.rel1.macos64_1.0.100.202509120712/tools/bin/../lib/gcc/arm-none-eabi/13.3.1/../../../../arm-none-eabi/lib/thumb/v7e-m+fp/hard/libc_nano.a(libc_a-readr.o)
                0x08012998                _read_r
 .text._sbrk_r  0x080129bc       0x20 /Applications/STM32CubeIDE.app/Contents/Eclipse/plugins/com.st.stm32cube.ide.mcu.externaltools.gnu-tools-for-stm32.13.3.rel1.macos64_1.0.100.202509120712/tools/bin/../lib/gcc/arm-none-eabi/13.3.1/../../../../arm-none-eabi/lib/thumb/v7e-m+fp/hard/libc_nano.a(libc_a-sbrkr.o)
                0x080129bc                _sbrk_r
 .text._write_r
                0x080129dc       0x24 /Applications/STM32CubeIDE.app/Contents/Eclipse/plugins/com.st.stm32cube.ide.mcu.externaltools.gnu-tools-for-stm32.13.3.rel1.macos64_1.0.100.202509120712/tools/bin/../lib/gcc/arm-none-eabi/13.3.1/../../../../arm-none-eabi/lib/thumb/v7e-m+fp/hard/libc_nano.a(libc_a-writer.o)
                0x080129dc                _write_r
 .text.__errno  0x08012a00        0xc /Applications/STM32CubeIDE.app/Contents/Eclipse/plugins/com.st.stm32cube.ide.mcu.externaltools.gnu-tools-for-stm32.13.3.rel1.macos64_1.0.100.202509120712/tools/bin/../lib/gcc/arm-none-eabi/13.3.1/../../../../arm-none-eabi/lib/thumb/v7e-m+fp/hard/libc_nano.a(libc_a-errno.o)
                0x08012a00                __errno
 .text.__libc_init_array
                0x08012a0c       0x48 /Applications/STM32CubeIDE.app/Contents/Eclipse/plugins/com.st.stm32cube.ide.mcu.externaltools.gnu-tools-for-stm32.13.3.rel1.macos64_1.0.100.202509120712/tools/bin/../lib/gcc/arm-none-eabi/13.3.1/../../../../arm-none-eabi/lib/thumb/v7e-m+fp/hard/libc_nano.a(libc_a-init.o)