../Core/Src/freertos.c:117:13:left_forward	16	static
../Core/Src/freertos.c:124:13:right_forward	16	static
../Core/Src/freertos.c:131:13:left_backward	16	static
../Core/Src/freertos.c:138:13:right_backward	16	static
../Core/Src/freertos.c:145:13:stop_all	4	static
../Core/Src/freertos.c:151:13:turn_right	16	static
../Core/Src/freertos.c:157:13:turn_left	16	static
../Core/Src/freertos.c:163:13:go_straight	16	static
../Core/Src/freertos.c:168:6:Task_Motor	40	static
../Core/Src/freertos.c:221:6:Task_Ultrasonic	16	static
../Core/Src/freertos.c:230:6:Task_Display	88	static
../Core/Src/freertos.c:255:6:Task_BT_RX	72	static
../Core/Src/freertos.c:315:6:Task_BT_TX	136	static
../Core/Src/freertos.c:347:6:MX_FREERTOS_Init	8	static
../Core/Src/freertos.c:410:6:StartDefaultTask	16	static
../Core/Src/freertos.c:432:6:StartTask03	16	static
../Core/Src/freertos.c:450:6:StartTask04	16	static
