../Core/Src/freertos.c:110:13:left_forward	16	static
../Core/Src/freertos.c:117:13:right_forward	16	static
../Core/Src/freertos.c:124:13:left_backward	16	static
../Core/Src/freertos.c:131:13:right_backward	16	static
../Core/Src/freertos.c:138:13:stop_all	4	static
../Core/Src/freertos.c:144:13:turn_right	16	static
../Core/Src/freertos.c:150:13:turn_left	16	static
../Core/Src/freertos.c:156:13:go_straight	16	static
../Core/Src/freertos.c:161:6:Task_Motor	40	static
../Core/Src/freertos.c:214:6:Task_Ultrasonic	16	static
../Core/Src/freertos.c:224:6:Task_Display	88	static
../Core/Src/freertos.c:249:6:Task_Bluetooth	184	static
../Core/Src/freertos.c:317:6:MX_FREERTOS_Init	8	static
../Core/Src/freertos.c:380:6:StartDefaultTask	16	static
../Core/Src/freertos.c:402:6:StartTask03	16	static
../Core/Src/freertos.c:420:6:StartTask04	16	static
