../Core/Src/main.c:105:6:delay_us	24	static
../Core/Src/main.c:114:6:HCSR04_Start	24	static
../Core/Src/main.c:134:6:HAL_TIM_IC_CaptureCallback	32	static
../Core/Src/main.c:172:6:HCSR04_Update	8	static
../Core/Src/main.c:200:7:HCSR04_GetDistance	16	static
../Core/Src/main.c:211:5:main	144	static
../Core/Src/main.c:287:6:HAL_UART_RxCpltCallback	24	static
../Core/Src/main.c:310:6:Servo_SetAngle	24	static
../Core/Src/main.c:323:6:SystemClock_Config	88	static
../Core/Src/main.c:369:13:MX_I2C1_Init	8	static
../Core/Src/main.c:403:13:MX_I2S3_Init	8	static
../Core/Src/main.c:437:13:MX_TIM2_Init	32	static
../Core/Src/main.c:493:13:MX_TIM3_Init	48	static
../Core/Src/main.c:542:13:MX_USART1_UART_Init	8	static
../Core/Src/main.c:575:13:MX_GPIO_Init	56	static
../Core/Src/main.c:698:6:Error_Handler	4	static,ignoring_inline_asm
