../Core/Src/main.c:97:6:delay_us	24	static
../Core/Src/main.c:106:6:HCSR04_Start	24	static
../Core/Src/main.c:126:6:HAL_TIM_IC_CaptureCallback	32	static
../Core/Src/main.c:164:6:HCSR04_Update	8	static
../Core/Src/main.c:192:7:HCSR04_GetDistance	16	static
../Core/Src/main.c:203:5:main	144	static
../Core/Src/main.c:279:6:SystemClock_Config	88	static
../Core/Src/main.c:325:13:MX_I2C1_Init	8	static
../Core/Src/main.c:359:13:MX_I2S3_Init	8	static
../Core/Src/main.c:393:13:MX_TIM2_Init	32	static
../Core/Src/main.c:449:13:MX_USART1_UART_Init	8	static
../Core/Src/main.c:482:13:MX_GPIO_Init	56	static
../Core/Src/main.c:605:6:Error_Handler	4	static,ignoring_inline_asm
